Java HotSpot(TM) 64-Bit Server VM (25.131-b11) for windows-amd64 JRE (1.8.0_131-b11), built on Mar 15 2017 01:23:53 by "java_re" with MS VC++ 10.0 (VS2010)
Memory: 4k page, physical 8281888k(2860008k free), swap 12214048k(4432940k free)
CommandLine flags: -XX:CMSInitiatingOccupancyFraction=70 -XX:+CMSScavengeBeforeRemark -XX:GCLogFileSize=1048576 -XX:+HeapDumpOnOutOfMemoryError -XX:HeapDumpPath=./dumps/ -XX:InitialHeapSize=536870912 -XX:+ManagementServer -XX:MaxHeapSize=536870912 -XX:MaxMetaspaceSize=268435456 -XX:NewRatio=3 -XX:NumberOfGCLogFiles=10 -XX:+PrintGC -XX:+PrintGCDateStamps -XX:+PrintGCDetails -XX:+PrintGCTimeStamps -XX:+ScavengeBeforeFullGC -XX:+UseCMSInitiatingOccupancyOnly -XX:+UseCompressedClassPointers -XX:+UseCompressedOops -XX:+UseG1GC -XX:+UseGCLogFileRotation -XX:-UseLargePagesIndividualAllocation 
2018-06-14T22:52:33.644+0300: 1.094: [GC pause (G1 Evacuation Pause) (young), 0.0882244 secs]
   [Parallel Time: 87.2 ms, GC Workers: 4]
      [GC Worker Start (ms): Min: 1094.0, Avg: 1094.0, Max: 1094.1, Diff: 0.0]
      [Ext Root Scanning (ms): Min: 0.6, Avg: 0.9, Max: 1.3, Diff: 0.7, Sum: 3.6]
      [Update RS (ms): Min: 3.8, Avg: 4.2, Max: 4.5, Diff: 0.7, Sum: 16.9]
         [Processed Buffers: Min: 3, Avg: 3.0, Max: 3, Diff: 0, Sum: 12]
      [Scan RS (ms): Min: 3.6, Avg: 3.7, Max: 3.7, Diff: 0.0, Sum: 14.7]
      [Code Root Scanning (ms): Min: 0.0, Avg: 0.1, Max: 0.2, Diff: 0.2, Sum: 0.3]
      [Object Copy (ms): Min: 78.1, Avg: 78.3, Max: 78.6, Diff: 0.5, Sum: 313.1]
      [Termination (ms): Min: 0.0, Avg: 0.0, Max: 0.0, Diff: 0.0, Sum: 0.0]
         [Termination Attempts: Min: 1, Avg: 1.0, Max: 1, Diff: 0, Sum: 4]
      [GC Worker Other (ms): Min: 0.0, Avg: 0.1, Max: 0.1, Diff: 0.0, Sum: 0.2]
      [GC Worker Total (ms): Min: 87.2, Avg: 87.2, Max: 87.2, Diff: 0.0, Sum: 348.8]
      [GC Worker End (ms): Min: 1181.2, Avg: 1181.2, Max: 1181.2, Diff: 0.0]
   [Code Root Fixup: 0.1 ms]
   [Code Root Purge: 0.0 ms]
   [Clear CT: 0.1 ms]
   [Other: 0.8 ms]
      [Choose CSet: 0.0 ms]
      [Ref Proc: 0.4 ms]
      [Ref Enq: 0.0 ms]
      [Redirty Cards: 0.0 ms]
      [Humongous Register: 0.0 ms]
      [Humongous Reclaim: 0.0 ms]
      [Free CSet: 0.2 ms]
   [Eden: 128.0M(128.0M)->0.0B(112.0M) Survivors: 0.0B->16.0M Heap: 154.7M(512.0M)->108.0M(512.0M)]
 [Times: user=0.28 sys=0.03, real=0.09 secs] 
2018-06-14T22:52:33.836+0300: 1.281: [GC pause (G1 Evacuation Pause) (young), 0.1024349 secs]
   [Parallel Time: 101.7 ms, GC Workers: 4]
      [GC Worker Start (ms): Min: 1281.0, Avg: 1281.0, Max: 1281.0, Diff: 0.0]
      [Ext Root Scanning (ms): Min: 0.2, Avg: 0.4, Max: 0.9, Diff: 0.7, Sum: 1.4]
      [Update RS (ms): Min: 1.3, Avg: 2.1, Max: 2.7, Diff: 1.4, Sum: 8.3]
         [Processed Buffers: Min: 1, Avg: 2.0, Max: 3, Diff: 2, Sum: 8]
      [Scan RS (ms): Min: 5.5, Avg: 6.0, Max: 6.6, Diff: 1.0, Sum: 24.0]
      [Code Root Scanning (ms): Min: 0.0, Avg: 0.1, Max: 0.3, Diff: 0.3, Sum: 0.3]
      [Object Copy (ms): Min: 93.0, Avg: 93.1, Max: 93.2, Diff: 0.3, Sum: 372.4]
      [Termination (ms): Min: 0.0, Avg: 0.0, Max: 0.0, Diff: 0.0, Sum: 0.0]
         [Termination Attempts: Min: 1, Avg: 2.3, Max: 5, Diff: 4, Sum: 9]
      [GC Worker Other (ms): Min: 0.0, Avg: 0.0, Max: 0.1, Diff: 0.1, Sum: 0.2]
      [GC Worker Total (ms): Min: 101.6, Avg: 101.6, Max: 101.7, Diff: 0.1, Sum: 406.6]
      [GC Worker End (ms): Min: 1382.6, Avg: 1382.6, Max: 1382.7, Diff: 0.1]
   [Code Root Fixup: 0.1 ms]
   [Code Root Purge: 0.0 ms]
   [Clear CT: 0.1 ms]
   [Other: 0.5 ms]
      [Choose CSet: 0.0 ms]
      [Ref Proc: 0.2 ms]
      [Ref Enq: 0.0 ms]
      [Redirty Cards: 0.0 ms]
      [Humongous Register: 0.0 ms]
      [Humongous Reclaim: 0.0 ms]
      [Free CSet: 0.2 ms]
   [Eden: 112.0M(112.0M)->0.0B(112.0M) Survivors: 16.0M->16.0M Heap: 220.0M(512.0M)->192.2M(512.0M)]
 [Times: user=0.31 sys=0.05, real=0.10 secs] 
2018-06-14T22:52:34.055+0300: 1.499: [GC pause (G1 Evacuation Pause) (young), 0.1079739 secs]
   [Parallel Time: 107.4 ms, GC Workers: 4]
      [GC Worker Start (ms): Min: 1498.8, Avg: 1499.2, Max: 1500.3, Diff: 1.5]
      [Ext Root Scanning (ms): Min: 0.0, Avg: 0.2, Max: 0.3, Diff: 0.3, Sum: 0.8]
      [Update RS (ms): Min: 1.8, Avg: 2.5, Max: 3.0, Diff: 1.2, Sum: 10.1]
         [Processed Buffers: Min: 2, Avg: 2.5, Max: 3, Diff: 1, Sum: 10]
      [Scan RS (ms): Min: 5.3, Avg: 5.6, Max: 5.9, Diff: 0.5, Sum: 22.3]
      [Code Root Scanning (ms): Min: 0.0, Avg: 0.0, Max: 0.0, Diff: 0.0, Sum: 0.0]
      [Object Copy (ms): Min: 98.6, Avg: 98.6, Max: 98.7, Diff: 0.1, Sum: 394.6]
      [Termination (ms): Min: 0.0, Avg: 0.0, Max: 0.0, Diff: 0.0, Sum: 0.0]
         [Termination Attempts: Min: 1, Avg: 3.3, Max: 6, Diff: 5, Sum: 13]
      [GC Worker Other (ms): Min: 0.0, Avg: 0.0, Max: 0.0, Diff: 0.0, Sum: 0.1]
      [GC Worker Total (ms): Min: 105.8, Avg: 107.0, Max: 107.3, Diff: 1.5, Sum: 427.9]
      [GC Worker End (ms): Min: 1606.1, Avg: 1606.1, Max: 1606.1, Diff: 0.0]
   [Code Root Fixup: 0.0 ms]
   [Code Root Purge: 0.0 ms]
   [Clear CT: 0.1 ms]
   [Other: 0.5 ms]
      [Choose CSet: 0.0 ms]
      [Ref Proc: 0.1 ms]
      [Ref Enq: 0.0 ms]
      [Redirty Cards: 0.0 ms]
      [Humongous Register: 0.0 ms]
      [Humongous Reclaim: 0.0 ms]
      [Free CSet: 0.2 ms]
   [Eden: 112.0M(112.0M)->0.0B(112.0M) Survivors: 16.0M->16.0M Heap: 304.2M(512.0M)->276.7M(512.0M)]
 [Times: user=0.38 sys=0.00, real=0.10 secs] 
2018-06-14T22:52:34.279+0300: 1.727: [GC pause (G1 Evacuation Pause) (young) (initial-mark), 0.1112750 secs]
   [Parallel Time: 110.7 ms, GC Workers: 4]
      [GC Worker Start (ms): Min: 1727.5, Avg: 1727.7, Max: 1727.9, Diff: 0.3]
      [Ext Root Scanning (ms): Min: 0.0, Avg: 2.1, Max: 4.8, Diff: 4.8, Sum: 8.3]
      [Update RS (ms): Min: 0.0, Avg: 3.0, Max: 5.1, Diff: 5.1, Sum: 12.1]
         [Processed Buffers: Min: 0, Avg: 2.8, Max: 5, Diff: 5, Sum: 11]
      [Scan RS (ms): Min: 5.0, Avg: 5.4, Max: 5.9, Diff: 0.9, Sum: 21.7]
      [Code Root Scanning (ms): Min: 0.0, Avg: 0.0, Max: 0.0, Diff: 0.0, Sum: 0.0]
      [Object Copy (ms): Min: 99.9, Avg: 100.0, Max: 100.0, Diff: 0.1, Sum: 399.8]
      [Termination (ms): Min: 0.0, Avg: 0.0, Max: 0.0, Diff: 0.0, Sum: 0.0]
         [Termination Attempts: Min: 1, Avg: 3.3, Max: 4, Diff: 3, Sum: 13]
      [GC Worker Other (ms): Min: 0.0, Avg: 0.0, Max: 0.0, Diff: 0.0, Sum: 0.1]
      [GC Worker Total (ms): Min: 110.3, Avg: 110.5, Max: 110.7, Diff: 0.4, Sum: 442.0]
      [GC Worker End (ms): Min: 1838.2, Avg: 1838.2, Max: 1838.2, Diff: 0.0]
   [Code Root Fixup: 0.0 ms]
   [Code Root Purge: 0.0 ms]
   [Clear CT: 0.1 ms]
   [Other: 0.5 ms]
      [Choose CSet: 0.0 ms]
      [Ref Proc: 0.1 ms]
      [Ref Enq: 0.0 ms]
      [Redirty Cards: 0.0 ms]
      [Humongous Register: 0.0 ms]
      [Humongous Reclaim: 0.0 ms]
      [Free CSet: 0.2 ms]
   [Eden: 112.0M(112.0M)->0.0B(112.0M) Survivors: 16.0M->16.0M Heap: 388.7M(512.0M)->361.2M(512.0M)]
 [Times: user=0.36 sys=0.03, real=0.11 secs] 
2018-06-14T22:52:34.389+0300: 1.839: [GC concurrent-root-region-scan-start]
2018-06-14T22:52:34.409+0300: 1.855: [GC concurrent-root-region-scan-end, 0.0155998 secs]
2018-06-14T22:52:34.409+0300: 1.855: [GC concurrent-mark-start]
2018-06-14T22:52:34.720+0300: 2.164: [GC pause (G1 Evacuation Pause) (young) (to-space exhausted), 1.5016661 secs]
   [Parallel Time: 1430.6 ms, GC Workers: 4]
      [GC Worker Start (ms): Min: 2164.2, Avg: 2164.2, Max: 2164.2, Diff: 0.0]
      [Ext Root Scanning (ms): Min: 0.2, Avg: 0.2, Max: 0.2, Diff: 0.0, Sum: 0.7]
      [Update RS (ms): Min: 2.7, Avg: 3.1, Max: 3.9, Diff: 1.2, Sum: 12.4]
         [Processed Buffers: Min: 2, Avg: 2.8, Max: 3, Diff: 1, Sum: 11]
      [Scan RS (ms): Min: 4.8, Avg: 5.6, Max: 6.1, Diff: 1.3, Sum: 22.4]
      [Code Root Scanning (ms): Min: 0.0, Avg: 0.0, Max: 0.0, Diff: 0.0, Sum: 0.0]
      [Object Copy (ms): Min: 1421.5, Avg: 1421.6, Max: 1421.8, Diff: 0.3, Sum: 5686.6]
      [Termination (ms): Min: 0.0, Avg: 0.0, Max: 0.0, Diff: 0.0, Sum: 0.0]
         [Termination Attempts: Min: 1, Avg: 2.8, Max: 4, Diff: 3, Sum: 11]
      [GC Worker Other (ms): Min: 0.0, Avg: 0.0, Max: 0.0, Diff: 0.0, Sum: 0.0]
      [GC Worker Total (ms): Min: 1430.5, Avg: 1430.6, Max: 1430.6, Diff: 0.0, Sum: 5722.2]
      [GC Worker End (ms): Min: 3594.8, Avg: 3594.8, Max: 3594.8, Diff: 0.0]
   [Code Root Fixup: 0.0 ms]
   [Code Root Purge: 0.0 ms]
   [Clear CT: 0.1 ms]
   [Other: 71.0 ms]
      [Evacuation Failure: 70.7 ms]
      [Choose CSet: 0.0 ms]
      [Ref Proc: 0.1 ms]
      [Ref Enq: 0.0 ms]
      [Redirty Cards: 0.0 ms]
      [Humongous Register: 0.0 ms]
      [Humongous Reclaim: 0.0 ms]
      [Free CSet: 0.1 ms]
   [Eden: 112.0M(112.0M)->0.0B(112.0M) Survivors: 16.0M->16.0M Heap: 473.2M(512.0M)->476.7M(512.0M)]
 [Times: user=1.67 sys=0.78, real=1.50 secs] 
2018-06-14T22:52:36.265+0300: 3.711: [GC pause (G1 Evacuation Pause) (young) (to-space exhausted), 1.0340109 secs]
   [Parallel Time: 997.4 ms, GC Workers: 4]
      [GC Worker Start (ms): Min: 3710.9, Avg: 3710.9, Max: 3710.9, Diff: 0.0]
      [Ext Root Scanning (ms): Min: 0.2, Avg: 0.2, Max: 0.2, Diff: 0.0, Sum: 0.9]
      [Update RS (ms): Min: 4.1, Avg: 4.2, Max: 4.7, Diff: 0.6, Sum: 16.9]
         [Processed Buffers: Min: 3, Avg: 3.5, Max: 4, Diff: 1, Sum: 14]
      [Scan RS (ms): Min: 0.5, Avg: 0.9, Max: 1.1, Diff: 0.6, Sum: 3.6]
      [Code Root Scanning (ms): Min: 0.0, Avg: 0.0, Max: 0.0, Diff: 0.0, Sum: 0.0]
      [Object Copy (ms): Min: 991.9, Avg: 992.0, Max: 992.0, Diff: 0.1, Sum: 3967.8]
      [Termination (ms): Min: 0.0, Avg: 0.0, Max: 0.0, Diff: 0.0, Sum: 0.1]
         [Termination Attempts: Min: 1, Avg: 1.0, Max: 1, Diff: 0, Sum: 4]
      [GC Worker Other (ms): Min: 0.0, Avg: 0.0, Max: 0.0, Diff: 0.0, Sum: 0.1]
      [GC Worker Total (ms): Min: 997.3, Avg: 997.3, Max: 997.3, Diff: 0.0, Sum: 3989.3]
      [GC Worker End (ms): Min: 4708.2, Avg: 4708.3, Max: 4708.3, Diff: 0.0]
   [Code Root Fixup: 0.0 ms]
   [Code Root Purge: 0.0 ms]
   [Clear CT: 0.0 ms]
   [Other: 36.6 ms]
      [Evacuation Failure: 36.3 ms]
      [Choose CSet: 0.0 ms]
      [Ref Proc: 0.1 ms]
      [Ref Enq: 0.0 ms]
      [Redirty Cards: 0.1 ms]
      [Humongous Register: 0.0 ms]
      [Humongous Reclaim: 0.0 ms]
      [Free CSet: 0.0 ms]
   [Eden: 35.0M(112.0M)->0.0B(128.0M) Survivors: 16.0M->0.0B Heap: 511.7M(512.0M)->511.7M(512.0M)]
 [Times: user=0.98 sys=0.38, real=1.02 secs] 
2018-06-14T22:52:37.303+0300: 4.750: [GC pause (G1 Evacuation Pause) (young), 0.0006588 secs]
   [Parallel Time: 0.4 ms, GC Workers: 4]
      [GC Worker Start (ms): Min: 4749.8, Avg: 4749.9, Max: 4750.1, Diff: 0.3]
      [Ext Root Scanning (ms): Min: 0.0, Avg: 0.2, Max: 0.2, Diff: 0.2, Sum: 0.7]
      [Update RS (ms): Min: 0.0, Avg: 0.0, Max: 0.1, Diff: 0.1, Sum: 0.1]
         [Processed Buffers: Min: 0, Avg: 2.8, Max: 4, Diff: 4, Sum: 11]
      [Scan RS (ms): Min: 0.0, Avg: 0.0, Max: 0.0, Diff: 0.0, Sum: 0.0]
      [Code Root Scanning (ms): Min: 0.0, Avg: 0.0, Max: 0.0, Diff: 0.0, Sum: 0.0]
      [Object Copy (ms): Min: 0.0, Avg: 0.0, Max: 0.0, Diff: 0.0, Sum: 0.0]
      [Termination (ms): Min: 0.0, Avg: 0.0, Max: 0.1, Diff: 0.1, Sum: 0.1]
         [Termination Attempts: Min: 1, Avg: 1.0, Max: 1, Diff: 0, Sum: 4]
      [GC Worker Other (ms): Min: 0.0, Avg: 0.0, Max: 0.0, Diff: 0.0, Sum: 0.1]
      [GC Worker Total (ms): Min: 0.0, Avg: 0.3, Max: 0.3, Diff: 0.3, Sum: 1.0]
      [GC Worker End (ms): Min: 4750.1, Avg: 4750.1, Max: 4750.1, Diff: 0.0]
   [Code Root Fixup: 0.0 ms]
   [Code Root Purge: 0.0 ms]
   [Clear CT: 0.0 ms]
   [Other: 0.2 ms]
      [Choose CSet: 0.0 ms]
      [Ref Proc: 0.1 ms]
      [Ref Enq: 0.0 ms]
      [Redirty Cards: 0.0 ms]
      [Humongous Register: 0.0 ms]
      [Humongous Reclaim: 0.0 ms]
      [Free CSet: 0.0 ms]
   [Eden: 0.0B(128.0M)->0.0B(128.0M) Survivors: 0.0B->0.0B Heap: 511.7M(512.0M)->511.7M(512.0M)]
 [Times: user=0.00 sys=0.00, real=0.00 secs] 
2018-06-14T22:52:37.303+0300: 4.751: [Full GC (Allocation Failure)  511M->465M(512M), 1.1773421 secs]
   [Eden: 0.0B(128.0M)->0.0B(128.0M) Survivors: 0.0B->0.0B Heap: 511.7M(512.0M)->465.9M(512.0M)], [Metaspace: 8326K->8304K(1056768K)]
 [Times: user=1.64 sys=0.00, real=1.18 secs] 
2018-06-14T22:52:38.484+0300: 5.928: [GC concurrent-mark-abort]
2018-06-14T22:52:38.506+0300: 5.955: [GC pause (G1 Evacuation Pause) (young) (to-space exhausted), 0.9501402 secs]
   [Parallel Time: 905.6 ms, GC Workers: 4]
      [GC Worker Start (ms): Min: 5954.8, Avg: 5954.8, Max: 5954.8, Diff: 0.0]
      [Ext Root Scanning (ms): Min: 0.2, Avg: 0.2, Max: 0.2, Diff: 0.0, Sum: 0.9]
      [Update RS (ms): Min: 4.3, Avg: 5.1, Max: 5.5, Diff: 1.2, Sum: 20.5]
         [Processed Buffers: Min: 4, Avg: 4.3, Max: 5, Diff: 1, Sum: 17]
      [Scan RS (ms): Min: 0.0, Avg: 0.0, Max: 0.0, Diff: 0.0, Sum: 0.0]
      [Code Root Scanning (ms): Min: 0.0, Avg: 0.0, Max: 0.0, Diff: 0.0, Sum: 0.0]
      [Object Copy (ms): Min: 899.8, Avg: 900.2, Max: 901.0, Diff: 1.2, Sum: 3600.6]
      [Termination (ms): Min: 0.0, Avg: 0.0, Max: 0.0, Diff: 0.0, Sum: 0.0]
         [Termination Attempts: Min: 1, Avg: 1.0, Max: 1, Diff: 0, Sum: 4]
      [GC Worker Other (ms): Min: 0.0, Avg: 0.0, Max: 0.0, Diff: 0.0, Sum: 0.0]
      [GC Worker Total (ms): Min: 905.5, Avg: 905.5, Max: 905.5, Diff: 0.0, Sum: 3622.1]
      [GC Worker End (ms): Min: 6860.3, Avg: 6860.3, Max: 6860.3, Diff: 0.0]
   [Code Root Fixup: 0.0 ms]
   [Code Root Purge: 0.0 ms]
   [Clear CT: 0.0 ms]
   [Other: 44.5 ms]
      [Evacuation Failure: 44.2 ms]
      [Choose CSet: 0.0 ms]
      [Ref Proc: 0.1 ms]
      [Ref Enq: 0.0 ms]
      [Redirty Cards: 0.0 ms]
      [Humongous Register: 0.0 ms]
      [Humongous Reclaim: 0.0 ms]
      [Free CSet: 0.0 ms]
   [Eden: 45.0M(128.0M)->0.0B(128.0M) Survivors: 0.0B->0.0B Heap: 510.9M(512.0M)->510.9M(512.0M)]
 [Times: user=1.00 sys=0.41, real=0.95 secs] 
2018-06-14T22:52:39.452+0300: 6.907: [GC pause (G1 Evacuation Pause) (young) (initial-mark), 0.0013739 secs]
   [Parallel Time: 1.1 ms, GC Workers: 4]
      [GC Worker Start (ms): Min: 6907.2, Avg: 6907.2, Max: 6907.2, Diff: 0.0]
      [Ext Root Scanning (ms): Min: 0.3, Avg: 0.3, Max: 0.3, Diff: 0.0, Sum: 1.2]
      [Update RS (ms): Min: 0.7, Avg: 0.7, Max: 0.8, Diff: 0.1, Sum: 2.9]
         [Processed Buffers: Min: 1, Avg: 6.3, Max: 20, Diff: 19, Sum: 25]
      [Scan RS (ms): Min: 0.0, Avg: 0.0, Max: 0.0, Diff: 0.0, Sum: 0.0]
      [Code Root Scanning (ms): Min: 0.0, Avg: 0.0, Max: 0.0, Diff: 0.0, Sum: 0.0]
      [Object Copy (ms): Min: 0.0, Avg: 0.0, Max: 0.0, Diff: 0.0, Sum: 0.1]
      [Termination (ms): Min: 0.0, Avg: 0.0, Max: 0.1, Diff: 0.1, Sum: 0.2]
         [Termination Attempts: Min: 1, Avg: 1.0, Max: 1, Diff: 0, Sum: 4]
      [GC Worker Other (ms): Min: 0.0, Avg: 0.0, Max: 0.0, Diff: 0.0, Sum: 0.0]
      [GC Worker Total (ms): Min: 1.1, Avg: 1.1, Max: 1.1, Diff: 0.0, Sum: 4.4]
      [GC Worker End (ms): Min: 6908.3, Avg: 6908.3, Max: 6908.3, Diff: 0.0]
   [Code Root Fixup: 0.0 ms]
   [Code Root Purge: 0.0 ms]
   [Clear CT: 0.0 ms]
   [Other: 0.2 ms]
      [Choose CSet: 0.0 ms]
      [Ref Proc: 0.0 ms]
      [Ref Enq: 0.0 ms]
      [Redirty Cards: 0.0 ms]
      [Humongous Register: 0.0 ms]
      [Humongous Reclaim: 0.0 ms]
      [Free CSet: 0.0 ms]
   [Eden: 0.0B(128.0M)->0.0B(128.0M) Survivors: 0.0B->0.0B Heap: 510.9M(512.0M)->510.9M(512.0M)]
 [Times: user=0.00 sys=0.00, real=0.00 secs] 
2018-06-14T22:52:39.452+0300: 6.909: [GC concurrent-root-region-scan-start]
2018-06-14T22:52:39.452+0300: 6.909: [GC concurrent-root-region-scan-end, 0.0000102 secs]
2018-06-14T22:52:39.452+0300: 6.909: [GC concurrent-mark-start]
2018-06-14T22:52:39.452+0300: 6.909: [Full GC (Allocation Failure)  510M->499M(512M), 1.4460408 secs]
   [Eden: 0.0B(128.0M)->0.0B(128.0M) Survivors: 0.0B->0.0B Heap: 510.9M(512.0M)->499.3M(512.0M)], [Metaspace: 8304K->8304K(1056768K)]
 [Times: user=1.86 sys=0.06, real=1.45 secs] 
2018-06-14T22:52:40.905+0300: 8.355: [GC concurrent-mark-abort]
2018-06-14T22:52:40.915+0300: 8.364: [GC pause (G1 Evacuation Pause) (young) (to-space exhausted), 0.1930930 secs]
   [Parallel Time: 180.4 ms, GC Workers: 4]
      [GC Worker Start (ms): Min: 8364.2, Avg: 8364.2, Max: 8364.3, Diff: 0.0]
      [Ext Root Scanning (ms): Min: 0.2, Avg: 0.2, Max: 0.2, Diff: 0.0, Sum: 0.8]
      [Update RS (ms): Min: 0.1, Avg: 1.2, Max: 2.1, Diff: 2.0, Sum: 4.8]
         [Processed Buffers: Min: 1, Avg: 1.3, Max: 2, Diff: 1, Sum: 5]
      [Scan RS (ms): Min: 0.0, Avg: 0.0, Max: 0.0, Diff: 0.0, Sum: 0.0]
      [Code Root Scanning (ms): Min: 0.0, Avg: 0.0, Max: 0.0, Diff: 0.0, Sum: 0.0]
      [Object Copy (ms): Min: 178.0, Avg: 178.9, Max: 179.9, Diff: 2.0, Sum: 715.5]
      [Termination (ms): Min: 0.0, Avg: 0.0, Max: 0.0, Diff: 0.0, Sum: 0.0]
         [Termination Attempts: Min: 1, Avg: 1.0, Max: 1, Diff: 0, Sum: 4]
      [GC Worker Other (ms): Min: 0.0, Avg: 0.0, Max: 0.0, Diff: 0.0, Sum: 0.0]
      [GC Worker Total (ms): Min: 180.3, Avg: 180.3, Max: 180.3, Diff: 0.0, Sum: 721.2]
      [GC Worker End (ms): Min: 8544.5, Avg: 8544.5, Max: 8544.5, Diff: 0.0]
   [Code Root Fixup: 0.0 ms]
   [Code Root Purge: 0.1 ms]
   [Clear CT: 0.0 ms]
   [Other: 12.6 ms]
      [Evacuation Failure: 12.4 ms]
      [Choose CSet: 0.0 ms]
      [Ref Proc: 0.1 ms]
      [Ref Enq: 0.0 ms]
      [Redirty Cards: 0.1 ms]
      [Humongous Register: 0.0 ms]
      [Humongous Reclaim: 0.0 ms]
      [Free CSet: 0.0 ms]
   [Eden: 12.0M(128.0M)->0.0B(128.0M) Survivors: 0.0B->0.0B Heap: 511.3M(512.0M)->511.3M(512.0M)]
 [Times: user=0.19 sys=0.06, real=0.20 secs] 
2018-06-14T22:52:41.111+0300: 8.558: [GC pause (G1 Evacuation Pause) (young) (initial-mark), 0.0014729 secs]
   [Parallel Time: 1.2 ms, GC Workers: 4]
      [GC Worker Start (ms): Min: 8557.6, Avg: 8557.6, Max: 8557.6, Diff: 0.0]
      [Ext Root Scanning (ms): Min: 0.3, Avg: 0.3, Max: 0.3, Diff: 0.0, Sum: 1.2]
      [Update RS (ms): Min: 0.8, Avg: 0.8, Max: 0.8, Diff: 0.0, Sum: 3.3]
         [Processed Buffers: Min: 1, Avg: 3.3, Max: 5, Diff: 4, Sum: 13]
      [Scan RS (ms): Min: 0.0, Avg: 0.0, Max: 0.0, Diff: 0.0, Sum: 0.0]
      [Code Root Scanning (ms): Min: 0.0, Avg: 0.0, Max: 0.0, Diff: 0.0, Sum: 0.0]
      [Object Copy (ms): Min: 0.0, Avg: 0.0, Max: 0.0, Diff: 0.0, Sum: 0.1]
      [Termination (ms): Min: 0.0, Avg: 0.0, Max: 0.0, Diff: 0.0, Sum: 0.1]
         [Termination Attempts: Min: 1, Avg: 1.0, Max: 1, Diff: 0, Sum: 4]
      [GC Worker Other (ms): Min: 0.0, Avg: 0.0, Max: 0.0, Diff: 0.0, Sum: 0.0]
      [GC Worker Total (ms): Min: 1.1, Avg: 1.2, Max: 1.2, Diff: 0.0, Sum: 4.6]
      [GC Worker End (ms): Min: 8558.8, Avg: 8558.8, Max: 8558.8, Diff: 0.0]
   [Code Root Fixup: 0.0 ms]
   [Code Root Purge: 0.0 ms]
   [Clear CT: 0.0 ms]
   [Other: 0.2 ms]
      [Choose CSet: 0.0 ms]
      [Ref Proc: 0.1 ms]
      [Ref Enq: 0.0 ms]
      [Redirty Cards: 0.0 ms]
      [Humongous Register: 0.0 ms]
      [Humongous Reclaim: 0.0 ms]
      [Free CSet: 0.0 ms]
   [Eden: 0.0B(128.0M)->0.0B(128.0M) Survivors: 0.0B->0.0B Heap: 511.3M(512.0M)->511.3M(512.0M)]
 [Times: user=0.00 sys=0.00, real=0.00 secs] 
2018-06-14T22:52:41.111+0300: 8.559: [GC concurrent-root-region-scan-start]
2018-06-14T22:52:41.111+0300: 8.559: [GC concurrent-root-region-scan-end, 0.0000102 secs]
2018-06-14T22:52:41.111+0300: 8.559: [GC concurrent-mark-start]
2018-06-14T22:52:41.111+0300: 8.559: [Full GC (Allocation Failure)  511M->503M(512M), 1.4925214 secs]
   [Eden: 0.0B(128.0M)->0.0B(128.0M) Survivors: 0.0B->0.0B Heap: 511.3M(512.0M)->503.7M(512.0M)], [Metaspace: 8309K->8309K(1056768K)]
 [Times: user=1.94 sys=0.05, real=1.50 secs] 
2018-06-14T22:52:42.608+0300: 10.052: [GC concurrent-mark-abort]
2018-06-14T22:52:42.610+0300: 10.059: [GC pause (G1 Evacuation Pause) (young) (to-space exhausted), 0.1086681 secs]
   [Parallel Time: 100.4 ms, GC Workers: 4]
      [GC Worker Start (ms): Min: 10059.0, Avg: 10059.2, Max: 10060.0, Diff: 1.0]
      [Ext Root Scanning (ms): Min: 0.0, Avg: 0.2, Max: 0.3, Diff: 0.3, Sum: 0.8]
      [Update RS (ms): Min: 0.0, Avg: 0.8, Max: 2.0, Diff: 2.0, Sum: 3.2]
         [Processed Buffers: Min: 0, Avg: 1.0, Max: 2, Diff: 2, Sum: 4]
      [Scan RS (ms): Min: 0.0, Avg: 0.0, Max: 0.0, Diff: 0.0, Sum: 0.0]
      [Code Root Scanning (ms): Min: 0.0, Avg: 0.0, Max: 0.0, Diff: 0.0, Sum: 0.0]
      [Object Copy (ms): Min: 98.1, Avg: 99.1, Max: 100.0, Diff: 2.0, Sum: 396.3]
      [Termination (ms): Min: 0.0, Avg: 0.0, Max: 0.0, Diff: 0.0, Sum: 0.0]
         [Termination Attempts: Min: 1, Avg: 1.5, Max: 3, Diff: 2, Sum: 6]
      [GC Worker Other (ms): Min: 0.0, Avg: 0.0, Max: 0.0, Diff: 0.0, Sum: 0.0]
      [GC Worker Total (ms): Min: 99.4, Avg: 100.1, Max: 100.3, Diff: 1.0, Sum: 400.3]
      [GC Worker End (ms): Min: 10159.3, Avg: 10159.3, Max: 10159.3, Diff: 0.0]
   [Code Root Fixup: 0.0 ms]
   [Code Root Purge: 0.0 ms]
   [Clear CT: 0.0 ms]
   [Other: 8.3 ms]
      [Evacuation Failure: 8.0 ms]
      [Choose CSet: 0.0 ms]
      [Ref Proc: 0.1 ms]
      [Ref Enq: 0.0 ms]
      [Redirty Cards: 0.1 ms]
      [Humongous Register: 0.0 ms]
      [Humongous Reclaim: 0.0 ms]
      [Free CSet: 0.0 ms]
   [Eden: 8192.0K(128.0M)->0.0B(128.0M) Survivors: 0.0B->0.0B Heap: 511.7M(512.0M)->511.7M(512.0M)]
 [Times: user=0.11 sys=0.03, real=0.10 secs] 
2018-06-14T22:52:42.712+0300: 10.168: [GC pause (G1 Evacuation Pause) (young) (initial-mark), 0.0011422 secs]
   [Parallel Time: 0.8 ms, GC Workers: 4]
      [GC Worker Start (ms): Min: 10168.0, Avg: 10168.1, Max: 10168.2, Diff: 0.2]
      [Ext Root Scanning (ms): Min: 0.2, Avg: 0.3, Max: 0.4, Diff: 0.2, Sum: 1.3]
      [Update RS (ms): Min: 0.4, Avg: 0.4, Max: 0.4, Diff: 0.0, Sum: 1.6]
         [Processed Buffers: Min: 1, Avg: 1.8, Max: 2, Diff: 1, Sum: 7]
      [Scan RS (ms): Min: 0.0, Avg: 0.0, Max: 0.0, Diff: 0.0, Sum: 0.0]
      [Code Root Scanning (ms): Min: 0.0, Avg: 0.0, Max: 0.0, Diff: 0.0, Sum: 0.0]
      [Object Copy (ms): Min: 0.0, Avg: 0.0, Max: 0.0, Diff: 0.0, Sum: 0.1]
      [Termination (ms): Min: 0.0, Avg: 0.0, Max: 0.0, Diff: 0.0, Sum: 0.0]
         [Termination Attempts: Min: 1, Avg: 1.0, Max: 1, Diff: 0, Sum: 4]
      [GC Worker Other (ms): Min: 0.0, Avg: 0.0, Max: 0.0, Diff: 0.0, Sum: 0.0]
      [GC Worker Total (ms): Min: 0.6, Avg: 0.7, Max: 0.8, Diff: 0.2, Sum: 3.0]
      [GC Worker End (ms): Min: 10168.8, Avg: 10168.8, Max: 10168.8, Diff: 0.0]
   [Code Root Fixup: 0.0 ms]
   [Code Root Purge: 0.0 ms]
   [Clear CT: 0.0 ms]
   [Other: 0.3 ms]
      [Choose CSet: 0.0 ms]
      [Ref Proc: 0.1 ms]
      [Ref Enq: 0.0 ms]
      [Redirty Cards: 0.1 ms]
      [Humongous Register: 0.0 ms]
      [Humongous Reclaim: 0.0 ms]
      [Free CSet: 0.0 ms]
   [Eden: 0.0B(128.0M)->0.0B(128.0M) Survivors: 0.0B->0.0B Heap: 511.7M(512.0M)->511.7M(512.0M)]
 [Times: user=0.00 sys=0.00, real=0.00 secs] 
2018-06-14T22:52:42.712+0300: 10.169: [GC concurrent-root-region-scan-start]
2018-06-14T22:52:42.712+0300: 10.169: [GC concurrent-root-region-scan-end, 0.0000107 secs]
2018-06-14T22:52:42.712+0300: 10.169: [GC concurrent-mark-start]
2018-06-14T22:52:42.712+0300: 10.169: [Full GC (Allocation Failure)  511M->503M(512M), 1.4465268 secs]
   [Eden: 0.0B(128.0M)->0.0B(128.0M) Survivors: 0.0B->0.0B Heap: 511.7M(512.0M)->503.7M(512.0M)], [Metaspace: 8309K->8309K(1056768K)]
 [Times: user=1.95 sys=0.03, real=1.46 secs] 
2018-06-14T22:52:44.172+0300: 11.616: [GC concurrent-mark-abort]
2018-06-14T22:52:44.174+0300: 11.621: [GC pause (G1 Evacuation Pause) (young) (to-space exhausted), 0.1044547 secs]
   [Parallel Time: 96.5 ms, GC Workers: 4]
      [GC Worker Start (ms): Min: 11621.6, Avg: 11621.9, Max: 11622.8, Diff: 1.3]
      [Ext Root Scanning (ms): Min: 0.0, Avg: 0.2, Max: 0.2, Diff: 0.2, Sum: 0.7]
      [Update RS (ms): Min: 0.0, Avg: 0.7, Max: 1.7, Diff: 1.7, Sum: 2.7]
         [Processed Buffers: Min: 0, Avg: 0.5, Max: 1, Diff: 1, Sum: 2]
      [Scan RS (ms): Min: 0.0, Avg: 0.0, Max: 0.0, Diff: 0.0, Sum: 0.0]
      [Code Root Scanning (ms): Min: 0.0, Avg: 0.0, Max: 0.0, Diff: 0.0, Sum: 0.0]
      [Object Copy (ms): Min: 94.5, Avg: 95.3, Max: 96.2, Diff: 1.7, Sum: 381.3]
      [Termination (ms): Min: 0.0, Avg: 0.0, Max: 0.0, Diff: 0.0, Sum: 0.0]
         [Termination Attempts: Min: 1, Avg: 1.0, Max: 1, Diff: 0, Sum: 4]
      [GC Worker Other (ms): Min: 0.0, Avg: 0.0, Max: 0.0, Diff: 0.0, Sum: 0.0]
      [GC Worker Total (ms): Min: 95.2, Avg: 96.2, Max: 96.5, Diff: 1.3, Sum: 384.8]
      [GC Worker End (ms): Min: 11718.1, Avg: 11718.1, Max: 11718.1, Diff: 0.0]
   [Code Root Fixup: 0.0 ms]
   [Code Root Purge: 0.0 ms]
   [Clear CT: 0.0 ms]
   [Other: 7.9 ms]
      [Evacuation Failure: 7.6 ms]
      [Choose CSet: 0.0 ms]
      [Ref Proc: 0.1 ms]
      [Ref Enq: 0.0 ms]
      [Redirty Cards: 0.1 ms]
      [Humongous Register: 0.0 ms]
      [Humongous Reclaim: 0.0 ms]
      [Free CSet: 0.0 ms]
   [Eden: 8192.0K(128.0M)->0.0B(128.0M) Survivors: 0.0B->0.0B Heap: 511.7M(512.0M)->511.7M(512.0M)]
 [Times: user=0.09 sys=0.05, real=0.10 secs] 
2018-06-14T22:52:44.270+0300: 11.726: [GC pause (G1 Evacuation Pause) (young) (initial-mark), 0.0010458 secs]
   [Parallel Time: 0.8 ms, GC Workers: 4]
      [GC Worker Start (ms): Min: 11726.4, Avg: 11726.4, Max: 11726.4, Diff: 0.1]
      [Ext Root Scanning (ms): Min: 0.3, Avg: 0.3, Max: 0.3, Diff: 0.1, Sum: 1.3]
      [Update RS (ms): Min: 0.4, Avg: 0.4, Max: 0.4, Diff: 0.0, Sum: 1.6]
         [Processed Buffers: Min: 2, Avg: 2.8, Max: 4, Diff: 2, Sum: 11]
      [Scan RS (ms): Min: 0.0, Avg: 0.0, Max: 0.0, Diff: 0.0, Sum: 0.0]
      [Code Root Scanning (ms): Min: 0.0, Avg: 0.0, Max: 0.0, Diff: 0.0, Sum: 0.0]
      [Object Copy (ms): Min: 0.0, Avg: 0.0, Max: 0.0, Diff: 0.0, Sum: 0.1]
      [Termination (ms): Min: 0.0, Avg: 0.0, Max: 0.0, Diff: 0.0, Sum: 0.0]
         [Termination Attempts: Min: 1, Avg: 1.0, Max: 1, Diff: 0, Sum: 4]
      [GC Worker Other (ms): Min: 0.0, Avg: 0.0, Max: 0.0, Diff: 0.0, Sum: 0.0]
      [GC Worker Total (ms): Min: 0.7, Avg: 0.8, Max: 0.8, Diff: 0.1, Sum: 3.0]
      [GC Worker End (ms): Min: 11727.1, Avg: 11727.1, Max: 11727.1, Diff: 0.0]
   [Code Root Fixup: 0.0 ms]
   [Code Root Purge: 0.0 ms]
   [Clear CT: 0.0 ms]
   [Other: 0.2 ms]
      [Choose CSet: 0.0 ms]
      [Ref Proc: 0.1 ms]
      [Ref Enq: 0.0 ms]
      [Redirty Cards: 0.0 ms]
      [Humongous Register: 0.0 ms]
      [Humongous Reclaim: 0.0 ms]
      [Free CSet: 0.0 ms]
   [Eden: 0.0B(128.0M)->0.0B(128.0M) Survivors: 0.0B->0.0B Heap: 511.7M(512.0M)->511.7M(512.0M)]
 [Times: user=0.00 sys=0.00, real=0.00 secs] 
2018-06-14T22:52:44.270+0300: 11.728: [GC concurrent-root-region-scan-start]
2018-06-14T22:52:44.270+0300: 11.728: [GC concurrent-root-region-scan-end, 0.0000115 secs]
2018-06-14T22:52:44.270+0300: 11.728: [GC concurrent-mark-start]
2018-06-14T22:52:44.593+0300: 12.048: [Full GC (Allocation Failure)  511M->503M(512M), 1.5094771 secs]
   [Eden: 0.0B(128.0M)->0.0B(128.0M) Survivors: 0.0B->0.0B Heap: 511.7M(512.0M)->503.7M(512.0M)], [Metaspace: 8309K->8309K(1056768K)]
 [Times: user=1.83 sys=0.11, real=1.52 secs] 
2018-06-14T22:52:46.109+0300: 13.557: [GC concurrent-mark-abort]
2018-06-14T22:52:46.119+0300: 13.564: [GC pause (G1 Evacuation Pause) (young) (to-space exhausted), 0.1570781 secs]
   [Parallel Time: 149.2 ms, GC Workers: 4]
      [GC Worker Start (ms): Min: 13563.9, Avg: 13564.0, Max: 13564.1, Diff: 0.1]
      [Ext Root Scanning (ms): Min: 0.2, Avg: 0.2, Max: 0.2, Diff: 0.0, Sum: 0.8]
      [Update RS (ms): Min: 0.0, Avg: 0.8, Max: 1.4, Diff: 1.4, Sum: 3.2]
         [Processed Buffers: Min: 0, Avg: 1.0, Max: 2, Diff: 2, Sum: 4]
      [Scan RS (ms): Min: 0.0, Avg: 0.0, Max: 0.0, Diff: 0.0, Sum: 0.0]
      [Code Root Scanning (ms): Min: 0.0, Avg: 0.0, Max: 0.0, Diff: 0.0, Sum: 0.0]
      [Object Copy (ms): Min: 147.6, Avg: 148.1, Max: 148.8, Diff: 1.2, Sum: 592.4]
      [Termination (ms): Min: 0.0, Avg: 0.0, Max: 0.0, Diff: 0.0, Sum: 0.0]
         [Termination Attempts: Min: 1, Avg: 1.0, Max: 1, Diff: 0, Sum: 4]
      [GC Worker Other (ms): Min: 0.0, Avg: 0.0, Max: 0.0, Diff: 0.0, Sum: 0.0]
      [GC Worker Total (ms): Min: 149.0, Avg: 149.1, Max: 149.2, Diff: 0.2, Sum: 596.6]
      [GC Worker End (ms): Min: 13713.1, Avg: 13713.1, Max: 13713.1, Diff: 0.0]
   [Code Root Fixup: 0.0 ms]
   [Code Root Purge: 0.0 ms]
   [Clear CT: 0.0 ms]
   [Other: 7.8 ms]
      [Evacuation Failure: 7.6 ms]
      [Choose CSet: 0.0 ms]
      [Ref Proc: 0.1 ms]
      [Ref Enq: 0.0 ms]
      [Redirty Cards: 0.0 ms]
      [Humongous Register: 0.0 ms]
      [Humongous Reclaim: 0.0 ms]
      [Free CSet: 0.0 ms]
   [Eden: 8192.0K(128.0M)->0.0B(128.0M) Survivors: 0.0B->0.0B Heap: 511.7M(512.0M)->511.7M(512.0M)]
 [Times: user=0.06 sys=0.17, real=0.15 secs] 
2018-06-14T22:52:46.268+0300: 13.721: [GC pause (G1 Evacuation Pause) (young) (initial-mark), 0.0015134 secs]
   [Parallel Time: 1.2 ms, GC Workers: 4]
      [GC Worker Start (ms): Min: 13721.3, Avg: 13721.3, Max: 13721.3, Diff: 0.0]
      [Ext Root Scanning (ms): Min: 0.3, Avg: 0.4, Max: 0.4, Diff: 0.0, Sum: 1.5]
      [Update RS (ms): Min: 0.6, Avg: 0.7, Max: 0.8, Diff: 0.2, Sum: 2.9]
         [Processed Buffers: Min: 1, Avg: 3.0, Max: 5, Diff: 4, Sum: 12]
      [Scan RS (ms): Min: 0.0, Avg: 0.0, Max: 0.0, Diff: 0.0, Sum: 0.0]
      [Code Root Scanning (ms): Min: 0.0, Avg: 0.0, Max: 0.0, Diff: 0.0, Sum: 0.0]
      [Object Copy (ms): Min: 0.0, Avg: 0.0, Max: 0.0, Diff: 0.0, Sum: 0.1]
      [Termination (ms): Min: 0.0, Avg: 0.1, Max: 0.2, Diff: 0.2, Sum: 0.3]
         [Termination Attempts: Min: 1, Avg: 1.0, Max: 1, Diff: 0, Sum: 4]
      [GC Worker Other (ms): Min: 0.0, Avg: 0.0, Max: 0.0, Diff: 0.0, Sum: 0.0]
      [GC Worker Total (ms): Min: 1.2, Avg: 1.2, Max: 1.2, Diff: 0.0, Sum: 4.7]
      [GC Worker End (ms): Min: 13722.5, Avg: 13722.5, Max: 13722.5, Diff: 0.0]
   [Code Root Fixup: 0.0 ms]
   [Code Root Purge: 0.0 ms]
   [Clear CT: 0.0 ms]
   [Other: 0.2 ms]
      [Choose CSet: 0.0 ms]
      [Ref Proc: 0.1 ms]
      [Ref Enq: 0.0 ms]
      [Redirty Cards: 0.0 ms]
      [Humongous Register: 0.0 ms]
      [Humongous Reclaim: 0.0 ms]
      [Free CSet: 0.0 ms]
   [Eden: 0.0B(128.0M)->0.0B(128.0M) Survivors: 0.0B->0.0B Heap: 511.7M(512.0M)->511.7M(512.0M)]
 [Times: user=0.00 sys=0.00, real=0.00 secs] 
2018-06-14T22:52:46.268+0300: 13.723: [GC concurrent-root-region-scan-start]
2018-06-14T22:52:46.268+0300: 13.723: [GC concurrent-root-region-scan-end, 0.0000188 secs]
2018-06-14T22:52:46.268+0300: 13.723: [GC concurrent-mark-start]
2018-06-14T22:52:46.600+0300: 14.058: [Full GC (Allocation Failure)  511M->503M(512M), 1.6300487 secs]
   [Eden: 0.0B(128.0M)->0.0B(128.0M) Survivors: 0.0B->0.0B Heap: 511.7M(512.0M)->503.7M(512.0M)], [Metaspace: 8310K->8310K(1056768K)]
 [Times: user=2.08 sys=0.03, real=1.64 secs] 
2018-06-14T22:52:48.244+0300: 15.688: [GC concurrent-mark-abort]
2018-06-14T22:52:48.244+0300: 15.693: [GC pause (G1 Evacuation Pause) (young) (to-space exhausted), 0.1696242 secs]
   [Parallel Time: 160.2 ms, GC Workers: 4]
      [GC Worker Start (ms): Min: 15692.6, Avg: 15692.7, Max: 15692.8, Diff: 0.2]
      [Ext Root Scanning (ms): Min: 0.2, Avg: 0.3, Max: 0.4, Diff: 0.2, Sum: 1.2]
      [Update RS (ms): Min: 0.0, Avg: 0.9, Max: 1.5, Diff: 1.5, Sum: 3.6]
         [Processed Buffers: Min: 1, Avg: 1.3, Max: 2, Diff: 1, Sum: 5]
      [Scan RS (ms): Min: 0.0, Avg: 0.0, Max: 0.0, Diff: 0.0, Sum: 0.0]
      [Code Root Scanning (ms): Min: 0.0, Avg: 0.0, Max: 0.0, Diff: 0.0, Sum: 0.0]
      [Object Copy (ms): Min: 158.3, Avg: 158.9, Max: 159.5, Diff: 1.1, Sum: 635.5]
      [Termination (ms): Min: 0.0, Avg: 0.0, Max: 0.0, Diff: 0.0, Sum: 0.1]
         [Termination Attempts: Min: 1, Avg: 1.0, Max: 1, Diff: 0, Sum: 4]
      [GC Worker Other (ms): Min: 0.0, Avg: 0.0, Max: 0.0, Diff: 0.0, Sum: 0.1]
      [GC Worker Total (ms): Min: 160.0, Avg: 160.1, Max: 160.2, Diff: 0.2, Sum: 640.5]
      [GC Worker End (ms): Min: 15852.8, Avg: 15852.8, Max: 15852.8, Diff: 0.0]
   [Code Root Fixup: 0.0 ms]
   [Code Root Purge: 0.0 ms]
   [Clear CT: 0.0 ms]
   [Other: 9.4 ms]
      [Evacuation Failure: 9.1 ms]
      [Choose CSet: 0.0 ms]
      [Ref Proc: 0.1 ms]
      [Ref Enq: 0.0 ms]
      [Redirty Cards: 0.0 ms]
      [Humongous Register: 0.0 ms]
      [Humongous Reclaim: 0.0 ms]
      [Free CSet: 0.0 ms]
   [Eden: 8192.0K(128.0M)->0.0B(128.0M) Survivors: 0.0B->0.0B Heap: 511.7M(512.0M)->511.7M(512.0M)]
 [Times: user=0.17 sys=0.05, real=0.16 secs] 
2018-06-14T22:52:48.409+0300: 15.863: [GC pause (G1 Evacuation Pause) (young) (initial-mark), 0.0012723 secs]
   [Parallel Time: 1.1 ms, GC Workers: 4]
      [GC Worker Start (ms): Min: 15862.6, Avg: 15862.7, Max: 15862.7, Diff: 0.0]
      [Ext Root Scanning (ms): Min: 0.3, Avg: 0.3, Max: 0.3, Diff: 0.0, Sum: 1.3]
      [Update RS (ms): Min: 0.7, Avg: 0.7, Max: 0.7, Diff: 0.0, Sum: 2.7]
         [Processed Buffers: Min: 2, Avg: 2.8, Max: 5, Diff: 3, Sum: 11]
      [Scan RS (ms): Min: 0.0, Avg: 0.0, Max: 0.0, Diff: 0.0, Sum: 0.0]
      [Code Root Scanning (ms): Min: 0.0, Avg: 0.0, Max: 0.0, Diff: 0.0, Sum: 0.0]
      [Object Copy (ms): Min: 0.0, Avg: 0.0, Max: 0.0, Diff: 0.0, Sum: 0.1]
      [Termination (ms): Min: 0.0, Avg: 0.0, Max: 0.0, Diff: 0.0, Sum: 0.0]
         [Termination Attempts: Min: 1, Avg: 1.0, Max: 1, Diff: 0, Sum: 4]
      [GC Worker Other (ms): Min: 0.0, Avg: 0.0, Max: 0.0, Diff: 0.0, Sum: 0.0]
      [GC Worker Total (ms): Min: 1.0, Avg: 1.0, Max: 1.1, Diff: 0.0, Sum: 4.2]
      [GC Worker End (ms): Min: 15863.7, Avg: 15863.7, Max: 15863.7, Diff: 0.0]
   [Code Root Fixup: 0.0 ms]
   [Code Root Purge: 0.0 ms]
   [Clear CT: 0.0 ms]
   [Other: 0.2 ms]
      [Choose CSet: 0.0 ms]
      [Ref Proc: 0.1 ms]
      [Ref Enq: 0.0 ms]
      [Redirty Cards: 0.0 ms]
      [Humongous Register: 0.0 ms]
      [Humongous Reclaim: 0.0 ms]
      [Free CSet: 0.0 ms]
   [Eden: 0.0B(128.0M)->0.0B(128.0M) Survivors: 0.0B->0.0B Heap: 511.7M(512.0M)->511.7M(512.0M)]
 [Times: user=0.00 sys=0.00, real=0.00 secs] 
2018-06-14T22:52:48.409+0300: 15.864: [GC concurrent-root-region-scan-start]
2018-06-14T22:52:48.409+0300: 15.864: [GC concurrent-root-region-scan-end, 0.0000094 secs]
2018-06-14T22:52:48.409+0300: 15.864: [GC concurrent-mark-start]
2018-06-14T22:52:48.726+0300: 16.170: [Full GC (Allocation Failure)  511M->503M(512M), 1.4528598 secs]
   [Eden: 0.0B(128.0M)->0.0B(128.0M) Survivors: 0.0B->0.0B Heap: 511.7M(512.0M)->503.7M(512.0M)], [Metaspace: 8310K->8310K(1056768K)]
 [Times: user=1.94 sys=0.03, real=1.45 secs] 
2018-06-14T22:52:50.178+0300: 17.623: [GC concurrent-mark-abort]
2018-06-14T22:52:50.186+0300: 17.630: [GC pause (G1 Evacuation Pause) (young) (to-space exhausted), 0.1786622 secs]
   [Parallel Time: 170.8 ms, GC Workers: 4]
      [GC Worker Start (ms): Min: 17629.8, Avg: 17629.8, Max: 17629.8, Diff: 0.0]
      [Ext Root Scanning (ms): Min: 0.2, Avg: 0.2, Max: 0.2, Diff: 0.0, Sum: 0.9]
      [Update RS (ms): Min: 0.0, Avg: 0.8, Max: 1.2, Diff: 1.2, Sum: 3.3]
         [Processed Buffers: Min: 0, Avg: 0.8, Max: 1, Diff: 1, Sum: 3]
      [Scan RS (ms): Min: 0.0, Avg: 0.0, Max: 0.0, Diff: 0.0, Sum: 0.0]
      [Code Root Scanning (ms): Min: 0.0, Avg: 0.0, Max: 0.0, Diff: 0.0, Sum: 0.0]
      [Object Copy (ms): Min: 169.3, Avg: 169.7, Max: 170.5, Diff: 1.2, Sum: 678.8]
      [Termination (ms): Min: 0.0, Avg: 0.0, Max: 0.0, Diff: 0.0, Sum: 0.0]
         [Termination Attempts: Min: 1, Avg: 1.0, Max: 1, Diff: 0, Sum: 4]
      [GC Worker Other (ms): Min: 0.0, Avg: 0.0, Max: 0.0, Diff: 0.0, Sum: 0.0]
      [GC Worker Total (ms): Min: 170.7, Avg: 170.8, Max: 170.8, Diff: 0.0, Sum: 683.0]
      [GC Worker End (ms): Min: 17800.6, Avg: 17800.6, Max: 17800.6, Diff: 0.0]
   [Code Root Fixup: 0.0 ms]
   [Code Root Purge: 0.0 ms]
   [Clear CT: 0.0 ms]
   [Other: 7.8 ms]
      [Evacuation Failure: 7.5 ms]
      [Choose CSet: 0.0 ms]
      [Ref Proc: 0.1 ms]
      [Ref Enq: 0.0 ms]
      [Redirty Cards: 0.1 ms]
      [Humongous Register: 0.0 ms]
      [Humongous Reclaim: 0.0 ms]
      [Free CSet: 0.0 ms]
   [Eden: 8192.0K(128.0M)->0.0B(128.0M) Survivors: 0.0B->0.0B Heap: 511.7M(512.0M)->511.7M(512.0M)]
 [Times: user=0.23 sys=0.05, real=0.18 secs] 
2018-06-14T22:52:50.362+0300: 17.809: [GC pause (G1 Evacuation Pause) (young) (initial-mark), 0.0012604 secs]
   [Parallel Time: 1.1 ms, GC Workers: 4]
      [GC Worker Start (ms): Min: 17808.6, Avg: 17808.7, Max: 17808.7, Diff: 0.0]
      [Ext Root Scanning (ms): Min: 0.3, Avg: 0.3, Max: 0.3, Diff: 0.0, Sum: 1.3]
      [Update RS (ms): Min: 0.7, Avg: 0.7, Max: 0.7, Diff: 0.0, Sum: 2.7]
         [Processed Buffers: Min: 1, Avg: 2.8, Max: 5, Diff: 4, Sum: 11]
      [Scan RS (ms): Min: 0.0, Avg: 0.0, Max: 0.0, Diff: 0.0, Sum: 0.0]
      [Code Root Scanning (ms): Min: 0.0, Avg: 0.0, Max: 0.0, Diff: 0.0, Sum: 0.0]
      [Object Copy (ms): Min: 0.0, Avg: 0.0, Max: 0.0, Diff: 0.0, Sum: 0.1]
      [Termination (ms): Min: 0.0, Avg: 0.0, Max: 0.0, Diff: 0.0, Sum: 0.0]
         [Termination Attempts: Min: 1, Avg: 1.0, Max: 1, Diff: 0, Sum: 4]
      [GC Worker Other (ms): Min: 0.0, Avg: 0.0, Max: 0.0, Diff: 0.0, Sum: 0.0]
      [GC Worker Total (ms): Min: 1.0, Avg: 1.0, Max: 1.0, Diff: 0.0, Sum: 4.1]
      [GC Worker End (ms): Min: 17809.7, Avg: 17809.7, Max: 17809.7, Diff: 0.0]
   [Code Root Fixup: 0.0 ms]
   [Code Root Purge: 0.0 ms]
   [Clear CT: 0.0 ms]
   [Other: 0.2 ms]
      [Choose CSet: 0.0 ms]
      [Ref Proc: 0.1 ms]
      [Ref Enq: 0.0 ms]
      [Redirty Cards: 0.0 ms]
      [Humongous Register: 0.0 ms]
      [Humongous Reclaim: 0.0 ms]
      [Free CSet: 0.0 ms]
   [Eden: 0.0B(128.0M)->0.0B(128.0M) Survivors: 0.0B->0.0B Heap: 511.7M(512.0M)->511.7M(512.0M)]
 [Times: user=0.00 sys=0.00, real=0.00 secs] 
2018-06-14T22:52:50.362+0300: 17.810: [GC concurrent-root-region-scan-start]
2018-06-14T22:52:50.362+0300: 17.810: [GC concurrent-root-region-scan-end, 0.0000098 secs]
2018-06-14T22:52:50.362+0300: 17.810: [GC concurrent-mark-start]
2018-06-14T22:52:50.362+0300: 17.810: [Full GC (Allocation Failure)  511M->503M(512M), 1.4822520 secs]
   [Eden: 0.0B(128.0M)->0.0B(128.0M) Survivors: 0.0B->0.0B Heap: 511.7M(512.0M)->503.7M(512.0M)], [Metaspace: 8310K->8310K(1056768K)]
 [Times: user=1.88 sys=0.06, real=1.48 secs] 
2018-06-14T22:52:51.845+0300: 19.292: [GC concurrent-mark-abort]
2018-06-14T22:52:51.855+0300: 19.299: [GC pause (G1 Evacuation Pause) (young) (to-space exhausted), 0.1568037 secs]
   [Parallel Time: 149.3 ms, GC Workers: 4]
      [GC Worker Start (ms): Min: 19298.6, Avg: 19298.6, Max: 19298.7, Diff: 0.0]
      [Ext Root Scanning (ms): Min: 0.2, Avg: 0.2, Max: 0.2, Diff: 0.0, Sum: 0.9]
      [Update RS (ms): Min: 0.0, Avg: 0.8, Max: 1.2, Diff: 1.2, Sum: 3.0]
         [Processed Buffers: Min: 1, Avg: 1.0, Max: 1, Diff: 0, Sum: 4]
      [Scan RS (ms): Min: 0.0, Avg: 0.0, Max: 0.0, Diff: 0.0, Sum: 0.0]
      [Code Root Scanning (ms): Min: 0.0, Avg: 0.0, Max: 0.0, Diff: 0.0, Sum: 0.0]
      [Object Copy (ms): Min: 147.8, Avg: 148.3, Max: 149.0, Diff: 1.2, Sum: 593.2]
      [Termination (ms): Min: 0.0, Avg: 0.0, Max: 0.0, Diff: 0.0, Sum: 0.1]
         [Termination Attempts: Min: 1, Avg: 1.0, Max: 1, Diff: 0, Sum: 4]
      [GC Worker Other (ms): Min: 0.0, Avg: 0.0, Max: 0.0, Diff: 0.0, Sum: 0.0]
      [GC Worker Total (ms): Min: 149.3, Avg: 149.3, Max: 149.3, Diff: 0.0, Sum: 597.2]
      [GC Worker End (ms): Min: 19447.9, Avg: 19447.9, Max: 19447.9, Diff: 0.0]
   [Code Root Fixup: 0.0 ms]
   [Code Root Purge: 0.0 ms]
   [Clear CT: 0.0 ms]
   [Other: 7.4 ms]
      [Evacuation Failure: 7.2 ms]
      [Choose CSet: 0.0 ms]
      [Ref Proc: 0.1 ms]
      [Ref Enq: 0.0 ms]
      [Redirty Cards: 0.0 ms]
      [Humongous Register: 0.0 ms]
      [Humongous Reclaim: 0.0 ms]
      [Free CSet: 0.0 ms]
   [Eden: 8192.0K(128.0M)->0.0B(128.0M) Survivors: 0.0B->0.0B Heap: 511.7M(512.0M)->511.7M(512.0M)]
 [Times: user=0.13 sys=0.03, real=0.15 secs] 
2018-06-14T22:52:52.001+0300: 19.456: [GC pause (G1 Evacuation Pause) (young) (initial-mark), 0.0012809 secs]
   [Parallel Time: 1.0 ms, GC Workers: 4]
      [GC Worker Start (ms): Min: 19455.7, Avg: 19455.7, Max: 19455.7, Diff: 0.0]
      [Ext Root Scanning (ms): Min: 0.3, Avg: 0.3, Max: 0.3, Diff: 0.0, Sum: 1.3]
      [Update RS (ms): Min: 0.7, Avg: 0.7, Max: 0.7, Diff: 0.0, Sum: 2.6]
         [Processed Buffers: Min: 1, Avg: 3.3, Max: 5, Diff: 4, Sum: 13]
      [Scan RS (ms): Min: 0.0, Avg: 0.0, Max: 0.0, Diff: 0.0, Sum: 0.0]
      [Code Root Scanning (ms): Min: 0.0, Avg: 0.0, Max: 0.0, Diff: 0.0, Sum: 0.0]
      [Object Copy (ms): Min: 0.0, Avg: 0.0, Max: 0.0, Diff: 0.0, Sum: 0.1]
      [Termination (ms): Min: 0.0, Avg: 0.0, Max: 0.0, Diff: 0.0, Sum: 0.0]
         [Termination Attempts: Min: 1, Avg: 1.0, Max: 1, Diff: 0, Sum: 4]
      [GC Worker Other (ms): Min: 0.0, Avg: 0.0, Max: 0.0, Diff: 0.0, Sum: 0.0]
      [GC Worker Total (ms): Min: 1.0, Avg: 1.0, Max: 1.0, Diff: 0.0, Sum: 4.0]
      [GC Worker End (ms): Min: 19456.7, Avg: 19456.7, Max: 19456.7, Diff: 0.0]
   [Code Root Fixup: 0.0 ms]
   [Code Root Purge: 0.0 ms]
   [Clear CT: 0.0 ms]
   [Other: 0.2 ms]
      [Choose CSet: 0.0 ms]
      [Ref Proc: 0.1 ms]
      [Ref Enq: 0.0 ms]
      [Redirty Cards: 0.0 ms]
      [Humongous Register: 0.0 ms]
      [Humongous Reclaim: 0.0 ms]
      [Free CSet: 0.0 ms]
   [Eden: 0.0B(128.0M)->0.0B(128.0M) Survivors: 0.0B->0.0B Heap: 511.7M(512.0M)->511.7M(512.0M)]
 [Times: user=0.00 sys=0.00, real=0.00 secs] 
2018-06-14T22:52:52.001+0300: 19.457: [GC concurrent-root-region-scan-start]
2018-06-14T22:52:52.001+0300: 19.457: [GC concurrent-root-region-scan-end, 0.0000239 secs]
2018-06-14T22:52:52.001+0300: 19.457: [GC concurrent-mark-start]
2018-06-14T22:52:52.001+0300: 19.457: [Full GC (Allocation Failure)  511M->503M(512M), 1.5643050 secs]
   [Eden: 0.0B(128.0M)->0.0B(128.0M) Survivors: 0.0B->0.0B Heap: 511.7M(512.0M)->503.7M(512.0M)], [Metaspace: 8310K->8310K(1056768K)]
 [Times: user=1.95 sys=0.06, real=1.58 secs] 
2018-06-14T22:52:53.578+0300: 21.022: [GC concurrent-mark-abort]
2018-06-14T22:52:53.580+0300: 21.028: [GC pause (G1 Evacuation Pause) (young) (to-space exhausted), 0.1880591 secs]
   [Parallel Time: 179.5 ms, GC Workers: 4]
      [GC Worker Start (ms): Min: 21027.8, Avg: 21027.8, Max: 21027.8, Diff: 0.0]
      [Ext Root Scanning (ms): Min: 0.3, Avg: 0.3, Max: 0.3, Diff: 0.0, Sum: 1.1]
      [Update RS (ms): Min: 0.0, Avg: 0.8, Max: 1.2, Diff: 1.2, Sum: 3.2]
         [Processed Buffers: Min: 1, Avg: 1.3, Max: 2, Diff: 1, Sum: 5]
      [Scan RS (ms): Min: 0.0, Avg: 0.0, Max: 0.0, Diff: 0.0, Sum: 0.0]
      [Code Root Scanning (ms): Min: 0.0, Avg: 0.0, Max: 0.0, Diff: 0.0, Sum: 0.0]
      [Object Copy (ms): Min: 177.9, Avg: 178.3, Max: 179.1, Diff: 1.2, Sum: 713.3]
      [Termination (ms): Min: 0.0, Avg: 0.0, Max: 0.0, Diff: 0.0, Sum: 0.0]
         [Termination Attempts: Min: 1, Avg: 1.0, Max: 1, Diff: 0, Sum: 4]
      [GC Worker Other (ms): Min: 0.0, Avg: 0.0, Max: 0.0, Diff: 0.0, Sum: 0.0]
      [GC Worker Total (ms): Min: 179.4, Avg: 179.4, Max: 179.4, Diff: 0.0, Sum: 717.7]
      [GC Worker End (ms): Min: 21207.2, Avg: 21207.2, Max: 21207.2, Diff: 0.0]
   [Code Root Fixup: 0.0 ms]
   [Code Root Purge: 0.0 ms]
   [Clear CT: 0.0 ms]
   [Other: 8.6 ms]
      [Evacuation Failure: 8.3 ms]
      [Choose CSet: 0.0 ms]
      [Ref Proc: 0.1 ms]
      [Ref Enq: 0.0 ms]
      [Redirty Cards: 0.1 ms]
      [Humongous Register: 0.0 ms]
      [Humongous Reclaim: 0.0 ms]
      [Free CSet: 0.0 ms]
   [Eden: 8192.0K(128.0M)->0.0B(128.0M) Survivors: 0.0B->0.0B Heap: 511.7M(512.0M)->511.7M(512.0M)]
 [Times: user=0.27 sys=0.09, real=0.19 secs] 
2018-06-14T22:52:53.771+0300: 21.216: [GC pause (G1 Evacuation Pause) (young) (initial-mark), 0.0014165 secs]
   [Parallel Time: 1.1 ms, GC Workers: 4]
      [GC Worker Start (ms): Min: 21216.2, Avg: 21216.2, Max: 21216.2, Diff: 0.0]
      [Ext Root Scanning (ms): Min: 0.4, Avg: 0.4, Max: 0.4, Diff: 0.0, Sum: 1.5]
      [Update RS (ms): Min: 0.7, Avg: 0.7, Max: 0.7, Diff: 0.0, Sum: 2.7]
         [Processed Buffers: Min: 1, Avg: 2.8, Max: 4, Diff: 3, Sum: 11]
      [Scan RS (ms): Min: 0.0, Avg: 0.0, Max: 0.0, Diff: 0.0, Sum: 0.0]
      [Code Root Scanning (ms): Min: 0.0, Avg: 0.0, Max: 0.0, Diff: 0.0, Sum: 0.0]
      [Object Copy (ms): Min: 0.0, Avg: 0.0, Max: 0.0, Diff: 0.0, Sum: 0.1]
      [Termination (ms): Min: 0.0, Avg: 0.0, Max: 0.0, Diff: 0.0, Sum: 0.0]
         [Termination Attempts: Min: 1, Avg: 1.0, Max: 1, Diff: 0, Sum: 4]
      [GC Worker Other (ms): Min: 0.0, Avg: 0.0, Max: 0.0, Diff: 0.0, Sum: 0.0]
      [GC Worker Total (ms): Min: 1.1, Avg: 1.1, Max: 1.1, Diff: 0.0, Sum: 4.4]
      [GC Worker End (ms): Min: 21217.3, Avg: 21217.3, Max: 21217.3, Diff: 0.0]
   [Code Root Fixup: 0.0 ms]
   [Code Root Purge: 0.0 ms]
   [Clear CT: 0.0 ms]
   [Other: 0.2 ms]
      [Choose CSet: 0.0 ms]
      [Ref Proc: 0.1 ms]
      [Ref Enq: 0.0 ms]
      [Redirty Cards: 0.0 ms]
      [Humongous Register: 0.0 ms]
      [Humongous Reclaim: 0.0 ms]
      [Free CSet: 0.0 ms]
   [Eden: 0.0B(128.0M)->0.0B(128.0M) Survivors: 0.0B->0.0B Heap: 511.7M(512.0M)->511.7M(512.0M)]
 [Times: user=0.00 sys=0.00, real=0.00 secs] 
2018-06-14T22:52:53.771+0300: 21.218: [GC concurrent-root-region-scan-start]
2018-06-14T22:52:53.771+0300: 21.218: [GC concurrent-root-region-scan-end, 0.0000141 secs]
2018-06-14T22:52:53.771+0300: 21.218: [GC concurrent-mark-start]
2018-06-14T22:52:53.771+0300: 21.218: [Full GC (Allocation Failure)  511M->503M(512M), 1.5245875 secs]
   [Eden: 0.0B(128.0M)->0.0B(128.0M) Survivors: 0.0B->0.0B Heap: 511.7M(512.0M)->503.7M(512.0M)], [Metaspace: 8310K->8310K(1056768K)]
 [Times: user=1.94 sys=0.03, real=1.52 secs] 
2018-06-14T22:52:55.294+0300: 22.743: [GC concurrent-mark-abort]
2018-06-14T22:52:55.304+0300: 22.749: [GC pause (G1 Evacuation Pause) (young) (to-space exhausted), 0.1683314 secs]
   [Parallel Time: 159.6 ms, GC Workers: 4]
      [GC Worker Start (ms): Min: 22749.0, Avg: 22749.0, Max: 22749.0, Diff: 0.0]
      [Ext Root Scanning (ms): Min: 0.3, Avg: 0.5, Max: 0.9, Diff: 0.6, Sum: 1.8]
      [Update RS (ms): Min: 0.0, Avg: 0.8, Max: 1.3, Diff: 1.3, Sum: 3.3]
         [Processed Buffers: Min: 0, Avg: 0.8, Max: 1, Diff: 1, Sum: 3]
      [Scan RS (ms): Min: 0.0, Avg: 0.0, Max: 0.0, Diff: 0.0, Sum: 0.0]
      [Code Root Scanning (ms): Min: 0.0, Avg: 0.0, Max: 0.0, Diff: 0.0, Sum: 0.0]
      [Object Copy (ms): Min: 157.9, Avg: 158.2, Max: 158.6, Diff: 0.7, Sum: 632.8]
      [Termination (ms): Min: 0.0, Avg: 0.0, Max: 0.0, Diff: 0.0, Sum: 0.0]
         [Termination Attempts: Min: 1, Avg: 1.3, Max: 2, Diff: 1, Sum: 5]
      [GC Worker Other (ms): Min: 0.0, Avg: 0.0, Max: 0.0, Diff: 0.0, Sum: 0.0]
      [GC Worker Total (ms): Min: 159.5, Avg: 159.5, Max: 159.5, Diff: 0.0, Sum: 638.1]
      [GC Worker End (ms): Min: 22908.5, Avg: 22908.5, Max: 22908.5, Diff: 0.0]
   [Code Root Fixup: 0.0 ms]
   [Code Root Purge: 0.0 ms]
   [Clear CT: 0.0 ms]
   [Other: 8.7 ms]
      [Evacuation Failure: 8.4 ms]
      [Choose CSet: 0.0 ms]
      [Ref Proc: 0.1 ms]
      [Ref Enq: 0.0 ms]
      [Redirty Cards: 0.1 ms]
      [Humongous Register: 0.0 ms]
      [Humongous Reclaim: 0.0 ms]
      [Free CSet: 0.0 ms]
   [Eden: 8192.0K(128.0M)->0.0B(128.0M) Survivors: 0.0B->0.0B Heap: 511.7M(512.0M)->511.7M(512.0M)]
 [Times: user=0.19 sys=0.02, real=0.17 secs] 
2018-06-14T22:52:55.470+0300: 22.918: [GC pause (G1 Evacuation Pause) (young) (initial-mark), 0.0015603 secs]
   [Parallel Time: 1.3 ms, GC Workers: 4]
      [GC Worker Start (ms): Min: 22917.7, Avg: 22917.8, Max: 22917.9, Diff: 0.2]
      [Ext Root Scanning (ms): Min: 0.2, Avg: 0.3, Max: 0.4, Diff: 0.2, Sum: 1.4]
      [Update RS (ms): Min: 0.7, Avg: 0.8, Max: 0.9, Diff: 0.1, Sum: 3.2]
         [Processed Buffers: Min: 1, Avg: 2.8, Max: 4, Diff: 3, Sum: 11]
      [Scan RS (ms): Min: 0.0, Avg: 0.0, Max: 0.0, Diff: 0.0, Sum: 0.0]
      [Code Root Scanning (ms): Min: 0.0, Avg: 0.0, Max: 0.0, Diff: 0.0, Sum: 0.0]
      [Object Copy (ms): Min: 0.0, Avg: 0.0, Max: 0.0, Diff: 0.0, Sum: 0.1]
      [Termination (ms): Min: 0.0, Avg: 0.1, Max: 0.1, Diff: 0.1, Sum: 0.2]
         [Termination Attempts: Min: 1, Avg: 1.0, Max: 1, Diff: 0, Sum: 4]
      [GC Worker Other (ms): Min: 0.0, Avg: 0.0, Max: 0.0, Diff: 0.0, Sum: 0.0]
      [GC Worker Total (ms): Min: 1.1, Avg: 1.2, Max: 1.3, Diff: 0.2, Sum: 4.9]
      [GC Worker End (ms): Min: 22919.0, Avg: 22919.0, Max: 22919.0, Diff: 0.0]
   [Code Root Fixup: 0.0 ms]
   [Code Root Purge: 0.0 ms]
   [Clear CT: 0.0 ms]
   [Other: 0.2 ms]
      [Choose CSet: 0.0 ms]
      [Ref Proc: 0.1 ms]
      [Ref Enq: 0.0 ms]
      [Redirty Cards: 0.0 ms]
      [Humongous Register: 0.0 ms]
      [Humongous Reclaim: 0.0 ms]
      [Free CSet: 0.0 ms]
   [Eden: 0.0B(128.0M)->0.0B(128.0M) Survivors: 0.0B->0.0B Heap: 511.7M(512.0M)->511.7M(512.0M)]
 [Times: user=0.00 sys=0.00, real=0.00 secs] 
2018-06-14T22:52:55.470+0300: 22.919: [GC concurrent-root-region-scan-start]
2018-06-14T22:52:55.470+0300: 22.919: [GC concurrent-root-region-scan-end, 0.0000115 secs]
2018-06-14T22:52:55.470+0300: 22.919: [GC concurrent-mark-start]
2018-06-14T22:52:55.817+0300: 23.265: [Full GC (Allocation Failure)  511M->503M(512M), 1.4499806 secs]
   [Eden: 0.0B(128.0M)->0.0B(128.0M) Survivors: 0.0B->0.0B Heap: 511.7M(512.0M)->503.7M(512.0M)], [Metaspace: 8310K->8310K(1056768K)]
 [Times: user=1.95 sys=0.02, real=1.45 secs] 
2018-06-14T22:52:57.270+0300: 24.715: [GC concurrent-mark-abort]
2018-06-14T22:52:57.278+0300: 24.721: [GC pause (G1 Evacuation Pause) (young) (to-space exhausted), 0.1507058 secs]
   [Parallel Time: 143.3 ms, GC Workers: 4]
      [GC Worker Start (ms): Min: 24721.3, Avg: 24721.3, Max: 24721.4, Diff: 0.0]
      [Ext Root Scanning (ms): Min: 0.2, Avg: 0.2, Max: 0.2, Diff: 0.0, Sum: 0.8]
      [Update RS (ms): Min: 0.0, Avg: 0.8, Max: 1.3, Diff: 1.3, Sum: 3.1]
         [Processed Buffers: Min: 1, Avg: 1.3, Max: 2, Diff: 1, Sum: 5]
      [Scan RS (ms): Min: 0.0, Avg: 0.0, Max: 0.0, Diff: 0.0, Sum: 0.0]
      [Code Root Scanning (ms): Min: 0.0, Avg: 0.0, Max: 0.0, Diff: 0.0, Sum: 0.0]
      [Object Copy (ms): Min: 141.7, Avg: 142.2, Max: 143.0, Diff: 1.2, Sum: 568.9]
      [Termination (ms): Min: 0.0, Avg: 0.0, Max: 0.0, Diff: 0.0, Sum: 0.0]
         [Termination Attempts: Min: 1, Avg: 1.0, Max: 1, Diff: 0, Sum: 4]
      [GC Worker Other (ms): Min: 0.0, Avg: 0.0, Max: 0.0, Diff: 0.0, Sum: 0.0]
      [GC Worker Total (ms): Min: 143.2, Avg: 143.2, Max: 143.2, Diff: 0.0, Sum: 572.9]
      [GC Worker End (ms): Min: 24864.6, Avg: 24864.6, Max: 24864.6, Diff: 0.0]
   [Code Root Fixup: 0.0 ms]
   [Code Root Purge: 0.0 ms]
   [Clear CT: 0.1 ms]
   [Other: 7.4 ms]
      [Evacuation Failure: 7.2 ms]
      [Choose CSet: 0.0 ms]
      [Ref Proc: 0.1 ms]
      [Ref Enq: 0.0 ms]
      [Redirty Cards: 0.0 ms]
      [Humongous Register: 0.0 ms]
      [Humongous Reclaim: 0.0 ms]
      [Free CSet: 0.0 ms]
   [Eden: 8192.0K(128.0M)->0.0B(128.0M) Survivors: 0.0B->0.0B Heap: 511.7M(512.0M)->511.7M(512.0M)]
 [Times: user=0.16 sys=0.05, real=0.15 secs] 
2018-06-14T22:52:57.424+0300: 24.872: [GC pause (G1 Evacuation Pause) (young) (initial-mark), 0.0012604 secs]
   [Parallel Time: 1.0 ms, GC Workers: 4]
      [GC Worker Start (ms): Min: 24872.4, Avg: 24872.4, Max: 24872.4, Diff: 0.0]
      [Ext Root Scanning (ms): Min: 0.3, Avg: 0.3, Max: 0.3, Diff: 0.0, Sum: 1.2]
      [Update RS (ms): Min: 0.6, Avg: 0.6, Max: 0.7, Diff: 0.0, Sum: 2.6]
         [Processed Buffers: Min: 1, Avg: 3.0, Max: 6, Diff: 5, Sum: 12]
      [Scan RS (ms): Min: 0.0, Avg: 0.0, Max: 0.0, Diff: 0.0, Sum: 0.0]
      [Code Root Scanning (ms): Min: 0.0, Avg: 0.0, Max: 0.0, Diff: 0.0, Sum: 0.0]
      [Object Copy (ms): Min: 0.0, Avg: 0.0, Max: 0.0, Diff: 0.0, Sum: 0.1]
      [Termination (ms): Min: 0.0, Avg: 0.0, Max: 0.0, Diff: 0.0, Sum: 0.1]
         [Termination Attempts: Min: 1, Avg: 1.0, Max: 1, Diff: 0, Sum: 4]
      [GC Worker Other (ms): Min: 0.0, Avg: 0.0, Max: 0.0, Diff: 0.0, Sum: 0.0]
      [GC Worker Total (ms): Min: 1.0, Avg: 1.0, Max: 1.0, Diff: 0.0, Sum: 3.9]
      [GC Worker End (ms): Min: 24873.3, Avg: 24873.3, Max: 24873.3, Diff: 0.0]
   [Code Root Fixup: 0.0 ms]
   [Code Root Purge: 0.0 ms]
   [Clear CT: 0.0 ms]
   [Other: 0.2 ms]
      [Choose CSet: 0.0 ms]
      [Ref Proc: 0.1 ms]
      [Ref Enq: 0.0 ms]
      [Redirty Cards: 0.0 ms]
      [Humongous Register: 0.0 ms]
      [Humongous Reclaim: 0.0 ms]
      [Free CSet: 0.0 ms]
   [Eden: 0.0B(128.0M)->0.0B(128.0M) Survivors: 0.0B->0.0B Heap: 511.7M(512.0M)->511.7M(512.0M)]
 [Times: user=0.00 sys=0.00, real=0.00 secs] 
2018-06-14T22:52:57.424+0300: 24.874: [GC concurrent-root-region-scan-start]
2018-06-14T22:52:57.424+0300: 24.874: [GC concurrent-root-region-scan-end, 0.0000239 secs]
2018-06-14T22:52:57.424+0300: 24.874: [GC concurrent-mark-start]
2018-06-14T22:52:57.424+0300: 24.874: [Full GC (Allocation Failure)  511M->503M(512M), 1.4581257 secs]
   [Eden: 0.0B(128.0M)->0.0B(128.0M) Survivors: 0.0B->0.0B Heap: 511.7M(512.0M)->503.7M(512.0M)], [Metaspace: 8312K->8312K(1056768K)]
 [Times: user=1.92 sys=0.05, real=1.46 secs] 
2018-06-14T22:52:58.884+0300: 26.332: [GC concurrent-mark-abort]
2018-06-14T22:52:58.892+0300: 26.339: [GC pause (G1 Evacuation Pause) (young) (to-space exhausted), 0.1692163 secs]
   [Parallel Time: 160.0 ms, GC Workers: 4]
      [GC Worker Start (ms): Min: 26338.6, Avg: 26338.6, Max: 26338.6, Diff: 0.0]
      [Ext Root Scanning (ms): Min: 0.2, Avg: 0.2, Max: 0.2, Diff: 0.0, Sum: 0.8]
      [Update RS (ms): Min: 0.0, Avg: 0.8, Max: 1.3, Diff: 1.3, Sum: 3.4]
         [Processed Buffers: Min: 1, Avg: 1.3, Max: 2, Diff: 1, Sum: 5]
      [Scan RS (ms): Min: 0.0, Avg: 0.0, Max: 0.0, Diff: 0.0, Sum: 0.0]
      [Code Root Scanning (ms): Min: 0.0, Avg: 0.0, Max: 0.0, Diff: 0.0, Sum: 0.0]
      [Object Copy (ms): Min: 158.5, Avg: 158.9, Max: 159.7, Diff: 1.3, Sum: 635.7]
      [Termination (ms): Min: 0.0, Avg: 0.0, Max: 0.0, Diff: 0.0, Sum: 0.0]
         [Termination Attempts: Min: 1, Avg: 1.0, Max: 1, Diff: 0, Sum: 4]
      [GC Worker Other (ms): Min: 0.0, Avg: 0.0, Max: 0.0, Diff: 0.0, Sum: 0.0]
      [GC Worker Total (ms): Min: 160.0, Avg: 160.0, Max: 160.0, Diff: 0.0, Sum: 640.0]
      [GC Worker End (ms): Min: 26498.6, Avg: 26498.6, Max: 26498.6, Diff: 0.0]
   [Code Root Fixup: 0.0 ms]
   [Code Root Purge: 0.0 ms]
   [Clear CT: 0.0 ms]
   [Other: 9.1 ms]
      [Evacuation Failure: 8.9 ms]
      [Choose CSet: 0.0 ms]
      [Ref Proc: 0.1 ms]
      [Ref Enq: 0.0 ms]
      [Redirty Cards: 0.1 ms]
      [Humongous Register: 0.0 ms]
      [Humongous Reclaim: 0.0 ms]
      [Free CSet: 0.0 ms]
   [Eden: 8192.0K(128.0M)->0.0B(128.0M) Survivors: 0.0B->0.0B Heap: 511.7M(512.0M)->511.7M(512.0M)]
 [Times: user=0.13 sys=0.09, real=0.17 secs] 
2018-06-14T22:52:59.065+0300: 26.508: [GC pause (G1 Evacuation Pause) (young) (initial-mark), 0.0013935 secs]
   [Parallel Time: 1.1 ms, GC Workers: 4]
      [GC Worker Start (ms): Min: 26508.2, Avg: 26508.2, Max: 26508.2, Diff: 0.0]
      [Ext Root Scanning (ms): Min: 0.4, Avg: 0.4, Max: 0.4, Diff: 0.0, Sum: 1.5]
      [Update RS (ms): Min: 0.7, Avg: 0.7, Max: 0.7, Diff: 0.0, Sum: 2.7]
         [Processed Buffers: Min: 1, Avg: 2.8, Max: 4, Diff: 3, Sum: 11]
      [Scan RS (ms): Min: 0.0, Avg: 0.0, Max: 0.0, Diff: 0.0, Sum: 0.0]
      [Code Root Scanning (ms): Min: 0.0, Avg: 0.0, Max: 0.0, Diff: 0.0, Sum: 0.0]
      [Object Copy (ms): Min: 0.0, Avg: 0.0, Max: 0.0, Diff: 0.0, Sum: 0.0]
      [Termination (ms): Min: 0.0, Avg: 0.0, Max: 0.0, Diff: 0.0, Sum: 0.1]
         [Termination Attempts: Min: 1, Avg: 1.0, Max: 1, Diff: 0, Sum: 4]
      [GC Worker Other (ms): Min: 0.0, Avg: 0.0, Max: 0.0, Diff: 0.0, Sum: 0.0]
      [GC Worker Total (ms): Min: 1.1, Avg: 1.1, Max: 1.1, Diff: 0.0, Sum: 4.4]
      [GC Worker End (ms): Min: 26509.3, Avg: 26509.3, Max: 26509.3, Diff: 0.0]
   [Code Root Fixup: 0.0 ms]
   [Code Root Purge: 0.0 ms]
   [Clear CT: 0.0 ms]
   [Other: 0.2 ms]
      [Choose CSet: 0.0 ms]
      [Ref Proc: 0.1 ms]
      [Ref Enq: 0.0 ms]
      [Redirty Cards: 0.0 ms]
      [Humongous Register: 0.0 ms]
      [Humongous Reclaim: 0.0 ms]
      [Free CSet: 0.0 ms]
   [Eden: 0.0B(128.0M)->0.0B(128.0M) Survivors: 0.0B->0.0B Heap: 511.7M(512.0M)->511.7M(512.0M)]
 [Times: user=0.00 sys=0.00, real=0.00 secs] 
2018-06-14T22:52:59.065+0300: 26.510: [GC concurrent-root-region-scan-start]
2018-06-14T22:52:59.065+0300: 26.510: [GC concurrent-root-region-scan-end, 0.0000102 secs]
2018-06-14T22:52:59.065+0300: 26.510: [GC concurrent-mark-start]
2018-06-14T22:52:59.065+0300: 26.510: [Full GC (Allocation Failure)  511M->503M(512M), 1.4134367 secs]
   [Eden: 0.0B(128.0M)->0.0B(128.0M) Survivors: 0.0B->0.0B Heap: 511.7M(512.0M)->503.7M(512.0M)], [Metaspace: 8312K->8312K(1056768K)]
 [Times: user=1.88 sys=0.02, real=1.41 secs] 
2018-06-14T22:53:00.476+0300: 27.923: [GC concurrent-mark-abort]
2018-06-14T22:53:00.484+0300: 27.929: [GC pause (G1 Evacuation Pause) (young) (to-space exhausted), 0.1699617 secs]
   [Parallel Time: 161.7 ms, GC Workers: 4]
      [GC Worker Start (ms): Min: 27928.7, Avg: 27928.7, Max: 27928.7, Diff: 0.0]
      [Ext Root Scanning (ms): Min: 0.2, Avg: 0.2, Max: 0.2, Diff: 0.0, Sum: 0.9]
      [Update RS (ms): Min: 0.0, Avg: 0.8, Max: 1.3, Diff: 1.3, Sum: 3.4]
         [Processed Buffers: Min: 0, Avg: 0.8, Max: 1, Diff: 1, Sum: 3]
      [Scan RS (ms): Min: 0.0, Avg: 0.0, Max: 0.0, Diff: 0.0, Sum: 0.0]
      [Code Root Scanning (ms): Min: 0.0, Avg: 0.0, Max: 0.0, Diff: 0.0, Sum: 0.0]
      [Object Copy (ms): Min: 160.1, Avg: 160.5, Max: 161.4, Diff: 1.3, Sum: 642.2]
      [Termination (ms): Min: 0.0, Avg: 0.0, Max: 0.0, Diff: 0.0, Sum: 0.0]
         [Termination Attempts: Min: 1, Avg: 1.0, Max: 1, Diff: 0, Sum: 4]
      [GC Worker Other (ms): Min: 0.0, Avg: 0.0, Max: 0.0, Diff: 0.0, Sum: 0.0]
      [GC Worker Total (ms): Min: 161.6, Avg: 161.6, Max: 161.6, Diff: 0.0, Sum: 646.5]
      [GC Worker End (ms): Min: 28090.3, Avg: 28090.3, Max: 28090.3, Diff: 0.0]
   [Code Root Fixup: 0.0 ms]
   [Code Root Purge: 0.0 ms]
   [Clear CT: 0.0 ms]
   [Other: 8.3 ms]
      [Evacuation Failure: 7.9 ms]
      [Choose CSet: 0.0 ms]
      [Ref Proc: 0.2 ms]
      [Ref Enq: 0.0 ms]
      [Redirty Cards: 0.1 ms]
      [Humongous Register: 0.0 ms]
      [Humongous Reclaim: 0.0 ms]
      [Free CSet: 0.0 ms]
   [Eden: 8192.0K(128.0M)->0.0B(128.0M) Survivors: 0.0B->0.0B Heap: 511.7M(512.0M)->511.7M(512.0M)]
 [Times: user=0.22 sys=0.06, real=0.17 secs] 
2018-06-14T22:53:00.651+0300: 28.099: [GC pause (G1 Evacuation Pause) (young) (initial-mark), 0.0013376 secs]
   [Parallel Time: 1.1 ms, GC Workers: 4]
      [GC Worker Start (ms): Min: 28099.0, Avg: 28099.0, Max: 28099.0, Diff: 0.0]
      [Ext Root Scanning (ms): Min: 0.3, Avg: 0.3, Max: 0.3, Diff: 0.0, Sum: 1.3]
      [Update RS (ms): Min: 0.7, Avg: 0.7, Max: 0.7, Diff: 0.1, Sum: 2.8]
         [Processed Buffers: Min: 1, Avg: 2.8, Max: 4, Diff: 3, Sum: 11]
      [Scan RS (ms): Min: 0.0, Avg: 0.0, Max: 0.0, Diff: 0.0, Sum: 0.0]
      [Code Root Scanning (ms): Min: 0.0, Avg: 0.0, Max: 0.0, Diff: 0.0, Sum: 0.0]
      [Object Copy (ms): Min: 0.0, Avg: 0.0, Max: 0.0, Diff: 0.0, Sum: 0.1]
      [Termination (ms): Min: 0.0, Avg: 0.0, Max: 0.1, Diff: 0.1, Sum: 0.1]
         [Termination Attempts: Min: 1, Avg: 1.0, Max: 1, Diff: 0, Sum: 4]
      [GC Worker Other (ms): Min: 0.0, Avg: 0.0, Max: 0.0, Diff: 0.0, Sum: 0.0]
      [GC Worker Total (ms): Min: 1.0, Avg: 1.1, Max: 1.1, Diff: 0.0, Sum: 4.2]
      [GC Worker End (ms): Min: 28100.0, Avg: 28100.0, Max: 28100.0, Diff: 0.0]
   [Code Root Fixup: 0.0 ms]
   [Code Root Purge: 0.0 ms]
   [Clear CT: 0.0 ms]
   [Other: 0.2 ms]
      [Choose CSet: 0.0 ms]
      [Ref Proc: 0.1 ms]
      [Ref Enq: 0.0 ms]
      [Redirty Cards: 0.0 ms]
      [Humongous Register: 0.0 ms]
      [Humongous Reclaim: 0.0 ms]
      [Free CSet: 0.0 ms]
   [Eden: 0.0B(128.0M)->0.0B(128.0M) Survivors: 0.0B->0.0B Heap: 511.7M(512.0M)->511.7M(512.0M)]
 [Times: user=0.00 sys=0.00, real=0.00 secs] 
2018-06-14T22:53:00.651+0300: 28.100: [GC concurrent-root-region-scan-start]
2018-06-14T22:53:00.651+0300: 28.100: [GC concurrent-root-region-scan-end, 0.0000107 secs]
2018-06-14T22:53:00.651+0300: 28.100: [GC concurrent-mark-start]
2018-06-14T22:53:00.967+0300: 28.424: [Full GC (Allocation Failure)  511M->503M(512M), 1.4274241 secs]
   [Eden: 0.0B(128.0M)->0.0B(128.0M) Survivors: 0.0B->0.0B Heap: 511.7M(512.0M)->503.7M(512.0M)], [Metaspace: 8312K->8312K(1056768K)]
 [Times: user=1.88 sys=0.03, real=1.43 secs] 
2018-06-14T22:53:02.401+0300: 29.852: [GC concurrent-mark-abort]
2018-06-14T22:53:02.411+0300: 29.857: [GC pause (G1 Evacuation Pause) (young) (to-space exhausted), 0.1612743 secs]
   [Parallel Time: 152.9 ms, GC Workers: 4]
      [GC Worker Start (ms): Min: 29856.9, Avg: 29857.0, Max: 29857.0, Diff: 0.0]
      [Ext Root Scanning (ms): Min: 0.2, Avg: 0.2, Max: 0.2, Diff: 0.0, Sum: 0.8]
      [Update RS (ms): Min: 0.0, Avg: 0.8, Max: 1.2, Diff: 1.2, Sum: 3.1]
         [Processed Buffers: Min: 1, Avg: 1.0, Max: 1, Diff: 0, Sum: 4]
      [Scan RS (ms): Min: 0.0, Avg: 0.0, Max: 0.0, Diff: 0.0, Sum: 0.0]
      [Code Root Scanning (ms): Min: 0.0, Avg: 0.0, Max: 0.0, Diff: 0.0, Sum: 0.0]
      [Object Copy (ms): Min: 151.3, Avg: 151.8, Max: 152.5, Diff: 1.2, Sum: 607.2]
      [Termination (ms): Min: 0.0, Avg: 0.0, Max: 0.0, Diff: 0.0, Sum: 0.1]
         [Termination Attempts: Min: 1, Avg: 1.0, Max: 1, Diff: 0, Sum: 4]
      [GC Worker Other (ms): Min: 0.0, Avg: 0.0, Max: 0.0, Diff: 0.0, Sum: 0.1]
      [GC Worker Total (ms): Min: 152.8, Avg: 152.8, Max: 152.8, Diff: 0.0, Sum: 611.3]
      [GC Worker End (ms): Min: 30009.8, Avg: 30009.8, Max: 30009.8, Diff: 0.0]
   [Code Root Fixup: 0.0 ms]
   [Code Root Purge: 0.0 ms]
   [Clear CT: 0.0 ms]
   [Other: 8.3 ms]
      [Evacuation Failure: 8.1 ms]
      [Choose CSet: 0.0 ms]
      [Ref Proc: 0.1 ms]
      [Ref Enq: 0.0 ms]
      [Redirty Cards: 0.1 ms]
      [Humongous Register: 0.0 ms]
      [Humongous Reclaim: 0.0 ms]
      [Free CSet: 0.0 ms]
   [Eden: 8192.0K(128.0M)->0.0B(128.0M) Survivors: 0.0B->0.0B Heap: 511.7M(512.0M)->511.7M(512.0M)]
 [Times: user=0.19 sys=0.06, real=0.15 secs] 
2018-06-14T22:53:02.565+0300: 30.018: [GC pause (G1 Evacuation Pause) (young) (initial-mark), 0.0013606 secs]
   [Parallel Time: 1.1 ms, GC Workers: 4]
      [GC Worker Start (ms): Min: 30018.5, Avg: 30018.5, Max: 30018.6, Diff: 0.0]
      [Ext Root Scanning (ms): Min: 0.3, Avg: 0.3, Max: 0.4, Diff: 0.0, Sum: 1.4]
      [Update RS (ms): Min: 0.7, Avg: 0.7, Max: 0.7, Diff: 0.0, Sum: 2.6]
         [Processed Buffers: Min: 2, Avg: 3.0, Max: 4, Diff: 2, Sum: 12]
      [Scan RS (ms): Min: 0.0, Avg: 0.0, Max: 0.0, Diff: 0.0, Sum: 0.0]
      [Code Root Scanning (ms): Min: 0.0, Avg: 0.0, Max: 0.0, Diff: 0.0, Sum: 0.0]
      [Object Copy (ms): Min: 0.0, Avg: 0.0, Max: 0.0, Diff: 0.0, Sum: 0.1]
      [Termination (ms): Min: 0.0, Avg: 0.0, Max: 0.0, Diff: 0.0, Sum: 0.0]
         [Termination Attempts: Min: 1, Avg: 1.0, Max: 1, Diff: 0, Sum: 4]
      [GC Worker Other (ms): Min: 0.0, Avg: 0.0, Max: 0.0, Diff: 0.0, Sum: 0.0]
      [GC Worker Total (ms): Min: 1.0, Avg: 1.0, Max: 1.0, Diff: 0.0, Sum: 4.1]
      [GC Worker End (ms): Min: 30019.6, Avg: 30019.6, Max: 30019.6, Diff: 0.0]
   [Code Root Fixup: 0.0 ms]
   [Code Root Purge: 0.0 ms]
   [Clear CT: 0.1 ms]
   [Other: 0.2 ms]
      [Choose CSet: 0.0 ms]
      [Ref Proc: 0.1 ms]
      [Ref Enq: 0.0 ms]
      [Redirty Cards: 0.0 ms]
      [Humongous Register: 0.0 ms]
      [Humongous Reclaim: 0.0 ms]
      [Free CSet: 0.0 ms]
   [Eden: 0.0B(128.0M)->0.0B(128.0M) Survivors: 0.0B->0.0B Heap: 511.7M(512.0M)->511.7M(512.0M)]
 [Times: user=0.00 sys=0.00, real=0.00 secs] 
2018-06-14T22:53:02.565+0300: 30.020: [GC concurrent-root-region-scan-start]
2018-06-14T22:53:02.565+0300: 30.020: [GC concurrent-root-region-scan-end, 0.0000102 secs]
2018-06-14T22:53:02.565+0300: 30.020: [GC concurrent-mark-start]
2018-06-14T22:53:02.565+0300: 30.020: [Full GC (Allocation Failure)  511M->503M(512M), 1.4320325 secs]
   [Eden: 0.0B(128.0M)->0.0B(128.0M) Survivors: 0.0B->0.0B Heap: 511.7M(512.0M)->503.7M(512.0M)], [Metaspace: 8312K->8312K(1056768K)]
 [Times: user=1.94 sys=0.01, real=1.44 secs] 
2018-06-14T22:53:04.006+0300: 31.452: [GC concurrent-mark-abort]
2018-06-14T22:53:04.006+0300: 31.457: [GC pause (G1 Evacuation Pause) (young) (to-space exhausted), 0.1691203 secs]
   [Parallel Time: 160.8 ms, GC Workers: 4]
      [GC Worker Start (ms): Min: 31456.7, Avg: 31456.7, Max: 31456.7, Diff: 0.0]
      [Ext Root Scanning (ms): Min: 0.2, Avg: 0.2, Max: 0.2, Diff: 0.0, Sum: 0.8]
      [Update RS (ms): Min: 0.0, Avg: 0.8, Max: 1.3, Diff: 1.3, Sum: 3.4]
         [Processed Buffers: Min: 1, Avg: 1.3, Max: 2, Diff: 1, Sum: 5]
      [Scan RS (ms): Min: 0.0, Avg: 0.0, Max: 0.0, Diff: 0.0, Sum: 0.0]
      [Code Root Scanning (ms): Min: 0.0, Avg: 0.0, Max: 0.0, Diff: 0.0, Sum: 0.0]
      [Object Copy (ms): Min: 159.2, Avg: 159.7, Max: 160.5, Diff: 1.3, Sum: 638.7]
      [Termination (ms): Min: 0.0, Avg: 0.0, Max: 0.0, Diff: 0.0, Sum: 0.0]
         [Termination Attempts: Min: 1, Avg: 1.0, Max: 1, Diff: 0, Sum: 4]
      [GC Worker Other (ms): Min: 0.0, Avg: 0.0, Max: 0.0, Diff: 0.0, Sum: 0.0]
      [GC Worker Total (ms): Min: 160.7, Avg: 160.7, Max: 160.8, Diff: 0.0, Sum: 643.0]
      [GC Worker End (ms): Min: 31617.4, Avg: 31617.4, Max: 31617.4, Diff: 0.0]
   [Code Root Fixup: 0.0 ms]
   [Code Root Purge: 0.0 ms]
   [Clear CT: 0.0 ms]
   [Other: 8.3 ms]
      [Evacuation Failure: 8.0 ms]
      [Choose CSet: 0.0 ms]
      [Ref Proc: 0.1 ms]
      [Ref Enq: 0.0 ms]
      [Redirty Cards: 0.0 ms]
      [Humongous Register: 0.0 ms]
      [Humongous Reclaim: 0.0 ms]
      [Free CSet: 0.0 ms]
   [Eden: 8192.0K(128.0M)->0.0B(128.0M) Survivors: 0.0B->0.0B Heap: 511.7M(512.0M)->511.7M(512.0M)]
 [Times: user=0.17 sys=0.03, real=0.17 secs] 
2018-06-14T22:53:04.181+0300: 31.626: [GC pause (G1 Evacuation Pause) (young) (initial-mark), 0.0013952 secs]
   [Parallel Time: 1.1 ms, GC Workers: 4]
      [GC Worker Start (ms): Min: 31626.2, Avg: 31626.2, Max: 31626.3, Diff: 0.0]
      [Ext Root Scanning (ms): Min: 0.3, Avg: 0.3, Max: 0.3, Diff: 0.0, Sum: 1.3]
      [Update RS (ms): Min: 0.7, Avg: 0.7, Max: 0.7, Diff: 0.0, Sum: 2.8]
         [Processed Buffers: Min: 1, Avg: 2.8, Max: 4, Diff: 3, Sum: 11]
      [Scan RS (ms): Min: 0.0, Avg: 0.0, Max: 0.0, Diff: 0.0, Sum: 0.0]
      [Code Root Scanning (ms): Min: 0.0, Avg: 0.0, Max: 0.0, Diff: 0.0, Sum: 0.0]
      [Object Copy (ms): Min: 0.0, Avg: 0.0, Max: 0.0, Diff: 0.0, Sum: 0.1]
      [Termination (ms): Min: 0.0, Avg: 0.0, Max: 0.0, Diff: 0.0, Sum: 0.1]
         [Termination Attempts: Min: 1, Avg: 1.0, Max: 1, Diff: 0, Sum: 4]
      [GC Worker Other (ms): Min: 0.0, Avg: 0.0, Max: 0.0, Diff: 0.0, Sum: 0.0]
      [GC Worker Total (ms): Min: 1.1, Avg: 1.1, Max: 1.1, Diff: 0.0, Sum: 4.3]
      [GC Worker End (ms): Min: 31627.3, Avg: 31627.3, Max: 31627.3, Diff: 0.0]
   [Code Root Fixup: 0.0 ms]
   [Code Root Purge: 0.0 ms]
   [Clear CT: 0.1 ms]
   [Other: 0.2 ms]
      [Choose CSet: 0.0 ms]
      [Ref Proc: 0.1 ms]
      [Ref Enq: 0.0 ms]
      [Redirty Cards: 0.0 ms]
      [Humongous Register: 0.0 ms]
      [Humongous Reclaim: 0.0 ms]
      [Free CSet: 0.0 ms]
   [Eden: 0.0B(128.0M)->0.0B(128.0M) Survivors: 0.0B->0.0B Heap: 511.7M(512.0M)->511.7M(512.0M)]
 [Times: user=0.00 sys=0.00, real=0.00 secs] 
2018-06-14T22:53:04.181+0300: 31.628: [GC concurrent-root-region-scan-start]
2018-06-14T22:53:04.181+0300: 31.628: [GC concurrent-root-region-scan-end, 0.0000252 secs]
2018-06-14T22:53:04.181+0300: 31.628: [GC concurrent-mark-start]
2018-06-14T22:53:04.181+0300: 31.628: [Full GC (Allocation Failure)  511M->503M(512M), 1.4072739 secs]
   [Eden: 0.0B(128.0M)->0.0B(128.0M) Survivors: 0.0B->0.0B Heap: 511.7M(512.0M)->503.7M(512.0M)], [Metaspace: 8312K->8312K(1056768K)]
 [Times: user=1.83 sys=0.03, real=1.41 secs] 
2018-06-14T22:53:05.588+0300: 33.035: [GC concurrent-mark-abort]
2018-06-14T22:53:05.596+0300: 33.040: [GC pause (G1 Evacuation Pause) (young) (to-space exhausted), 0.1685716 secs]
   [Parallel Time: 160.5 ms, GC Workers: 4]
      [GC Worker Start (ms): Min: 33039.9, Avg: 33040.3, Max: 33041.5, Diff: 1.6]
      [Ext Root Scanning (ms): Min: 0.0, Avg: 0.2, Max: 0.3, Diff: 0.3, Sum: 0.8]
      [Update RS (ms): Min: 0.0, Avg: 0.9, Max: 1.3, Diff: 1.3, Sum: 3.4]
         [Processed Buffers: Min: 0, Avg: 0.8, Max: 1, Diff: 1, Sum: 3]
      [Scan RS (ms): Min: 0.0, Avg: 0.0, Max: 0.0, Diff: 0.0, Sum: 0.0]
      [Code Root Scanning (ms): Min: 0.0, Avg: 0.0, Max: 0.0, Diff: 0.0, Sum: 0.0]
      [Object Copy (ms): Min: 158.8, Avg: 159.0, Max: 159.3, Diff: 0.5, Sum: 635.9]
      [Termination (ms): Min: 0.0, Avg: 0.0, Max: 0.0, Diff: 0.0, Sum: 0.0]
         [Termination Attempts: Min: 1, Avg: 1.0, Max: 1, Diff: 0, Sum: 4]
      [GC Worker Other (ms): Min: 0.0, Avg: 0.0, Max: 0.0, Diff: 0.0, Sum: 0.1]
      [GC Worker Total (ms): Min: 158.9, Avg: 160.1, Max: 160.5, Diff: 1.6, Sum: 640.2]
      [GC Worker End (ms): Min: 33200.4, Avg: 33200.4, Max: 33200.4, Diff: 0.0]
   [Code Root Fixup: 0.0 ms]
   [Code Root Purge: 0.0 ms]
   [Clear CT: 0.0 ms]
   [Other: 8.0 ms]
      [Evacuation Failure: 7.8 ms]
      [Choose CSet: 0.0 ms]
      [Ref Proc: 0.1 ms]
      [Ref Enq: 0.0 ms]
      [Redirty Cards: 0.1 ms]
      [Humongous Register: 0.0 ms]
      [Humongous Reclaim: 0.0 ms]
      [Free CSet: 0.0 ms]
   [Eden: 8192.0K(128.0M)->0.0B(128.0M) Survivors: 0.0B->0.0B Heap: 511.7M(512.0M)->511.7M(512.0M)]
 [Times: user=0.19 sys=0.03, real=0.16 secs] 
2018-06-14T22:53:05.753+0300: 33.209: [GC pause (G1 Evacuation Pause) (young) (initial-mark), 0.0014950 secs]
   [Parallel Time: 1.2 ms, GC Workers: 4]
      [GC Worker Start (ms): Min: 33208.9, Avg: 33208.9, Max: 33208.9, Diff: 0.0]
      [Ext Root Scanning (ms): Min: 0.3, Avg: 0.3, Max: 0.3, Diff: 0.0, Sum: 1.2]
      [Update RS (ms): Min: 0.7, Avg: 0.8, Max: 0.9, Diff: 0.1, Sum: 3.2]
         [Processed Buffers: Min: 1, Avg: 2.8, Max: 5, Diff: 4, Sum: 11]
      [Scan RS (ms): Min: 0.0, Avg: 0.0, Max: 0.0, Diff: 0.0, Sum: 0.0]
      [Code Root Scanning (ms): Min: 0.0, Avg: 0.0, Max: 0.0, Diff: 0.0, Sum: 0.0]
      [Object Copy (ms): Min: 0.0, Avg: 0.0, Max: 0.0, Diff: 0.0, Sum: 0.1]
      [Termination (ms): Min: 0.0, Avg: 0.1, Max: 0.1, Diff: 0.1, Sum: 0.3]
         [Termination Attempts: Min: 1, Avg: 1.0, Max: 1, Diff: 0, Sum: 4]
      [GC Worker Other (ms): Min: 0.0, Avg: 0.0, Max: 0.0, Diff: 0.0, Sum: 0.0]
      [GC Worker Total (ms): Min: 1.2, Avg: 1.2, Max: 1.2, Diff: 0.0, Sum: 4.8]
      [GC Worker End (ms): Min: 33210.1, Avg: 33210.1, Max: 33210.1, Diff: 0.0]
   [Code Root Fixup: 0.0 ms]
   [Code Root Purge: 0.0 ms]
   [Clear CT: 0.0 ms]
   [Other: 0.2 ms]
      [Choose CSet: 0.0 ms]
      [Ref Proc: 0.1 ms]
      [Ref Enq: 0.0 ms]
      [Redirty Cards: 0.1 ms]
      [Humongous Register: 0.0 ms]
      [Humongous Reclaim: 0.0 ms]
      [Free CSet: 0.0 ms]
   [Eden: 0.0B(128.0M)->0.0B(128.0M) Survivors: 0.0B->0.0B Heap: 511.7M(512.0M)->511.7M(512.0M)]
 [Times: user=0.00 sys=0.00, real=0.00 secs] 
2018-06-14T22:53:05.753+0300: 33.210: [GC concurrent-root-region-scan-start]
2018-06-14T22:53:05.753+0300: 33.211: [GC concurrent-root-region-scan-end, 0.0000132 secs]
2018-06-14T22:53:05.753+0300: 33.211: [GC concurrent-mark-start]
2018-06-14T22:53:06.101+0300: 33.544: [Full GC (Allocation Failure)  511M->503M(512M), 1.4250053 secs]
   [Eden: 0.0B(128.0M)->0.0B(128.0M) Survivors: 0.0B->0.0B Heap: 511.7M(512.0M)->503.7M(512.0M)], [Metaspace: 8312K->8312K(1056768K)]
 [Times: user=1.94 sys=0.03, real=1.42 secs] 
2018-06-14T22:53:07.520+0300: 34.970: [GC concurrent-mark-abort]
2018-06-14T22:53:07.531+0300: 34.975: [GC pause (G1 Evacuation Pause) (young) (to-space exhausted), 0.1580189 secs]
   [Parallel Time: 149.9 ms, GC Workers: 4]
      [GC Worker Start (ms): Min: 34975.3, Avg: 34975.3, Max: 34975.3, Diff: 0.0]
      [Ext Root Scanning (ms): Min: 0.2, Avg: 0.2, Max: 0.2, Diff: 0.0, Sum: 0.8]
      [Update RS (ms): Min: 0.0, Avg: 0.8, Max: 1.2, Diff: 1.2, Sum: 3.1]
         [Processed Buffers: Min: 1, Avg: 1.0, Max: 1, Diff: 0, Sum: 4]
      [Scan RS (ms): Min: 0.0, Avg: 0.0, Max: 0.0, Diff: 0.0, Sum: 0.0]
      [Code Root Scanning (ms): Min: 0.0, Avg: 0.0, Max: 0.0, Diff: 0.0, Sum: 0.0]
      [Object Copy (ms): Min: 148.4, Avg: 148.9, Max: 149.6, Diff: 1.2, Sum: 595.5]
      [Termination (ms): Min: 0.0, Avg: 0.0, Max: 0.0, Diff: 0.0, Sum: 0.0]
         [Termination Attempts: Min: 1, Avg: 1.0, Max: 1, Diff: 0, Sum: 4]
      [GC Worker Other (ms): Min: 0.0, Avg: 0.0, Max: 0.0, Diff: 0.0, Sum: 0.0]
      [GC Worker Total (ms): Min: 149.8, Avg: 149.9, Max: 149.9, Diff: 0.0, Sum: 599.4]
      [GC Worker End (ms): Min: 35125.1, Avg: 35125.1, Max: 35125.1, Diff: 0.0]
   [Code Root Fixup: 0.0 ms]
   [Code Root Purge: 0.0 ms]
   [Clear CT: 0.0 ms]
   [Other: 8.1 ms]
      [Evacuation Failure: 7.8 ms]
      [Choose CSet: 0.0 ms]
      [Ref Proc: 0.1 ms]
      [Ref Enq: 0.0 ms]
      [Redirty Cards: 0.0 ms]
      [Humongous Register: 0.0 ms]
      [Humongous Reclaim: 0.0 ms]
      [Free CSet: 0.0 ms]
   [Eden: 8192.0K(128.0M)->0.0B(128.0M) Survivors: 0.0B->0.0B Heap: 511.7M(512.0M)->511.7M(512.0M)]
 [Times: user=0.20 sys=0.03, real=0.15 secs] 
2018-06-14T22:53:07.685+0300: 35.134: [GC pause (G1 Evacuation Pause) (young) (initial-mark), 0.0012971 secs]
   [Parallel Time: 1.1 ms, GC Workers: 4]
      [GC Worker Start (ms): Min: 35133.7, Avg: 35133.7, Max: 35133.7, Diff: 0.0]
      [Ext Root Scanning (ms): Min: 0.3, Avg: 0.3, Max: 0.3, Diff: 0.0, Sum: 1.4]
      [Update RS (ms): Min: 0.6, Avg: 0.7, Max: 0.7, Diff: 0.0, Sum: 2.6]
         [Processed Buffers: Min: 1, Avg: 3.0, Max: 5, Diff: 4, Sum: 12]
      [Scan RS (ms): Min: 0.0, Avg: 0.0, Max: 0.0, Diff: 0.0, Sum: 0.0]
      [Code Root Scanning (ms): Min: 0.0, Avg: 0.0, Max: 0.0, Diff: 0.0, Sum: 0.0]
      [Object Copy (ms): Min: 0.0, Avg: 0.0, Max: 0.0, Diff: 0.0, Sum: 0.1]
      [Termination (ms): Min: 0.0, Avg: 0.0, Max: 0.0, Diff: 0.0, Sum: 0.0]
         [Termination Attempts: Min: 1, Avg: 1.0, Max: 1, Diff: 0, Sum: 4]
      [GC Worker Other (ms): Min: 0.0, Avg: 0.0, Max: 0.0, Diff: 0.0, Sum: 0.0]
      [GC Worker Total (ms): Min: 1.0, Avg: 1.0, Max: 1.0, Diff: 0.0, Sum: 4.1]
      [GC Worker End (ms): Min: 35134.7, Avg: 35134.7, Max: 35134.7, Diff: 0.0]
   [Code Root Fixup: 0.0 ms]
   [Code Root Purge: 0.0 ms]
   [Clear CT: 0.0 ms]
   [Other: 0.2 ms]
      [Choose CSet: 0.0 ms]
      [Ref Proc: 0.1 ms]
      [Ref Enq: 0.0 ms]
      [Redirty Cards: 0.1 ms]
      [Humongous Register: 0.0 ms]
      [Humongous Reclaim: 0.0 ms]
      [Free CSet: 0.0 ms]
   [Eden: 0.0B(128.0M)->0.0B(128.0M) Survivors: 0.0B->0.0B Heap: 511.7M(512.0M)->511.7M(512.0M)]
 [Times: user=0.00 sys=0.00, real=0.00 secs] 
2018-06-14T22:53:07.685+0300: 35.135: [GC concurrent-root-region-scan-start]
2018-06-14T22:53:07.685+0300: 35.135: [GC concurrent-root-region-scan-end, 0.0000111 secs]
2018-06-14T22:53:07.685+0300: 35.135: [GC concurrent-mark-start]
2018-06-14T22:53:07.685+0300: 35.135: [Full GC (Allocation Failure)  511M->503M(512M), 1.3861654 secs]
   [Eden: 0.0B(128.0M)->0.0B(128.0M) Survivors: 0.0B->0.0B Heap: 511.7M(512.0M)->503.7M(512.0M)], [Metaspace: 8312K->8312K(1056768K)]
 [Times: user=1.86 sys=0.05, real=1.39 secs] 
2018-06-14T22:53:09.075+0300: 36.521: [GC concurrent-mark-abort]
2018-06-14T22:53:09.083+0300: 36.526: [GC pause (G1 Evacuation Pause) (young) (to-space exhausted), 0.1690294 secs]
   [Parallel Time: 160.7 ms, GC Workers: 4]
      [GC Worker Start (ms): Min: 36526.3, Avg: 36526.3, Max: 36526.3, Diff: 0.0]
      [Ext Root Scanning (ms): Min: 0.2, Avg: 0.2, Max: 0.2, Diff: 0.0, Sum: 0.9]
      [Update RS (ms): Min: 0.0, Avg: 0.8, Max: 1.2, Diff: 1.2, Sum: 3.3]
         [Processed Buffers: Min: 1, Avg: 1.3, Max: 2, Diff: 1, Sum: 5]
      [Scan RS (ms): Min: 0.0, Avg: 0.0, Max: 0.0, Diff: 0.0, Sum: 0.0]
      [Code Root Scanning (ms): Min: 0.0, Avg: 0.0, Max: 0.0, Diff: 0.0, Sum: 0.0]
      [Object Copy (ms): Min: 159.2, Avg: 159.6, Max: 160.4, Diff: 1.2, Sum: 638.4]
      [Termination (ms): Min: 0.0, Avg: 0.0, Max: 0.0, Diff: 0.0, Sum: 0.1]
         [Termination Attempts: Min: 1, Avg: 1.0, Max: 1, Diff: 0, Sum: 4]
      [GC Worker Other (ms): Min: 0.0, Avg: 0.0, Max: 0.0, Diff: 0.0, Sum: 0.0]
      [GC Worker Total (ms): Min: 160.7, Avg: 160.7, Max: 160.7, Diff: 0.0, Sum: 642.7]
      [GC Worker End (ms): Min: 36687.0, Avg: 36687.0, Max: 36687.0, Diff: 0.0]
   [Code Root Fixup: 0.0 ms]
   [Code Root Purge: 0.0 ms]
   [Clear CT: 0.0 ms]
   [Other: 8.2 ms]
      [Evacuation Failure: 8.0 ms]
      [Choose CSet: 0.0 ms]
      [Ref Proc: 0.1 ms]
      [Ref Enq: 0.0 ms]
      [Redirty Cards: 0.1 ms]
      [Humongous Register: 0.0 ms]
      [Humongous Reclaim: 0.0 ms]
      [Free CSet: 0.0 ms]
   [Eden: 8192.0K(128.0M)->0.0B(128.0M) Survivors: 0.0B->0.0B Heap: 511.7M(512.0M)->511.7M(512.0M)]
 [Times: user=0.19 sys=0.05, real=0.17 secs] 
2018-06-14T22:53:09.250+0300: 36.696: [GC pause (G1 Evacuation Pause) (young) (initial-mark), 0.0013790 secs]
   [Parallel Time: 1.1 ms, GC Workers: 4]
      [GC Worker Start (ms): Min: 36695.6, Avg: 36695.6, Max: 36695.6, Diff: 0.0]
      [Ext Root Scanning (ms): Min: 0.3, Avg: 0.3, Max: 0.3, Diff: 0.0, Sum: 1.3]
      [Update RS (ms): Min: 0.7, Avg: 0.7, Max: 0.7, Diff: 0.0, Sum: 2.8]
         [Processed Buffers: Min: 2, Avg: 2.8, Max: 4, Diff: 2, Sum: 11]
      [Scan RS (ms): Min: 0.0, Avg: 0.0, Max: 0.0, Diff: 0.0, Sum: 0.0]
      [Code Root Scanning (ms): Min: 0.0, Avg: 0.0, Max: 0.0, Diff: 0.0, Sum: 0.0]
      [Object Copy (ms): Min: 0.0, Avg: 0.0, Max: 0.0, Diff: 0.0, Sum: 0.1]
      [Termination (ms): Min: 0.0, Avg: 0.0, Max: 0.0, Diff: 0.0, Sum: 0.0]
         [Termination Attempts: Min: 1, Avg: 1.0, Max: 1, Diff: 0, Sum: 4]
      [GC Worker Other (ms): Min: 0.0, Avg: 0.0, Max: 0.0, Diff: 0.0, Sum: 0.0]
      [GC Worker Total (ms): Min: 1.1, Avg: 1.1, Max: 1.1, Diff: 0.0, Sum: 4.2]
      [GC Worker End (ms): Min: 36696.7, Avg: 36696.7, Max: 36696.7, Diff: 0.0]
   [Code Root Fixup: 0.0 ms]
   [Code Root Purge: 0.0 ms]
   [Clear CT: 0.0 ms]
   [Other: 0.3 ms]
      [Choose CSet: 0.0 ms]
      [Ref Proc: 0.1 ms]
      [Ref Enq: 0.0 ms]
      [Redirty Cards: 0.0 ms]
      [Humongous Register: 0.0 ms]
      [Humongous Reclaim: 0.0 ms]
      [Free CSet: 0.0 ms]
   [Eden: 0.0B(128.0M)->0.0B(128.0M) Survivors: 0.0B->0.0B Heap: 511.7M(512.0M)->511.7M(512.0M)]
 [Times: user=0.00 sys=0.00, real=0.00 secs] 
2018-06-14T22:53:09.250+0300: 36.697: [GC concurrent-root-region-scan-start]
2018-06-14T22:53:09.250+0300: 36.697: [GC concurrent-root-region-scan-end, 0.0000107 secs]
2018-06-14T22:53:09.250+0300: 36.697: [GC concurrent-mark-start]
2018-06-14T22:53:09.250+0300: 36.697: [Full GC (Allocation Failure)  511M->503M(512M), 1.3517143 secs]
   [Eden: 0.0B(128.0M)->0.0B(128.0M) Survivors: 0.0B->0.0B Heap: 511.7M(512.0M)->503.7M(512.0M)], [Metaspace: 8312K->8312K(1056768K)]
 [Times: user=1.83 sys=0.05, real=1.35 secs] 
2018-06-14T22:53:10.604+0300: 38.049: [GC concurrent-mark-abort]
2018-06-14T22:53:10.612+0300: 38.056: [GC pause (G1 Evacuation Pause) (young) (to-space exhausted), 0.1657616 secs]
   [Parallel Time: 157.9 ms, GC Workers: 4]
      [GC Worker Start (ms): Min: 38056.0, Avg: 38056.0, Max: 38056.0, Diff: 0.0]
      [Ext Root Scanning (ms): Min: 0.2, Avg: 0.2, Max: 0.2, Diff: 0.0, Sum: 0.8]
      [Update RS (ms): Min: 0.0, Avg: 0.8, Max: 1.2, Diff: 1.2, Sum: 3.3]
         [Processed Buffers: Min: 0, Avg: 0.8, Max: 1, Diff: 1, Sum: 3]
      [Scan RS (ms): Min: 0.0, Avg: 0.0, Max: 0.0, Diff: 0.0, Sum: 0.0]
      [Code Root Scanning (ms): Min: 0.0, Avg: 0.0, Max: 0.0, Diff: 0.0, Sum: 0.0]
      [Object Copy (ms): Min: 156.4, Avg: 156.8, Max: 157.6, Diff: 1.2, Sum: 627.2]
      [Termination (ms): Min: 0.0, Avg: 0.0, Max: 0.0, Diff: 0.0, Sum: 0.1]
         [Termination Attempts: Min: 1, Avg: 1.3, Max: 2, Diff: 1, Sum: 5]
      [GC Worker Other (ms): Min: 0.0, Avg: 0.0, Max: 0.0, Diff: 0.0, Sum: 0.0]
      [GC Worker Total (ms): Min: 157.8, Avg: 157.8, Max: 157.9, Diff: 0.0, Sum: 631.4]
      [GC Worker End (ms): Min: 38213.9, Avg: 38213.9, Max: 38213.9, Diff: 0.0]
   [Code Root Fixup: 0.0 ms]
   [Code Root Purge: 0.0 ms]
   [Clear CT: 0.0 ms]
   [Other: 7.8 ms]
      [Evacuation Failure: 7.6 ms]
      [Choose CSet: 0.0 ms]
      [Ref Proc: 0.1 ms]
      [Ref Enq: 0.0 ms]
      [Redirty Cards: 0.1 ms]
      [Humongous Register: 0.0 ms]
      [Humongous Reclaim: 0.0 ms]
      [Free CSet: 0.0 ms]
   [Eden: 8192.0K(128.0M)->0.0B(128.0M) Survivors: 0.0B->0.0B Heap: 511.7M(512.0M)->511.7M(512.0M)]
 [Times: user=0.13 sys=0.06, real=0.15 secs] 
2018-06-14T22:53:10.764+0300: 38.222: [GC pause (G1 Evacuation Pause) (young) (initial-mark), 0.0014566 secs]
   [Parallel Time: 1.2 ms, GC Workers: 4]
      [GC Worker Start (ms): Min: 38222.0, Avg: 38222.0, Max: 38222.1, Diff: 0.0]
      [Ext Root Scanning (ms): Min: 0.4, Avg: 0.5, Max: 0.5, Diff: 0.0, Sum: 1.8]
      [Update RS (ms): Min: 0.7, Avg: 0.7, Max: 0.7, Diff: 0.0, Sum: 2.9]
         [Processed Buffers: Min: 2, Avg: 2.8, Max: 4, Diff: 2, Sum: 11]
      [Scan RS (ms): Min: 0.0, Avg: 0.0, Max: 0.0, Diff: 0.0, Sum: 0.0]
      [Code Root Scanning (ms): Min: 0.0, Avg: 0.0, Max: 0.0, Diff: 0.0, Sum: 0.0]
      [Object Copy (ms): Min: 0.0, Avg: 0.0, Max: 0.0, Diff: 0.0, Sum: 0.1]
      [Termination (ms): Min: 0.0, Avg: 0.0, Max: 0.0, Diff: 0.0, Sum: 0.0]
         [Termination Attempts: Min: 1, Avg: 1.0, Max: 1, Diff: 0, Sum: 4]
      [GC Worker Other (ms): Min: 0.0, Avg: 0.0, Max: 0.0, Diff: 0.0, Sum: 0.0]
      [GC Worker Total (ms): Min: 1.2, Avg: 1.2, Max: 1.2, Diff: 0.0, Sum: 4.8]
      [GC Worker End (ms): Min: 38223.2, Avg: 38223.2, Max: 38223.2, Diff: 0.0]
   [Code Root Fixup: 0.0 ms]
   [Code Root Purge: 0.0 ms]
   [Clear CT: 0.0 ms]
   [Other: 0.2 ms]
      [Choose CSet: 0.0 ms]
      [Ref Proc: 0.1 ms]
      [Ref Enq: 0.0 ms]
      [Redirty Cards: 0.0 ms]
      [Humongous Register: 0.0 ms]
      [Humongous Reclaim: 0.0 ms]
      [Free CSet: 0.0 ms]
   [Eden: 0.0B(128.0M)->0.0B(128.0M) Survivors: 0.0B->0.0B Heap: 511.7M(512.0M)->511.7M(512.0M)]
 [Times: user=0.06 sys=0.00, real=0.02 secs] 
2018-06-14T22:53:10.779+0300: 38.224: [GC concurrent-root-region-scan-start]
2018-06-14T22:53:10.779+0300: 38.224: [GC concurrent-root-region-scan-end, 0.0000128 secs]
2018-06-14T22:53:10.779+0300: 38.224: [GC concurrent-mark-start]
2018-06-14T22:53:11.049+0300: 38.506: [Full GC (Allocation Failure)  511M->503M(512M), 1.3416505 secs]
   [Eden: 0.0B(128.0M)->0.0B(128.0M) Survivors: 0.0B->0.0B Heap: 511.7M(512.0M)->503.7M(512.0M)], [Metaspace: 8312K->8312K(1056768K)]
 [Times: user=1.83 sys=0.05, real=1.35 secs] 
2018-06-14T22:53:12.399+0300: 39.847: [GC concurrent-mark-abort]
2018-06-14T22:53:12.407+0300: 39.853: [GC pause (G1 Evacuation Pause) (young) (to-space exhausted), 0.1645571 secs]
   [Parallel Time: 157.2 ms, GC Workers: 4]
      [GC Worker Start (ms): Min: 39852.7, Avg: 39852.7, Max: 39852.7, Diff: 0.0]
      [Ext Root Scanning (ms): Min: 0.2, Avg: 0.2, Max: 0.2, Diff: 0.0, Sum: 0.8]
      [Update RS (ms): Min: 0.0, Avg: 0.8, Max: 1.3, Diff: 1.3, Sum: 3.4]
         [Processed Buffers: Min: 0, Avg: 0.8, Max: 1, Diff: 1, Sum: 3]
      [Scan RS (ms): Min: 0.0, Avg: 0.0, Max: 0.0, Diff: 0.0, Sum: 0.0]
      [Code Root Scanning (ms): Min: 0.0, Avg: 0.0, Max: 0.0, Diff: 0.0, Sum: 0.0]
      [Object Copy (ms): Min: 155.6, Avg: 156.1, Max: 156.9, Diff: 1.3, Sum: 624.2]
      [Termination (ms): Min: 0.0, Avg: 0.0, Max: 0.0, Diff: 0.0, Sum: 0.0]
         [Termination Attempts: Min: 1, Avg: 1.0, Max: 1, Diff: 0, Sum: 4]
      [GC Worker Other (ms): Min: 0.0, Avg: 0.0, Max: 0.0, Diff: 0.0, Sum: 0.0]
      [GC Worker Total (ms): Min: 157.1, Avg: 157.1, Max: 157.1, Diff: 0.0, Sum: 628.5]
      [GC Worker End (ms): Min: 40009.8, Avg: 40009.9, Max: 40009.9, Diff: 0.0]
   [Code Root Fixup: 0.0 ms]
   [Code Root Purge: 0.0 ms]
   [Clear CT: 0.0 ms]
   [Other: 7.4 ms]
      [Evacuation Failure: 7.2 ms]
      [Choose CSet: 0.0 ms]
      [Ref Proc: 0.1 ms]
      [Ref Enq: 0.0 ms]
      [Redirty Cards: 0.0 ms]
      [Humongous Register: 0.0 ms]
      [Humongous Reclaim: 0.0 ms]
      [Free CSet: 0.0 ms]
   [Eden: 8192.0K(128.0M)->0.0B(128.0M) Survivors: 0.0B->0.0B Heap: 511.7M(512.0M)->511.7M(512.0M)]
 [Times: user=0.13 sys=0.08, real=0.16 secs] 
2018-06-14T22:53:12.564+0300: 40.017: [GC pause (G1 Evacuation Pause) (young) (initial-mark), 0.0012672 secs]
   [Parallel Time: 1.1 ms, GC Workers: 4]
      [GC Worker Start (ms): Min: 40017.5, Avg: 40017.5, Max: 40017.5, Diff: 0.0]
      [Ext Root Scanning (ms): Min: 0.3, Avg: 0.3, Max: 0.3, Diff: 0.0, Sum: 1.2]
      [Update RS (ms): Min: 0.7, Avg: 0.7, Max: 0.7, Diff: 0.0, Sum: 2.8]
         [Processed Buffers: Min: 1, Avg: 2.8, Max: 5, Diff: 4, Sum: 11]
      [Scan RS (ms): Min: 0.0, Avg: 0.0, Max: 0.0, Diff: 0.0, Sum: 0.0]
      [Code Root Scanning (ms): Min: 0.0, Avg: 0.0, Max: 0.0, Diff: 0.0, Sum: 0.0]
      [Object Copy (ms): Min: 0.0, Avg: 0.0, Max: 0.0, Diff: 0.0, Sum: 0.0]
      [Termination (ms): Min: 0.0, Avg: 0.0, Max: 0.0, Diff: 0.0, Sum: 0.1]
         [Termination Attempts: Min: 1, Avg: 1.0, Max: 1, Diff: 0, Sum: 4]
      [GC Worker Other (ms): Min: 0.0, Avg: 0.0, Max: 0.0, Diff: 0.0, Sum: 0.0]
      [GC Worker Total (ms): Min: 1.0, Avg: 1.0, Max: 1.0, Diff: 0.0, Sum: 4.2]
      [GC Worker End (ms): Min: 40018.5, Avg: 40018.5, Max: 40018.6, Diff: 0.0]
   [Code Root Fixup: 0.0 ms]
   [Code Root Purge: 0.0 ms]
   [Clear CT: 0.0 ms]
   [Other: 0.2 ms]
      [Choose CSet: 0.0 ms]
      [Ref Proc: 0.1 ms]
      [Ref Enq: 0.0 ms]
      [Redirty Cards: 0.0 ms]
      [Humongous Register: 0.0 ms]
      [Humongous Reclaim: 0.0 ms]
      [Free CSet: 0.0 ms]
   [Eden: 0.0B(128.0M)->0.0B(128.0M) Survivors: 0.0B->0.0B Heap: 511.7M(512.0M)->511.7M(512.0M)]
 [Times: user=0.00 sys=0.00, real=0.00 secs] 
2018-06-14T22:53:12.564+0300: 40.019: [GC concurrent-root-region-scan-start]
2018-06-14T22:53:12.564+0300: 40.019: [GC concurrent-root-region-scan-end, 0.0000102 secs]
2018-06-14T22:53:12.564+0300: 40.019: [GC concurrent-mark-start]
2018-06-14T22:53:12.564+0300: 40.019: [Full GC (Allocation Failure)  511M->503M(512M), 1.3647702 secs]
   [Eden: 0.0B(128.0M)->0.0B(128.0M) Survivors: 0.0B->0.0B Heap: 511.7M(512.0M)->503.7M(512.0M)], [Metaspace: 8312K->8312K(1056768K)]
 [Times: user=1.83 sys=0.01, real=1.37 secs] 
2018-06-14T22:53:13.937+0300: 41.384: [GC concurrent-mark-abort]
2018-06-14T22:53:13.945+0300: 41.390: [GC pause (G1 Evacuation Pause) (young) (to-space exhausted), 0.1474141 secs]
   [Parallel Time: 140.1 ms, GC Workers: 4]
      [GC Worker Start (ms): Min: 41389.9, Avg: 41389.9, Max: 41389.9, Diff: 0.0]
      [Ext Root Scanning (ms): Min: 0.2, Avg: 0.2, Max: 0.2, Diff: 0.0, Sum: 0.9]
      [Update RS (ms): Min: 0.0, Avg: 0.7, Max: 1.2, Diff: 1.2, Sum: 2.7]
         [Processed Buffers: Min: 1, Avg: 1.0, Max: 1, Diff: 0, Sum: 4]
      [Scan RS (ms): Min: 0.0, Avg: 0.0, Max: 0.0, Diff: 0.0, Sum: 0.0]
      [Code Root Scanning (ms): Min: 0.0, Avg: 0.0, Max: 0.0, Diff: 0.0, Sum: 0.0]
      [Object Copy (ms): Min: 138.7, Avg: 139.2, Max: 139.8, Diff: 1.1, Sum: 556.6]
      [Termination (ms): Min: 0.0, Avg: 0.0, Max: 0.0, Diff: 0.0, Sum: 0.0]
         [Termination Attempts: Min: 1, Avg: 1.0, Max: 1, Diff: 0, Sum: 4]
      [GC Worker Other (ms): Min: 0.0, Avg: 0.0, Max: 0.0, Diff: 0.0, Sum: 0.0]
      [GC Worker Total (ms): Min: 140.1, Avg: 140.1, Max: 140.1, Diff: 0.0, Sum: 560.4]
      [GC Worker End (ms): Min: 41530.0, Avg: 41530.0, Max: 41530.0, Diff: 0.0]
   [Code Root Fixup: 0.0 ms]
   [Code Root Purge: 0.0 ms]
   [Clear CT: 0.0 ms]
   [Other: 7.2 ms]
      [Evacuation Failure: 7.0 ms]
      [Choose CSet: 0.0 ms]
      [Ref Proc: 0.1 ms]
      [Ref Enq: 0.0 ms]
      [Redirty Cards: 0.1 ms]
      [Humongous Register: 0.0 ms]
      [Humongous Reclaim: 0.0 ms]
      [Free CSet: 0.0 ms]
   [Eden: 8192.0K(128.0M)->0.0B(128.0M) Survivors: 0.0B->0.0B Heap: 511.7M(512.0M)->511.7M(512.0M)]
 [Times: user=0.13 sys=0.05, real=0.14 secs] 
2018-06-14T22:53:14.086+0300: 41.537: [GC pause (G1 Evacuation Pause) (young) (initial-mark), 0.0011546 secs]
   [Parallel Time: 1.0 ms, GC Workers: 4]
      [GC Worker Start (ms): Min: 41537.5, Avg: 41537.5, Max: 41537.5, Diff: 0.0]
      [Ext Root Scanning (ms): Min: 0.3, Avg: 0.3, Max: 0.3, Diff: 0.0, Sum: 1.2]
      [Update RS (ms): Min: 0.6, Avg: 0.6, Max: 0.6, Diff: 0.0, Sum: 2.5]
         [Processed Buffers: Min: 1, Avg: 3.0, Max: 5, Diff: 4, Sum: 12]
      [Scan RS (ms): Min: 0.0, Avg: 0.0, Max: 0.0, Diff: 0.0, Sum: 0.0]
      [Code Root Scanning (ms): Min: 0.0, Avg: 0.0, Max: 0.0, Diff: 0.0, Sum: 0.0]
      [Object Copy (ms): Min: 0.0, Avg: 0.0, Max: 0.0, Diff: 0.0, Sum: 0.0]
      [Termination (ms): Min: 0.0, Avg: 0.0, Max: 0.0, Diff: 0.0, Sum: 0.0]
         [Termination Attempts: Min: 1, Avg: 1.0, Max: 1, Diff: 0, Sum: 4]
      [GC Worker Other (ms): Min: 0.0, Avg: 0.0, Max: 0.0, Diff: 0.0, Sum: 0.0]
      [GC Worker Total (ms): Min: 1.0, Avg: 1.0, Max: 1.0, Diff: 0.0, Sum: 3.8]
      [GC Worker End (ms): Min: 41538.5, Avg: 41538.5, Max: 41538.5, Diff: 0.0]
   [Code Root Fixup: 0.0 ms]
   [Code Root Purge: 0.0 ms]
   [Clear CT: 0.0 ms]
   [Other: 0.1 ms]
      [Choose CSet: 0.0 ms]
      [Ref Proc: 0.1 ms]
      [Ref Enq: 0.0 ms]
      [Redirty Cards: 0.0 ms]
      [Humongous Register: 0.0 ms]
      [Humongous Reclaim: 0.0 ms]
      [Free CSet: 0.0 ms]
   [Eden: 0.0B(128.0M)->0.0B(128.0M) Survivors: 0.0B->0.0B Heap: 511.7M(512.0M)->511.7M(512.0M)]
 [Times: user=0.00 sys=0.00, real=0.00 secs] 
2018-06-14T22:53:14.086+0300: 41.539: [GC concurrent-root-region-scan-start]
2018-06-14T22:53:14.086+0300: 41.539: [GC concurrent-root-region-scan-end, 0.0000094 secs]
2018-06-14T22:53:14.086+0300: 41.539: [GC concurrent-mark-start]
2018-06-14T22:53:14.086+0300: 41.539: [Full GC (Allocation Failure)  511M->503M(512M), 1.4515273 secs]
   [Eden: 0.0B(128.0M)->0.0B(128.0M) Survivors: 0.0B->0.0B Heap: 511.7M(512.0M)->503.7M(512.0M)], [Metaspace: 8316K->8316K(1056768K)]
 [Times: user=1.91 sys=0.06, real=1.45 secs] 
2018-06-14T22:53:15.537+0300: 42.991: [GC concurrent-mark-abort]
2018-06-14T22:53:15.537+0300: 42.995: [GC pause (G1 Evacuation Pause) (young) (to-space exhausted), 0.1680310 secs]
   [Parallel Time: 159.6 ms, GC Workers: 4]
      [GC Worker Start (ms): Min: 42995.1, Avg: 42995.1, Max: 42995.2, Diff: 0.0]
      [Ext Root Scanning (ms): Min: 0.2, Avg: 0.2, Max: 0.2, Diff: 0.0, Sum: 0.9]
      [Update RS (ms): Min: 0.0, Avg: 0.9, Max: 1.5, Diff: 1.5, Sum: 3.6]
         [Processed Buffers: Min: 1, Avg: 1.3, Max: 2, Diff: 1, Sum: 5]
      [Scan RS (ms): Min: 0.0, Avg: 0.0, Max: 0.0, Diff: 0.0, Sum: 0.0]
      [Code Root Scanning (ms): Min: 0.0, Avg: 0.0, Max: 0.0, Diff: 0.0, Sum: 0.0]
      [Object Copy (ms): Min: 157.9, Avg: 158.4, Max: 159.3, Diff: 1.4, Sum: 633.8]
      [Termination (ms): Min: 0.0, Avg: 0.0, Max: 0.0, Diff: 0.0, Sum: 0.0]
         [Termination Attempts: Min: 1, Avg: 1.0, Max: 1, Diff: 0, Sum: 4]
      [GC Worker Other (ms): Min: 0.0, Avg: 0.0, Max: 0.0, Diff: 0.0, Sum: 0.0]
      [GC Worker Total (ms): Min: 159.6, Avg: 159.6, Max: 159.6, Diff: 0.0, Sum: 638.3]
      [GC Worker End (ms): Min: 43154.7, Avg: 43154.7, Max: 43154.7, Diff: 0.0]
   [Code Root Fixup: 0.0 ms]
   [Code Root Purge: 0.0 ms]
   [Clear CT: 0.0 ms]
   [Other: 8.4 ms]
      [Evacuation Failure: 8.1 ms]
      [Choose CSet: 0.0 ms]
      [Ref Proc: 0.1 ms]
      [Ref Enq: 0.0 ms]
      [Redirty Cards: 0.1 ms]
      [Humongous Register: 0.0 ms]
      [Humongous Reclaim: 0.0 ms]
      [Free CSet: 0.1 ms]
   [Eden: 8192.0K(128.0M)->0.0B(128.0M) Survivors: 0.0B->0.0B Heap: 511.7M(512.0M)->511.7M(512.0M)]
 [Times: user=0.19 sys=0.05, real=0.17 secs] 
2018-06-14T22:53:15.706+0300: 43.163: [GC pause (G1 Evacuation Pause) (young) (initial-mark), 0.0014643 secs]
   [Parallel Time: 1.2 ms, GC Workers: 4]
      [GC Worker Start (ms): Min: 43163.5, Avg: 43163.5, Max: 43163.5, Diff: 0.0]
      [Ext Root Scanning (ms): Min: 0.3, Avg: 0.3, Max: 0.4, Diff: 0.0, Sum: 1.4]
      [Update RS (ms): Min: 0.6, Avg: 0.7, Max: 0.7, Diff: 0.1, Sum: 2.8]
         [Processed Buffers: Min: 1, Avg: 2.8, Max: 4, Diff: 3, Sum: 11]
      [Scan RS (ms): Min: 0.0, Avg: 0.0, Max: 0.0, Diff: 0.0, Sum: 0.0]
      [Code Root Scanning (ms): Min: 0.0, Avg: 0.0, Max: 0.0, Diff: 0.0, Sum: 0.0]
      [Object Copy (ms): Min: 0.0, Avg: 0.0, Max: 0.0, Diff: 0.0, Sum: 0.1]
      [Termination (ms): Min: 0.0, Avg: 0.1, Max: 0.1, Diff: 0.1, Sum: 0.2]
         [Termination Attempts: Min: 1, Avg: 1.0, Max: 1, Diff: 0, Sum: 4]
      [GC Worker Other (ms): Min: 0.0, Avg: 0.0, Max: 0.0, Diff: 0.0, Sum: 0.1]
      [GC Worker Total (ms): Min: 1.1, Avg: 1.1, Max: 1.1, Diff: 0.0, Sum: 4.5]
      [GC Worker End (ms): Min: 43164.6, Avg: 43164.6, Max: 43164.6, Diff: 0.0]
   [Code Root Fixup: 0.0 ms]
   [Code Root Purge: 0.0 ms]
   [Clear CT: 0.0 ms]
   [Other: 0.3 ms]
      [Choose CSet: 0.0 ms]
      [Ref Proc: 0.1 ms]
      [Ref Enq: 0.0 ms]
      [Redirty Cards: 0.0 ms]
      [Humongous Register: 0.0 ms]
      [Humongous Reclaim: 0.0 ms]
      [Free CSet: 0.0 ms]
   [Eden: 0.0B(128.0M)->0.0B(128.0M) Survivors: 0.0B->0.0B Heap: 511.7M(512.0M)->511.7M(512.0M)]
 [Times: user=0.02 sys=0.00, real=0.02 secs] 
2018-06-14T22:53:15.722+0300: 43.165: [GC concurrent-root-region-scan-start]
2018-06-14T22:53:15.722+0300: 43.165: [GC concurrent-root-region-scan-end, 0.0000119 secs]
2018-06-14T22:53:15.722+0300: 43.165: [GC concurrent-mark-start]
2018-06-14T22:53:15.722+0300: 43.165: [Full GC (Allocation Failure)  511M->503M(512M), 1.3899239 secs]
   [Eden: 0.0B(128.0M)->0.0B(128.0M) Survivors: 0.0B->0.0B Heap: 511.7M(512.0M)->503.7M(512.0M)], [Metaspace: 8316K->8316K(1056768K)]
 [Times: user=1.81 sys=0.03, real=1.38 secs] 
2018-06-14T22:53:17.105+0300: 44.555: [GC concurrent-mark-abort]
2018-06-14T22:53:17.113+0300: 44.560: [GC pause (G1 Evacuation Pause) (young) (to-space exhausted), 0.1690324 secs]
   [Parallel Time: 160.2 ms, GC Workers: 4]
      [GC Worker Start (ms): Min: 44560.3, Avg: 44560.3, Max: 44560.3, Diff: 0.0]
      [Ext Root Scanning (ms): Min: 0.2, Avg: 0.2, Max: 0.2, Diff: 0.0, Sum: 0.8]
      [Update RS (ms): Min: 0.0, Avg: 0.9, Max: 1.3, Diff: 1.3, Sum: 3.4]
         [Processed Buffers: Min: 0, Avg: 0.8, Max: 1, Diff: 1, Sum: 3]
      [Scan RS (ms): Min: 0.0, Avg: 0.0, Max: 0.0, Diff: 0.0, Sum: 0.0]
      [Code Root Scanning (ms): Min: 0.0, Avg: 0.0, Max: 0.0, Diff: 0.0, Sum: 0.0]
      [Object Copy (ms): Min: 158.6, Avg: 159.1, Max: 159.9, Diff: 1.3, Sum: 636.2]
      [Termination (ms): Min: 0.0, Avg: 0.0, Max: 0.0, Diff: 0.0, Sum: 0.0]
         [Termination Attempts: Min: 1, Avg: 1.0, Max: 1, Diff: 0, Sum: 4]
      [GC Worker Other (ms): Min: 0.0, Avg: 0.0, Max: 0.0, Diff: 0.0, Sum: 0.0]
      [GC Worker Total (ms): Min: 160.1, Avg: 160.1, Max: 160.1, Diff: 0.0, Sum: 640.5]
      [GC Worker End (ms): Min: 44720.4, Avg: 44720.4, Max: 44720.4, Diff: 0.0]
   [Code Root Fixup: 0.0 ms]
   [Code Root Purge: 0.0 ms]
   [Clear CT: 0.0 ms]
   [Other: 8.8 ms]
      [Evacuation Failure: 8.5 ms]
      [Choose CSet: 0.0 ms]
      [Ref Proc: 0.1 ms]
      [Ref Enq: 0.0 ms]
      [Redirty Cards: 0.0 ms]
      [Humongous Register: 0.0 ms]
      [Humongous Reclaim: 0.0 ms]
      [Free CSet: 0.1 ms]
   [Eden: 8192.0K(128.0M)->0.0B(128.0M) Survivors: 0.0B->0.0B Heap: 511.7M(512.0M)->511.7M(512.0M)]
 [Times: user=0.19 sys=0.02, real=0.17 secs] 
2018-06-14T22:53:17.286+0300: 44.730: [GC pause (G1 Evacuation Pause) (young) (initial-mark), 0.0013150 secs]
   [Parallel Time: 1.0 ms, GC Workers: 4]
      [GC Worker Start (ms): Min: 44729.6, Avg: 44729.6, Max: 44729.6, Diff: 0.0]
      [Ext Root Scanning (ms): Min: 0.3, Avg: 0.3, Max: 0.3, Diff: 0.0, Sum: 1.2]
      [Update RS (ms): Min: 0.7, Avg: 0.7, Max: 0.7, Diff: 0.0, Sum: 2.8]
         [Processed Buffers: Min: 2, Avg: 2.8, Max: 3, Diff: 1, Sum: 11]
      [Scan RS (ms): Min: 0.0, Avg: 0.0, Max: 0.0, Diff: 0.0, Sum: 0.0]
      [Code Root Scanning (ms): Min: 0.0, Avg: 0.0, Max: 0.0, Diff: 0.0, Sum: 0.0]
      [Object Copy (ms): Min: 0.0, Avg: 0.0, Max: 0.0, Diff: 0.0, Sum: 0.1]
      [Termination (ms): Min: 0.0, Avg: 0.0, Max: 0.0, Diff: 0.0, Sum: 0.0]
         [Termination Attempts: Min: 1, Avg: 1.0, Max: 1, Diff: 0, Sum: 4]
      [GC Worker Other (ms): Min: 0.0, Avg: 0.0, Max: 0.0, Diff: 0.0, Sum: 0.0]
      [GC Worker Total (ms): Min: 1.0, Avg: 1.0, Max: 1.0, Diff: 0.0, Sum: 4.1]
      [GC Worker End (ms): Min: 44730.6, Avg: 44730.6, Max: 44730.6, Diff: 0.0]
   [Code Root Fixup: 0.0 ms]
   [Code Root Purge: 0.0 ms]
   [Clear CT: 0.0 ms]
   [Other: 0.2 ms]
      [Choose CSet: 0.0 ms]
      [Ref Proc: 0.1 ms]
      [Ref Enq: 0.0 ms]
      [Redirty Cards: 0.1 ms]
      [Humongous Register: 0.0 ms]
      [Humongous Reclaim: 0.0 ms]
      [Free CSet: 0.0 ms]
   [Eden: 0.0B(128.0M)->0.0B(128.0M) Survivors: 0.0B->0.0B Heap: 511.7M(512.0M)->511.7M(512.0M)]
 [Times: user=0.00 sys=0.00, real=0.00 secs] 
2018-06-14T22:53:17.286+0300: 44.731: [GC concurrent-root-region-scan-start]
2018-06-14T22:53:17.286+0300: 44.731: [GC concurrent-root-region-scan-end, 0.0000239 secs]
2018-06-14T22:53:17.286+0300: 44.731: [GC concurrent-mark-start]
2018-06-14T22:53:17.286+0300: 44.731: [Full GC (Allocation Failure)  511M->503M(512M), 1.3472300 secs]
   [Eden: 0.0B(128.0M)->0.0B(128.0M) Survivors: 0.0B->0.0B Heap: 511.7M(512.0M)->503.7M(512.0M)], [Metaspace: 8316K->8316K(1056768K)]
 [Times: user=1.80 sys=0.06, real=1.35 secs] 
2018-06-14T22:53:18.634+0300: 46.079: [GC concurrent-mark-abort]
2018-06-14T22:53:18.634+0300: 46.083: [GC pause (G1 Evacuation Pause) (young) (to-space exhausted), 0.1650832 secs]
   [Parallel Time: 157.1 ms, GC Workers: 4]
      [GC Worker Start (ms): Min: 46083.2, Avg: 46083.2, Max: 46083.3, Diff: 0.0]
      [Ext Root Scanning (ms): Min: 0.2, Avg: 0.2, Max: 0.3, Diff: 0.0, Sum: 0.9]
      [Update RS (ms): Min: 0.0, Avg: 0.8, Max: 1.2, Diff: 1.2, Sum: 3.3]
         [Processed Buffers: Min: 0, Avg: 0.8, Max: 1, Diff: 1, Sum: 3]
      [Scan RS (ms): Min: 0.0, Avg: 0.0, Max: 0.0, Diff: 0.0, Sum: 0.0]
      [Code Root Scanning (ms): Min: 0.0, Avg: 0.0, Max: 0.0, Diff: 0.0, Sum: 0.0]
      [Object Copy (ms): Min: 155.6, Avg: 156.0, Max: 156.8, Diff: 1.2, Sum: 623.9]
      [Termination (ms): Min: 0.0, Avg: 0.0, Max: 0.0, Diff: 0.0, Sum: 0.0]
         [Termination Attempts: Min: 1, Avg: 1.0, Max: 1, Diff: 0, Sum: 4]
      [GC Worker Other (ms): Min: 0.0, Avg: 0.0, Max: 0.0, Diff: 0.0, Sum: 0.0]
      [GC Worker Total (ms): Min: 157.0, Avg: 157.1, Max: 157.1, Diff: 0.0, Sum: 628.3]
      [GC Worker End (ms): Min: 46240.3, Avg: 46240.3, Max: 46240.3, Diff: 0.0]
   [Code Root Fixup: 0.0 ms]
   [Code Root Purge: 0.0 ms]
   [Clear CT: 0.0 ms]
   [Other: 7.9 ms]
      [Evacuation Failure: 7.7 ms]
      [Choose CSet: 0.0 ms]
      [Ref Proc: 0.1 ms]
      [Ref Enq: 0.0 ms]
      [Redirty Cards: 0.1 ms]
      [Humongous Register: 0.0 ms]
      [Humongous Reclaim: 0.0 ms]
      [Free CSet: 0.0 ms]
   [Eden: 8192.0K(128.0M)->0.0B(128.0M) Survivors: 0.0B->0.0B Heap: 511.7M(512.0M)->511.7M(512.0M)]
 [Times: user=0.19 sys=0.06, real=0.16 secs] 
2018-06-14T22:53:18.799+0300: 46.249: [GC pause (G1 Evacuation Pause) (young) (initial-mark), 0.0013632 secs]
   [Parallel Time: 1.1 ms, GC Workers: 4]
      [GC Worker Start (ms): Min: 46248.6, Avg: 46248.6, Max: 46248.6, Diff: 0.0]
      [Ext Root Scanning (ms): Min: 0.3, Avg: 0.3, Max: 0.3, Diff: 0.0, Sum: 1.3]
      [Update RS (ms): Min: 0.7, Avg: 0.7, Max: 0.7, Diff: 0.1, Sum: 2.8]
         [Processed Buffers: Min: 1, Avg: 2.8, Max: 4, Diff: 3, Sum: 11]
      [Scan RS (ms): Min: 0.0, Avg: 0.0, Max: 0.0, Diff: 0.0, Sum: 0.0]
      [Code Root Scanning (ms): Min: 0.0, Avg: 0.0, Max: 0.0, Diff: 0.0, Sum: 0.0]
      [Object Copy (ms): Min: 0.0, Avg: 0.0, Max: 0.0, Diff: 0.0, Sum: 0.1]
      [Termination (ms): Min: 0.0, Avg: 0.0, Max: 0.1, Diff: 0.1, Sum: 0.1]
         [Termination Attempts: Min: 1, Avg: 1.0, Max: 1, Diff: 0, Sum: 4]
      [GC Worker Other (ms): Min: 0.0, Avg: 0.0, Max: 0.0, Diff: 0.0, Sum: 0.0]
      [GC Worker Total (ms): Min: 1.0, Avg: 1.1, Max: 1.1, Diff: 0.0, Sum: 4.3]
      [GC Worker End (ms): Min: 46249.7, Avg: 46249.7, Max: 46249.7, Diff: 0.0]
   [Code Root Fixup: 0.0 ms]
   [Code Root Purge: 0.0 ms]
   [Clear CT: 0.1 ms]
   [Other: 0.2 ms]
      [Choose CSet: 0.0 ms]
      [Ref Proc: 0.1 ms]
      [Ref Enq: 0.0 ms]
      [Redirty Cards: 0.0 ms]
      [Humongous Register: 0.0 ms]
      [Humongous Reclaim: 0.0 ms]
      [Free CSet: 0.0 ms]
   [Eden: 0.0B(128.0M)->0.0B(128.0M) Survivors: 0.0B->0.0B Heap: 511.7M(512.0M)->511.7M(512.0M)]
 [Times: user=0.00 sys=0.00, real=0.00 secs] 
2018-06-14T22:53:18.799+0300: 46.250: [GC concurrent-root-region-scan-start]
2018-06-14T22:53:18.799+0300: 46.250: [GC concurrent-root-region-scan-end, 0.0000102 secs]
2018-06-14T22:53:18.799+0300: 46.250: [GC concurrent-mark-start]
2018-06-14T22:53:19.100+0300: 46.548: [Full GC (Allocation Failure)  511M->503M(512M), 1.3788583 secs]
   [Eden: 0.0B(128.0M)->0.0B(128.0M) Survivors: 0.0B->0.0B Heap: 511.7M(512.0M)->503.7M(512.0M)], [Metaspace: 8316K->8316K(1056768K)]
 [Times: user=1.84 sys=0.05, real=1.38 secs] 
2018-06-14T22:53:20.479+0300: 47.927: [GC concurrent-mark-abort]
2018-06-14T22:53:20.489+0300: 47.932: [GC pause (G1 Evacuation Pause) (young) (to-space exhausted), 0.1607888 secs]
   [Parallel Time: 152.6 ms, GC Workers: 4]
      [GC Worker Start (ms): Min: 47932.0, Avg: 47932.0, Max: 47932.1, Diff: 0.0]
      [Ext Root Scanning (ms): Min: 0.2, Avg: 0.2, Max: 0.2, Diff: 0.0, Sum: 0.8]
      [Update RS (ms): Min: 0.0, Avg: 0.8, Max: 1.2, Diff: 1.2, Sum: 3.0]
         [Processed Buffers: Min: 1, Avg: 1.3, Max: 2, Diff: 1, Sum: 5]
      [Scan RS (ms): Min: 0.0, Avg: 0.0, Max: 0.0, Diff: 0.0, Sum: 0.0]
      [Code Root Scanning (ms): Min: 0.0, Avg: 0.0, Max: 0.0, Diff: 0.0, Sum: 0.0]
      [Object Copy (ms): Min: 151.2, Avg: 151.6, Max: 152.3, Diff: 1.2, Sum: 606.4]
      [Termination (ms): Min: 0.0, Avg: 0.0, Max: 0.0, Diff: 0.0, Sum: 0.0]
         [Termination Attempts: Min: 1, Avg: 1.0, Max: 1, Diff: 0, Sum: 4]
      [GC Worker Other (ms): Min: 0.0, Avg: 0.0, Max: 0.0, Diff: 0.0, Sum: 0.0]
      [GC Worker Total (ms): Min: 152.6, Avg: 152.6, Max: 152.6, Diff: 0.0, Sum: 610.4]
      [GC Worker End (ms): Min: 48084.6, Avg: 48084.6, Max: 48084.6, Diff: 0.0]
   [Code Root Fixup: 0.0 ms]
   [Code Root Purge: 0.0 ms]
   [Clear CT: 0.0 ms]
   [Other: 8.1 ms]
      [Evacuation Failure: 7.9 ms]
      [Choose CSet: 0.0 ms]
      [Ref Proc: 0.1 ms]
      [Ref Enq: 0.0 ms]
      [Redirty Cards: 0.0 ms]
      [Humongous Register: 0.0 ms]
      [Humongous Reclaim: 0.0 ms]
      [Free CSet: 0.0 ms]
   [Eden: 8192.0K(128.0M)->0.0B(128.0M) Survivors: 0.0B->0.0B Heap: 511.7M(512.0M)->511.7M(512.0M)]
 [Times: user=0.13 sys=0.08, real=0.15 secs] 
2018-06-14T22:53:20.638+0300: 48.093: [GC pause (G1 Evacuation Pause) (young) (initial-mark), 0.0013423 secs]
   [Parallel Time: 1.1 ms, GC Workers: 4]
      [GC Worker Start (ms): Min: 48093.1, Avg: 48093.1, Max: 48093.1, Diff: 0.0]
      [Ext Root Scanning (ms): Min: 0.4, Avg: 0.4, Max: 0.4, Diff: 0.0, Sum: 1.4]
      [Update RS (ms): Min: 0.7, Avg: 0.7, Max: 0.7, Diff: 0.0, Sum: 2.7]
         [Processed Buffers: Min: 1, Avg: 3.0, Max: 6, Diff: 5, Sum: 12]
      [Scan RS (ms): Min: 0.0, Avg: 0.0, Max: 0.0, Diff: 0.0, Sum: 0.0]
      [Code Root Scanning (ms): Min: 0.0, Avg: 0.0, Max: 0.0, Diff: 0.0, Sum: 0.0]
      [Object Copy (ms): Min: 0.0, Avg: 0.0, Max: 0.0, Diff: 0.0, Sum: 0.1]
      [Termination (ms): Min: 0.0, Avg: 0.0, Max: 0.0, Diff: 0.0, Sum: 0.0]
         [Termination Attempts: Min: 1, Avg: 1.0, Max: 1, Diff: 0, Sum: 4]
      [GC Worker Other (ms): Min: 0.0, Avg: 0.0, Max: 0.0, Diff: 0.0, Sum: 0.0]
      [GC Worker Total (ms): Min: 1.1, Avg: 1.1, Max: 1.1, Diff: 0.0, Sum: 4.3]
      [GC Worker End (ms): Min: 48094.2, Avg: 48094.2, Max: 48094.2, Diff: 0.0]
   [Code Root Fixup: 0.0 ms]
   [Code Root Purge: 0.0 ms]
   [Clear CT: 0.0 ms]
   [Other: 0.2 ms]
      [Choose CSet: 0.0 ms]
      [Ref Proc: 0.1 ms]
      [Ref Enq: 0.0 ms]
      [Redirty Cards: 0.0 ms]
      [Humongous Register: 0.0 ms]
      [Humongous Reclaim: 0.0 ms]
      [Free CSet: 0.0 ms]
   [Eden: 0.0B(128.0M)->0.0B(128.0M) Survivors: 0.0B->0.0B Heap: 511.7M(512.0M)->511.7M(512.0M)]
 [Times: user=0.00 sys=0.00, real=0.00 secs] 
2018-06-14T22:53:20.638+0300: 48.095: [GC concurrent-root-region-scan-start]
2018-06-14T22:53:20.638+0300: 48.095: [GC concurrent-root-region-scan-end, 0.0000119 secs]
2018-06-14T22:53:20.638+0300: 48.095: [GC concurrent-mark-start]
2018-06-14T22:53:20.638+0300: 48.095: [Full GC (Allocation Failure)  511M->503M(512M), 1.4333790 secs]
   [Eden: 0.0B(128.0M)->0.0B(128.0M) Survivors: 0.0B->0.0B Heap: 511.7M(512.0M)->503.7M(512.0M)], [Metaspace: 8317K->8317K(1056768K)]
 [Times: user=1.88 sys=0.03, real=1.44 secs] 
2018-06-14T22:53:22.079+0300: 49.528: [GC concurrent-mark-abort]
2018-06-14T22:53:22.088+0300: 49.534: [GC pause (G1 Evacuation Pause) (young) (to-space exhausted), 0.1713701 secs]
   [Parallel Time: 163.2 ms, GC Workers: 4]
      [GC Worker Start (ms): Min: 49534.0, Avg: 49534.0, Max: 49534.0, Diff: 0.0]
      [Ext Root Scanning (ms): Min: 0.2, Avg: 0.2, Max: 0.2, Diff: 0.0, Sum: 0.8]
      [Update RS (ms): Min: 0.0, Avg: 0.9, Max: 1.3, Diff: 1.3, Sum: 3.4]
         [Processed Buffers: Min: 1, Avg: 1.3, Max: 2, Diff: 1, Sum: 5]
      [Scan RS (ms): Min: 0.0, Avg: 0.0, Max: 0.0, Diff: 0.0, Sum: 0.0]
      [Code Root Scanning (ms): Min: 0.0, Avg: 0.0, Max: 0.0, Diff: 0.0, Sum: 0.0]
      [Object Copy (ms): Min: 161.7, Avg: 162.1, Max: 163.0, Diff: 1.3, Sum: 648.5]
      [Termination (ms): Min: 0.0, Avg: 0.0, Max: 0.0, Diff: 0.0, Sum: 0.0]
         [Termination Attempts: Min: 1, Avg: 1.0, Max: 1, Diff: 0, Sum: 4]
      [GC Worker Other (ms): Min: 0.0, Avg: 0.0, Max: 0.0, Diff: 0.0, Sum: 0.0]
      [GC Worker Total (ms): Min: 163.2, Avg: 163.2, Max: 163.2, Diff: 0.0, Sum: 652.8]
      [GC Worker End (ms): Min: 49697.2, Avg: 49697.2, Max: 49697.2, Diff: 0.0]
   [Code Root Fixup: 0.0 ms]
   [Code Root Purge: 0.0 ms]
   [Clear CT: 0.0 ms]
   [Other: 8.1 ms]
      [Evacuation Failure: 7.8 ms]
      [Choose CSet: 0.0 ms]
      [Ref Proc: 0.1 ms]
      [Ref Enq: 0.0 ms]
      [Redirty Cards: 0.1 ms]
      [Humongous Register: 0.1 ms]
      [Humongous Reclaim: 0.0 ms]
      [Free CSet: 0.0 ms]
   [Eden: 8192.0K(128.0M)->0.0B(128.0M) Survivors: 0.0B->0.0B Heap: 511.7M(512.0M)->511.7M(512.0M)]
 [Times: user=0.20 sys=0.05, real=0.17 secs] 
2018-06-14T22:53:22.260+0300: 49.706: [GC pause (G1 Evacuation Pause) (young) (initial-mark), 0.0013316 secs]
   [Parallel Time: 1.1 ms, GC Workers: 4]
      [GC Worker Start (ms): Min: 49705.6, Avg: 49705.6, Max: 49705.7, Diff: 0.0]
      [Ext Root Scanning (ms): Min: 0.3, Avg: 0.3, Max: 0.3, Diff: 0.0, Sum: 1.2]
      [Update RS (ms): Min: 0.7, Avg: 0.7, Max: 0.7, Diff: 0.0, Sum: 2.8]
         [Processed Buffers: Min: 1, Avg: 2.8, Max: 4, Diff: 3, Sum: 11]
      [Scan RS (ms): Min: 0.0, Avg: 0.0, Max: 0.0, Diff: 0.0, Sum: 0.0]
      [Code Root Scanning (ms): Min: 0.0, Avg: 0.0, Max: 0.0, Diff: 0.0, Sum: 0.0]
      [Object Copy (ms): Min: 0.0, Avg: 0.0, Max: 0.0, Diff: 0.0, Sum: 0.1]
      [Termination (ms): Min: 0.0, Avg: 0.0, Max: 0.0, Diff: 0.0, Sum: 0.0]
         [Termination Attempts: Min: 1, Avg: 1.0, Max: 1, Diff: 0, Sum: 4]
      [GC Worker Other (ms): Min: 0.0, Avg: 0.0, Max: 0.0, Diff: 0.0, Sum: 0.0]
      [GC Worker Total (ms): Min: 1.0, Avg: 1.0, Max: 1.0, Diff: 0.0, Sum: 4.1]
      [GC Worker End (ms): Min: 49706.7, Avg: 49706.7, Max: 49706.7, Diff: 0.0]
   [Code Root Fixup: 0.0 ms]
   [Code Root Purge: 0.0 ms]
   [Clear CT: 0.0 ms]
   [Other: 0.2 ms]
      [Choose CSet: 0.0 ms]
      [Ref Proc: 0.1 ms]
      [Ref Enq: 0.0 ms]
      [Redirty Cards: 0.0 ms]
      [Humongous Register: 0.0 ms]
      [Humongous Reclaim: 0.0 ms]
      [Free CSet: 0.0 ms]
   [Eden: 0.0B(128.0M)->0.0B(128.0M) Survivors: 0.0B->0.0B Heap: 511.7M(512.0M)->511.7M(512.0M)]
 [Times: user=0.00 sys=0.00, real=0.00 secs] 
2018-06-14T22:53:22.260+0300: 49.707: [GC concurrent-root-region-scan-start]
2018-06-14T22:53:22.260+0300: 49.707: [GC concurrent-root-region-scan-end, 0.0000102 secs]
2018-06-14T22:53:22.260+0300: 49.707: [GC concurrent-mark-start]
2018-06-14T22:53:22.592+0300: 50.043: [Full GC (Allocation Failure)  511M->503M(512M), 1.3193614 secs]
   [Eden: 0.0B(128.0M)->0.0B(128.0M) Survivors: 0.0B->0.0B Heap: 511.7M(512.0M)->503.7M(512.0M)], [Metaspace: 8317K->8317K(1056768K)]
 [Times: user=1.78 sys=0.02, real=1.32 secs] 
2018-06-14T22:53:23.915+0300: 51.362: [GC concurrent-mark-abort]
2018-06-14T22:53:23.923+0300: 51.368: [GC pause (G1 Evacuation Pause) (young) (to-space exhausted), 0.1699331 secs]
   [Parallel Time: 161.8 ms, GC Workers: 4]
      [GC Worker Start (ms): Min: 51368.2, Avg: 51368.2, Max: 51368.2, Diff: 0.0]
      [Ext Root Scanning (ms): Min: 0.2, Avg: 0.2, Max: 0.2, Diff: 0.0, Sum: 0.9]
      [Update RS (ms): Min: 0.0, Avg: 0.8, Max: 1.3, Diff: 1.3, Sum: 3.4]
         [Processed Buffers: Min: 0, Avg: 0.8, Max: 1, Diff: 1, Sum: 3]
      [Scan RS (ms): Min: 0.0, Avg: 0.0, Max: 0.0, Diff: 0.0, Sum: 0.0]
      [Code Root Scanning (ms): Min: 0.0, Avg: 0.0, Max: 0.0, Diff: 0.0, Sum: 0.0]
      [Object Copy (ms): Min: 160.2, Avg: 160.7, Max: 161.5, Diff: 1.3, Sum: 642.7]
      [Termination (ms): Min: 0.0, Avg: 0.0, Max: 0.0, Diff: 0.0, Sum: 0.0]
         [Termination Attempts: Min: 1, Avg: 1.3, Max: 2, Diff: 1, Sum: 5]
      [GC Worker Other (ms): Min: 0.0, Avg: 0.0, Max: 0.0, Diff: 0.0, Sum: 0.0]
      [GC Worker Total (ms): Min: 161.7, Avg: 161.8, Max: 161.8, Diff: 0.0, Sum: 647.0]
      [GC Worker End (ms): Min: 51530.0, Avg: 51530.0, Max: 51530.0, Diff: 0.0]
   [Code Root Fixup: 0.0 ms]
   [Code Root Purge: 0.0 ms]
   [Clear CT: 0.0 ms]
   [Other: 8.1 ms]
      [Evacuation Failure: 7.8 ms]
      [Choose CSet: 0.0 ms]
      [Ref Proc: 0.1 ms]
      [Ref Enq: 0.0 ms]
      [Redirty Cards: 0.1 ms]
      [Humongous Register: 0.0 ms]
      [Humongous Reclaim: 0.0 ms]
      [Free CSet: 0.0 ms]
   [Eden: 8192.0K(128.0M)->0.0B(128.0M) Survivors: 0.0B->0.0B Heap: 511.7M(512.0M)->511.7M(512.0M)]
 [Times: user=0.13 sys=0.08, real=0.16 secs] 
2018-06-14T22:53:24.080+0300: 51.538: [GC pause (G1 Evacuation Pause) (young) (initial-mark), 0.0014140 secs]
   [Parallel Time: 1.2 ms, GC Workers: 4]
      [GC Worker Start (ms): Min: 51538.4, Avg: 51538.4, Max: 51538.4, Diff: 0.0]
      [Ext Root Scanning (ms): Min: 0.4, Avg: 0.4, Max: 0.4, Diff: 0.0, Sum: 1.5]
      [Update RS (ms): Min: 0.7, Avg: 0.7, Max: 0.7, Diff: 0.1, Sum: 2.8]
         [Processed Buffers: Min: 1, Avg: 2.8, Max: 4, Diff: 3, Sum: 11]
      [Scan RS (ms): Min: 0.0, Avg: 0.0, Max: 0.0, Diff: 0.0, Sum: 0.0]
      [Code Root Scanning (ms): Min: 0.0, Avg: 0.0, Max: 0.0, Diff: 0.0, Sum: 0.0]
      [Object Copy (ms): Min: 0.0, Avg: 0.0, Max: 0.0, Diff: 0.0, Sum: 0.1]
      [Termination (ms): Min: 0.0, Avg: 0.0, Max: 0.1, Diff: 0.1, Sum: 0.1]
         [Termination Attempts: Min: 1, Avg: 1.0, Max: 1, Diff: 0, Sum: 4]
      [GC Worker Other (ms): Min: 0.0, Avg: 0.0, Max: 0.0, Diff: 0.0, Sum: 0.0]
      [GC Worker Total (ms): Min: 1.1, Avg: 1.1, Max: 1.1, Diff: 0.0, Sum: 4.5]
      [GC Worker End (ms): Min: 51539.5, Avg: 51539.5, Max: 51539.5, Diff: 0.0]
   [Code Root Fixup: 0.0 ms]
   [Code Root Purge: 0.0 ms]
   [Clear CT: 0.0 ms]
   [Other: 0.2 ms]
      [Choose CSet: 0.0 ms]
      [Ref Proc: 0.1 ms]
      [Ref Enq: 0.0 ms]
      [Redirty Cards: 0.0 ms]
      [Humongous Register: 0.0 ms]
      [Humongous Reclaim: 0.0 ms]
      [Free CSet: 0.0 ms]
   [Eden: 0.0B(128.0M)->0.0B(128.0M) Survivors: 0.0B->0.0B Heap: 511.7M(512.0M)->511.7M(512.0M)]
 [Times: user=0.02 sys=0.00, real=0.02 secs] 
2018-06-14T22:53:24.096+0300: 51.540: [GC concurrent-root-region-scan-start]
2018-06-14T22:53:24.096+0300: 51.540: [GC concurrent-root-region-scan-end, 0.0000273 secs]
2018-06-14T22:53:24.096+0300: 51.540: [GC concurrent-mark-start]
2018-06-14T22:53:24.412+0300: 51.858: [Full GC (Allocation Failure)  511M->503M(512M), 1.3210732 secs]
   [Eden: 0.0B(128.0M)->0.0B(128.0M) Survivors: 0.0B->0.0B Heap: 511.7M(512.0M)->503.7M(512.0M)], [Metaspace: 8317K->8317K(1056768K)]
 [Times: user=1.67 sys=0.11, real=1.32 secs] 
2018-06-14T22:53:25.730+0300: 53.179: [GC concurrent-mark-abort]
2018-06-14T22:53:25.738+0300: 53.185: [GC pause (G1 Evacuation Pause) (young) (to-space exhausted), 0.1563365 secs]
   [Parallel Time: 148.3 ms, GC Workers: 4]
      [GC Worker Start (ms): Min: 53185.3, Avg: 53185.3, Max: 53185.3, Diff: 0.0]
      [Ext Root Scanning (ms): Min: 0.2, Avg: 0.2, Max: 0.2, Diff: 0.0, Sum: 0.9]
      [Update RS (ms): Min: 0.0, Avg: 0.8, Max: 1.2, Diff: 1.2, Sum: 3.0]
         [Processed Buffers: Min: 1, Avg: 1.0, Max: 1, Diff: 0, Sum: 4]
      [Scan RS (ms): Min: 0.0, Avg: 0.0, Max: 0.0, Diff: 0.0, Sum: 0.0]
      [Code Root Scanning (ms): Min: 0.0, Avg: 0.0, Max: 0.0, Diff: 0.0, Sum: 0.0]
      [Object Copy (ms): Min: 146.8, Avg: 147.2, Max: 148.0, Diff: 1.2, Sum: 589.0]
      [Termination (ms): Min: 0.0, Avg: 0.0, Max: 0.0, Diff: 0.0, Sum: 0.0]
         [Termination Attempts: Min: 1, Avg: 1.0, Max: 1, Diff: 0, Sum: 4]
      [GC Worker Other (ms): Min: 0.0, Avg: 0.0, Max: 0.0, Diff: 0.0, Sum: 0.0]
      [GC Worker Total (ms): Min: 148.2, Avg: 148.2, Max: 148.2, Diff: 0.0, Sum: 592.9]
      [GC Worker End (ms): Min: 53333.5, Avg: 53333.5, Max: 53333.5, Diff: 0.0]
   [Code Root Fixup: 0.0 ms]
   [Code Root Purge: 0.0 ms]
   [Clear CT: 0.0 ms]
   [Other: 8.0 ms]
      [Evacuation Failure: 7.8 ms]
      [Choose CSet: 0.0 ms]
      [Ref Proc: 0.1 ms]
      [Ref Enq: 0.0 ms]
      [Redirty Cards: 0.1 ms]
      [Humongous Register: 0.0 ms]
      [Humongous Reclaim: 0.0 ms]
      [Free CSet: 0.0 ms]
   [Eden: 8192.0K(128.0M)->0.0B(128.0M) Survivors: 0.0B->0.0B Heap: 511.7M(512.0M)->511.7M(512.0M)]
 [Times: user=0.25 sys=0.03, real=0.16 secs] 
2018-06-14T22:53:25.895+0300: 53.342: [GC pause (G1 Evacuation Pause) (young) (initial-mark), 0.0012484 secs]
   [Parallel Time: 1.1 ms, GC Workers: 4]
      [GC Worker Start (ms): Min: 53341.9, Avg: 53341.9, Max: 53341.9, Diff: 0.0]
      [Ext Root Scanning (ms): Min: 0.3, Avg: 0.3, Max: 0.3, Diff: 0.0, Sum: 1.2]
      [Update RS (ms): Min: 0.6, Avg: 0.7, Max: 0.7, Diff: 0.0, Sum: 2.6]
         [Processed Buffers: Min: 1, Avg: 3.0, Max: 7, Diff: 6, Sum: 12]
      [Scan RS (ms): Min: 0.0, Avg: 0.0, Max: 0.0, Diff: 0.0, Sum: 0.0]
      [Code Root Scanning (ms): Min: 0.0, Avg: 0.0, Max: 0.0, Diff: 0.0, Sum: 0.0]
      [Object Copy (ms): Min: 0.0, Avg: 0.0, Max: 0.0, Diff: 0.0, Sum: 0.1]
      [Termination (ms): Min: 0.0, Avg: 0.0, Max: 0.0, Diff: 0.0, Sum: 0.0]
         [Termination Attempts: Min: 1, Avg: 1.0, Max: 1, Diff: 0, Sum: 4]
      [GC Worker Other (ms): Min: 0.0, Avg: 0.0, Max: 0.0, Diff: 0.0, Sum: 0.0]
      [GC Worker Total (ms): Min: 1.0, Avg: 1.0, Max: 1.0, Diff: 0.0, Sum: 4.0]
      [GC Worker End (ms): Min: 53342.9, Avg: 53342.9, Max: 53342.9, Diff: 0.0]
   [Code Root Fixup: 0.0 ms]
   [Code Root Purge: 0.0 ms]
   [Clear CT: 0.0 ms]
   [Other: 0.2 ms]
      [Choose CSet: 0.0 ms]
      [Ref Proc: 0.1 ms]
      [Ref Enq: 0.0 ms]
      [Redirty Cards: 0.0 ms]
      [Humongous Register: 0.0 ms]
      [Humongous Reclaim: 0.0 ms]
      [Free CSet: 0.0 ms]
   [Eden: 0.0B(128.0M)->0.0B(128.0M) Survivors: 0.0B->0.0B Heap: 511.7M(512.0M)->511.7M(512.0M)]
 [Times: user=0.00 sys=0.00, real=0.00 secs] 
2018-06-14T22:53:25.895+0300: 53.343: [GC concurrent-root-region-scan-start]
2018-06-14T22:53:25.895+0300: 53.343: [GC concurrent-root-region-scan-end, 0.0000090 secs]
2018-06-14T22:53:25.895+0300: 53.343: [GC concurrent-mark-start]
2018-06-14T22:53:25.895+0300: 53.343: [Full GC (Allocation Failure)  511M->503M(512M), 1.3902687 secs]
   [Eden: 0.0B(128.0M)->0.0B(128.0M) Survivors: 0.0B->0.0B Heap: 511.7M(512.0M)->503.7M(512.0M)], [Metaspace: 8317K->8317K(1056768K)]
 [Times: user=1.83 sys=0.08, real=1.39 secs] 
2018-06-14T22:53:27.284+0300: 54.734: [GC concurrent-mark-abort]
2018-06-14T22:53:27.294+0300: 54.738: [GC pause (G1 Evacuation Pause) (young) (to-space exhausted), 0.1689974 secs]
   [Parallel Time: 161.4 ms, GC Workers: 4]
      [GC Worker Start (ms): Min: 54738.5, Avg: 54738.6, Max: 54738.6, Diff: 0.0]
      [Ext Root Scanning (ms): Min: 0.2, Avg: 0.2, Max: 0.2, Diff: 0.0, Sum: 0.9]
      [Update RS (ms): Min: 0.0, Avg: 0.8, Max: 1.3, Diff: 1.2, Sum: 3.4]
         [Processed Buffers: Min: 1, Avg: 1.3, Max: 2, Diff: 1, Sum: 5]
      [Scan RS (ms): Min: 0.0, Avg: 0.0, Max: 0.0, Diff: 0.0, Sum: 0.0]
      [Code Root Scanning (ms): Min: 0.0, Avg: 0.0, Max: 0.0, Diff: 0.0, Sum: 0.0]
      [Object Copy (ms): Min: 159.8, Avg: 160.3, Max: 161.1, Diff: 1.2, Sum: 641.0]
      [Termination (ms): Min: 0.0, Avg: 0.0, Max: 0.0, Diff: 0.0, Sum: 0.0]
         [Termination Attempts: Min: 1, Avg: 1.0, Max: 1, Diff: 0, Sum: 4]
      [GC Worker Other (ms): Min: 0.0, Avg: 0.0, Max: 0.0, Diff: 0.0, Sum: 0.0]
      [GC Worker Total (ms): Min: 161.3, Avg: 161.3, Max: 161.4, Diff: 0.0, Sum: 645.3]
      [GC Worker End (ms): Min: 54899.9, Avg: 54899.9, Max: 54899.9, Diff: 0.0]
   [Code Root Fixup: 0.0 ms]
   [Code Root Purge: 0.0 ms]
   [Clear CT: 0.0 ms]
   [Other: 7.6 ms]
      [Evacuation Failure: 7.4 ms]
      [Choose CSet: 0.0 ms]
      [Ref Proc: 0.1 ms]
      [Ref Enq: 0.0 ms]
      [Redirty Cards: 0.0 ms]
      [Humongous Register: 0.0 ms]
      [Humongous Reclaim: 0.0 ms]
      [Free CSet: 0.0 ms]
   [Eden: 8192.0K(128.0M)->0.0B(128.0M) Survivors: 0.0B->0.0B Heap: 511.7M(512.0M)->511.7M(512.0M)]
 [Times: user=0.23 sys=0.01, real=0.17 secs] 
2018-06-14T22:53:27.459+0300: 54.908: [GC pause (G1 Evacuation Pause) (young) (initial-mark), 0.0012501 secs]
   [Parallel Time: 1.1 ms, GC Workers: 4]
      [GC Worker Start (ms): Min: 54907.8, Avg: 54907.8, Max: 54907.8, Diff: 0.0]
      [Ext Root Scanning (ms): Min: 0.3, Avg: 0.3, Max: 0.3, Diff: 0.0, Sum: 1.2]
      [Update RS (ms): Min: 0.7, Avg: 0.7, Max: 0.7, Diff: 0.0, Sum: 2.8]
         [Processed Buffers: Min: 1, Avg: 2.8, Max: 4, Diff: 3, Sum: 11]
      [Scan RS (ms): Min: 0.0, Avg: 0.0, Max: 0.0, Diff: 0.0, Sum: 0.0]
      [Code Root Scanning (ms): Min: 0.0, Avg: 0.0, Max: 0.0, Diff: 0.0, Sum: 0.0]
      [Object Copy (ms): Min: 0.0, Avg: 0.0, Max: 0.0, Diff: 0.0, Sum: 0.1]
      [Termination (ms): Min: 0.0, Avg: 0.0, Max: 0.1, Diff: 0.1, Sum: 0.1]
         [Termination Attempts: Min: 1, Avg: 1.0, Max: 1, Diff: 0, Sum: 4]
      [GC Worker Other (ms): Min: 0.0, Avg: 0.0, Max: 0.0, Diff: 0.0, Sum: 0.0]
      [GC Worker Total (ms): Min: 1.0, Avg: 1.0, Max: 1.0, Diff: 0.0, Sum: 4.2]
      [GC Worker End (ms): Min: 54908.8, Avg: 54908.8, Max: 54908.8, Diff: 0.0]
   [Code Root Fixup: 0.0 ms]
   [Code Root Purge: 0.0 ms]
   [Clear CT: 0.0 ms]
   [Other: 0.1 ms]
      [Choose CSet: 0.0 ms]
      [Ref Proc: 0.1 ms]
      [Ref Enq: 0.0 ms]
      [Redirty Cards: 0.0 ms]
      [Humongous Register: 0.0 ms]
      [Humongous Reclaim: 0.0 ms]
      [Free CSet: 0.0 ms]
   [Eden: 0.0B(128.0M)->0.0B(128.0M) Survivors: 0.0B->0.0B Heap: 511.7M(512.0M)->511.7M(512.0M)]
 [Times: user=0.00 sys=0.00, real=0.00 secs] 
2018-06-14T22:53:27.459+0300: 54.909: [GC concurrent-root-region-scan-start]
2018-06-14T22:53:27.459+0300: 54.909: [GC concurrent-root-region-scan-end, 0.0000090 secs]
2018-06-14T22:53:27.459+0300: 54.909: [GC concurrent-mark-start]
2018-06-14T22:53:27.459+0300: 54.909: [Full GC (Allocation Failure)  511M->503M(512M), 1.3772281 secs]
   [Eden: 0.0B(128.0M)->0.0B(128.0M) Survivors: 0.0B->0.0B Heap: 511.7M(512.0M)->503.7M(512.0M)], [Metaspace: 8317K->8317K(1056768K)]
 [Times: user=1.83 sys=0.02, real=1.38 secs] 
2018-06-14T22:53:28.843+0300: 56.287: [GC concurrent-mark-abort]
2018-06-14T22:53:28.850+0300: 56.293: [GC pause (G1 Evacuation Pause) (young) (to-space exhausted), 0.1659100 secs]
   [Parallel Time: 158.6 ms, GC Workers: 4]
      [GC Worker Start (ms): Min: 56293.4, Avg: 56293.4, Max: 56293.4, Diff: 0.0]
      [Ext Root Scanning (ms): Min: 0.2, Avg: 0.2, Max: 0.2, Diff: 0.0, Sum: 0.8]
      [Update RS (ms): Min: 0.0, Avg: 0.8, Max: 1.3, Diff: 1.3, Sum: 3.4]
         [Processed Buffers: Min: 0, Avg: 0.8, Max: 1, Diff: 1, Sum: 3]
      [Scan RS (ms): Min: 0.0, Avg: 0.0, Max: 0.0, Diff: 0.0, Sum: 0.0]
      [Code Root Scanning (ms): Min: 0.0, Avg: 0.0, Max: 0.0, Diff: 0.0, Sum: 0.0]
      [Object Copy (ms): Min: 157.0, Avg: 157.5, Max: 158.3, Diff: 1.3, Sum: 629.8]
      [Termination (ms): Min: 0.0, Avg: 0.0, Max: 0.0, Diff: 0.0, Sum: 0.0]
         [Termination Attempts: Min: 1, Avg: 1.0, Max: 1, Diff: 0, Sum: 4]
      [GC Worker Other (ms): Min: 0.0, Avg: 0.0, Max: 0.0, Diff: 0.0, Sum: 0.0]
      [GC Worker Total (ms): Min: 158.5, Avg: 158.5, Max: 158.5, Diff: 0.0, Sum: 634.1]
      [GC Worker End (ms): Min: 56451.9, Avg: 56451.9, Max: 56451.9, Diff: 0.0]
   [Code Root Fixup: 0.0 ms]
   [Code Root Purge: 0.0 ms]
   [Clear CT: 0.0 ms]
   [Other: 7.3 ms]
      [Evacuation Failure: 7.1 ms]
      [Choose CSet: 0.0 ms]
      [Ref Proc: 0.1 ms]
      [Ref Enq: 0.0 ms]
      [Redirty Cards: 0.0 ms]
      [Humongous Register: 0.0 ms]
      [Humongous Reclaim: 0.0 ms]
      [Free CSet: 0.0 ms]
   [Eden: 8192.0K(128.0M)->0.0B(128.0M) Survivors: 0.0B->0.0B Heap: 511.7M(512.0M)->511.7M(512.0M)]
 [Times: user=0.14 sys=0.06, real=0.15 secs] 
2018-06-14T22:53:29.002+0300: 56.459: [GC pause (G1 Evacuation Pause) (young) (initial-mark), 0.0013777 secs]
   [Parallel Time: 1.1 ms, GC Workers: 4]
      [GC Worker Start (ms): Min: 56459.5, Avg: 56459.6, Max: 56459.6, Diff: 0.0]
      [Ext Root Scanning (ms): Min: 0.3, Avg: 0.3, Max: 0.3, Diff: 0.0, Sum: 1.1]
      [Update RS (ms): Min: 0.7, Avg: 0.7, Max: 0.8, Diff: 0.1, Sum: 2.8]
         [Processed Buffers: Min: 1, Avg: 2.8, Max: 4, Diff: 3, Sum: 11]
      [Scan RS (ms): Min: 0.0, Avg: 0.0, Max: 0.0, Diff: 0.0, Sum: 0.0]
      [Code Root Scanning (ms): Min: 0.0, Avg: 0.0, Max: 0.0, Diff: 0.0, Sum: 0.0]
      [Object Copy (ms): Min: 0.0, Avg: 0.0, Max: 0.0, Diff: 0.0, Sum: 0.0]
      [Termination (ms): Min: 0.0, Avg: 0.1, Max: 0.1, Diff: 0.1, Sum: 0.2]
         [Termination Attempts: Min: 1, Avg: 1.0, Max: 1, Diff: 0, Sum: 4]
      [GC Worker Other (ms): Min: 0.0, Avg: 0.0, Max: 0.0, Diff: 0.0, Sum: 0.0]
      [GC Worker Total (ms): Min: 1.1, Avg: 1.1, Max: 1.1, Diff: 0.0, Sum: 4.3]
      [GC Worker End (ms): Min: 56460.6, Avg: 56460.6, Max: 56460.6, Diff: 0.0]
   [Code Root Fixup: 0.0 ms]
   [Code Root Purge: 0.0 ms]
   [Clear CT: 0.0 ms]
   [Other: 0.2 ms]
      [Choose CSet: 0.0 ms]
      [Ref Proc: 0.1 ms]
      [Ref Enq: 0.0 ms]
      [Redirty Cards: 0.0 ms]
      [Humongous Register: 0.0 ms]
      [Humongous Reclaim: 0.0 ms]
      [Free CSet: 0.0 ms]
   [Eden: 0.0B(128.0M)->0.0B(128.0M) Survivors: 0.0B->0.0B Heap: 511.7M(512.0M)->511.7M(512.0M)]
 [Times: user=0.06 sys=0.00, real=0.01 secs] 
2018-06-14T22:53:29.017+0300: 56.461: [GC concurrent-root-region-scan-start]
2018-06-14T22:53:29.017+0300: 56.461: [GC concurrent-root-region-scan-end, 0.0000124 secs]
2018-06-14T22:53:29.017+0300: 56.461: [GC concurrent-mark-start]
2018-06-14T22:53:29.017+0300: 56.461: [Full GC (Allocation Failure)  511M->503M(512M), 1.3319280 secs]
   [Eden: 0.0B(128.0M)->0.0B(128.0M) Survivors: 0.0B->0.0B Heap: 511.7M(512.0M)->503.7M(512.0M)], [Metaspace: 8317K->8317K(1056768K)]
 [Times: user=1.81 sys=0.03, real=1.32 secs] 
2018-06-14T22:53:30.336+0300: 57.793: [GC concurrent-mark-abort]
2018-06-14T22:53:30.352+0300: 57.798: [GC pause (G1 Evacuation Pause) (young) (to-space exhausted), 0.1656720 secs]
   [Parallel Time: 158.3 ms, GC Workers: 4]
      [GC Worker Start (ms): Min: 57798.1, Avg: 57798.1, Max: 57798.1, Diff: 0.0]
      [Ext Root Scanning (ms): Min: 0.2, Avg: 0.2, Max: 0.2, Diff: 0.0, Sum: 0.8]
      [Update RS (ms): Min: 0.0, Avg: 0.9, Max: 1.3, Diff: 1.3, Sum: 3.4]
         [Processed Buffers: Min: 0, Avg: 0.8, Max: 1, Diff: 1, Sum: 3]
      [Scan RS (ms): Min: 0.0, Avg: 0.0, Max: 0.0, Diff: 0.0, Sum: 0.0]
      [Code Root Scanning (ms): Min: 0.0, Avg: 0.0, Max: 0.0, Diff: 0.0, Sum: 0.0]
      [Object Copy (ms): Min: 156.7, Avg: 157.2, Max: 158.0, Diff: 1.3, Sum: 628.7]
      [Termination (ms): Min: 0.0, Avg: 0.0, Max: 0.0, Diff: 0.0, Sum: 0.0]
         [Termination Attempts: Min: 1, Avg: 1.3, Max: 2, Diff: 1, Sum: 5]
      [GC Worker Other (ms): Min: 0.0, Avg: 0.0, Max: 0.0, Diff: 0.0, Sum: 0.0]
      [GC Worker Total (ms): Min: 158.2, Avg: 158.2, Max: 158.3, Diff: 0.0, Sum: 633.0]
      [GC Worker End (ms): Min: 57956.4, Avg: 57956.4, Max: 57956.4, Diff: 0.0]
   [Code Root Fixup: 0.0 ms]
   [Code Root Purge: 0.0 ms]
   [Clear CT: 0.1 ms]
   [Other: 7.3 ms]
      [Evacuation Failure: 7.1 ms]
      [Choose CSet: 0.0 ms]
      [Ref Proc: 0.1 ms]
      [Ref Enq: 0.0 ms]
      [Redirty Cards: 0.0 ms]
      [Humongous Register: 0.0 ms]
      [Humongous Reclaim: 0.0 ms]
      [Free CSet: 0.0 ms]
   [Eden: 8192.0K(128.0M)->0.0B(128.0M) Survivors: 0.0B->0.0B Heap: 511.7M(512.0M)->511.7M(512.0M)]
 [Times: user=0.08 sys=0.16, real=0.15 secs] 
2018-06-14T22:53:30.506+0300: 57.964: [GC pause (G1 Evacuation Pause) (young) (initial-mark), 0.0015578 secs]
   [Parallel Time: 1.3 ms, GC Workers: 4]
      [GC Worker Start (ms): Min: 57964.0, Avg: 57964.0, Max: 57964.1, Diff: 0.0]
      [Ext Root Scanning (ms): Min: 0.5, Avg: 0.5, Max: 0.6, Diff: 0.2, Sum: 2.1]
      [Update RS (ms): Min: 0.6, Avg: 0.7, Max: 0.8, Diff: 0.1, Sum: 2.8]
         [Processed Buffers: Min: 1, Avg: 2.8, Max: 5, Diff: 4, Sum: 11]
      [Scan RS (ms): Min: 0.0, Avg: 0.0, Max: 0.0, Diff: 0.0, Sum: 0.0]
      [Code Root Scanning (ms): Min: 0.0, Avg: 0.0, Max: 0.0, Diff: 0.0, Sum: 0.0]
      [Object Copy (ms): Min: 0.0, Avg: 0.0, Max: 0.0, Diff: 0.0, Sum: 0.1]
      [Termination (ms): Min: 0.0, Avg: 0.0, Max: 0.1, Diff: 0.1, Sum: 0.2]
         [Termination Attempts: Min: 1, Avg: 1.0, Max: 1, Diff: 0, Sum: 4]
      [GC Worker Other (ms): Min: 0.0, Avg: 0.0, Max: 0.0, Diff: 0.0, Sum: 0.0]
      [GC Worker Total (ms): Min: 1.3, Avg: 1.3, Max: 1.3, Diff: 0.0, Sum: 5.1]
      [GC Worker End (ms): Min: 57965.3, Avg: 57965.3, Max: 57965.3, Diff: 0.0]
   [Code Root Fixup: 0.0 ms]
   [Code Root Purge: 0.0 ms]
   [Clear CT: 0.0 ms]
   [Other: 0.2 ms]
      [Choose CSet: 0.0 ms]
      [Ref Proc: 0.1 ms]
      [Ref Enq: 0.0 ms]
      [Redirty Cards: 0.0 ms]
      [Humongous Register: 0.0 ms]
      [Humongous Reclaim: 0.0 ms]
      [Free CSet: 0.0 ms]
   [Eden: 0.0B(128.0M)->0.0B(128.0M) Survivors: 0.0B->0.0B Heap: 511.7M(512.0M)->511.7M(512.0M)]
 [Times: user=0.06 sys=0.00, real=0.01 secs] 
2018-06-14T22:53:30.521+0300: 57.966: [GC concurrent-root-region-scan-start]
2018-06-14T22:53:30.521+0300: 57.966: [GC concurrent-root-region-scan-end, 0.0000128 secs]
2018-06-14T22:53:30.521+0300: 57.966: [GC concurrent-mark-start]
2018-06-14T22:53:30.521+0300: 57.966: [Full GC (Allocation Failure)  511M->503M(512M), 1.3432658 secs]
   [Eden: 0.0B(128.0M)->0.0B(128.0M) Survivors: 0.0B->0.0B Heap: 511.7M(512.0M)->503.7M(512.0M)], [Metaspace: 8317K->8317K(1056768K)]
 [Times: user=1.84 sys=0.01, real=1.34 secs] 
2018-06-14T22:53:31.865+0300: 59.309: [GC concurrent-mark-abort]
2018-06-14T22:53:31.865+0300: 59.314: [GC pause (G1 Evacuation Pause) (young) (to-space exhausted), 0.1574898 secs]
   [Parallel Time: 149.8 ms, GC Workers: 4]
      [GC Worker Start (ms): Min: 59314.3, Avg: 59314.3, Max: 59314.3, Diff: 0.0]
      [Ext Root Scanning (ms): Min: 0.2, Avg: 0.2, Max: 0.2, Diff: 0.0, Sum: 0.9]
      [Update RS (ms): Min: 0.0, Avg: 0.8, Max: 1.3, Diff: 1.2, Sum: 3.1]
         [Processed Buffers: Min: 1, Avg: 1.0, Max: 1, Diff: 0, Sum: 4]
      [Scan RS (ms): Min: 0.0, Avg: 0.0, Max: 0.0, Diff: 0.0, Sum: 0.0]
      [Code Root Scanning (ms): Min: 0.0, Avg: 0.0, Max: 0.0, Diff: 0.0, Sum: 0.0]
      [Object Copy (ms): Min: 148.2, Avg: 148.7, Max: 149.5, Diff: 1.3, Sum: 594.9]
      [Termination (ms): Min: 0.0, Avg: 0.0, Max: 0.0, Diff: 0.0, Sum: 0.1]
         [Termination Attempts: Min: 1, Avg: 1.0, Max: 1, Diff: 0, Sum: 4]
      [GC Worker Other (ms): Min: 0.0, Avg: 0.0, Max: 0.0, Diff: 0.0, Sum: 0.0]
      [GC Worker Total (ms): Min: 149.7, Avg: 149.8, Max: 149.8, Diff: 0.0, Sum: 599.0]
      [GC Worker End (ms): Min: 59464.1, Avg: 59464.1, Max: 59464.1, Diff: 0.0]
   [Code Root Fixup: 0.0 ms]
   [Code Root Purge: 0.0 ms]
   [Clear CT: 0.0 ms]
   [Other: 7.6 ms]
      [Evacuation Failure: 7.4 ms]
      [Choose CSet: 0.0 ms]
      [Ref Proc: 0.1 ms]
      [Ref Enq: 0.0 ms]
      [Redirty Cards: 0.1 ms]
      [Humongous Register: 0.0 ms]
      [Humongous Reclaim: 0.0 ms]
      [Free CSet: 0.0 ms]
   [Eden: 8192.0K(128.0M)->0.0B(128.0M) Survivors: 0.0B->0.0B Heap: 511.7M(512.0M)->511.7M(512.0M)]
 [Times: user=0.16 sys=0.02, real=0.15 secs] 
2018-06-14T22:53:32.014+0300: 59.472: [GC pause (G1 Evacuation Pause) (young) (initial-mark), 0.0013807 secs]
   [Parallel Time: 1.1 ms, GC Workers: 4]
      [GC Worker Start (ms): Min: 59472.1, Avg: 59472.1, Max: 59472.1, Diff: 0.0]
      [Ext Root Scanning (ms): Min: 0.3, Avg: 0.3, Max: 0.3, Diff: 0.0, Sum: 1.3]
      [Update RS (ms): Min: 0.7, Avg: 0.7, Max: 0.7, Diff: 0.0, Sum: 2.7]
         [Processed Buffers: Min: 1, Avg: 3.0, Max: 6, Diff: 5, Sum: 12]
      [Scan RS (ms): Min: 0.0, Avg: 0.0, Max: 0.0, Diff: 0.0, Sum: 0.0]
      [Code Root Scanning (ms): Min: 0.0, Avg: 0.0, Max: 0.0, Diff: 0.0, Sum: 0.0]
      [Object Copy (ms): Min: 0.0, Avg: 0.0, Max: 0.0, Diff: 0.0, Sum: 0.1]
      [Termination (ms): Min: 0.0, Avg: 0.0, Max: 0.0, Diff: 0.0, Sum: 0.0]
         [Termination Attempts: Min: 1, Avg: 1.0, Max: 1, Diff: 0, Sum: 4]
      [GC Worker Other (ms): Min: 0.0, Avg: 0.0, Max: 0.0, Diff: 0.0, Sum: 0.0]
      [GC Worker Total (ms): Min: 1.0, Avg: 1.0, Max: 1.0, Diff: 0.0, Sum: 4.1]
      [GC Worker End (ms): Min: 59473.1, Avg: 59473.1, Max: 59473.1, Diff: 0.0]
   [Code Root Fixup: 0.0 ms]
   [Code Root Purge: 0.0 ms]
   [Clear CT: 0.0 ms]
   [Other: 0.3 ms]
      [Choose CSet: 0.0 ms]
      [Ref Proc: 0.1 ms]
      [Ref Enq: 0.0 ms]
      [Redirty Cards: 0.0 ms]
      [Humongous Register: 0.0 ms]
      [Humongous Reclaim: 0.0 ms]
      [Free CSet: 0.0 ms]
   [Eden: 0.0B(128.0M)->0.0B(128.0M) Survivors: 0.0B->0.0B Heap: 511.7M(512.0M)->511.7M(512.0M)]
 [Times: user=0.06 sys=0.00, real=0.02 secs] 
2018-06-14T22:53:32.030+0300: 59.474: [GC concurrent-root-region-scan-start]
2018-06-14T22:53:32.030+0300: 59.474: [GC concurrent-root-region-scan-end, 0.0000107 secs]
2018-06-14T22:53:32.030+0300: 59.474: [GC concurrent-mark-start]
2018-06-14T22:53:32.356+0300: 59.801: [Full GC (Allocation Failure)  511M->503M(512M), 1.3317134 secs]
   [Eden: 0.0B(128.0M)->0.0B(128.0M) Survivors: 0.0B->0.0B Heap: 511.7M(512.0M)->503.7M(512.0M)], [Metaspace: 8318K->8318K(1056768K)]
 [Times: user=1.72 sys=0.02, real=1.33 secs] 
2018-06-14T22:53:33.689+0300: 61.134: [GC concurrent-mark-abort]
2018-06-14T22:53:33.689+0300: 61.138: [GC pause (G1 Evacuation Pause) (young) (to-space exhausted), 0.1687956 secs]
   [Parallel Time: 161.1 ms, GC Workers: 4]
      [GC Worker Start (ms): Min: 61138.4, Avg: 61138.5, Max: 61138.5, Diff: 0.0]
      [Ext Root Scanning (ms): Min: 0.2, Avg: 0.2, Max: 0.2, Diff: 0.0, Sum: 0.8]
      [Update RS (ms): Min: 0.0, Avg: 0.8, Max: 1.2, Diff: 1.2, Sum: 3.2]
         [Processed Buffers: Min: 1, Avg: 1.3, Max: 2, Diff: 1, Sum: 5]
      [Scan RS (ms): Min: 0.0, Avg: 0.0, Max: 0.0, Diff: 0.0, Sum: 0.0]
      [Code Root Scanning (ms): Min: 0.0, Avg: 0.0, Max: 0.0, Diff: 0.0, Sum: 0.0]
      [Object Copy (ms): Min: 159.6, Avg: 160.0, Max: 160.8, Diff: 1.2, Sum: 640.0]
      [Termination (ms): Min: 0.0, Avg: 0.0, Max: 0.1, Diff: 0.1, Sum: 0.1]
         [Termination Attempts: Min: 1, Avg: 1.0, Max: 1, Diff: 0, Sum: 4]
      [GC Worker Other (ms): Min: 0.0, Avg: 0.0, Max: 0.0, Diff: 0.0, Sum: 0.0]
      [GC Worker Total (ms): Min: 161.0, Avg: 161.0, Max: 161.0, Diff: 0.0, Sum: 644.1]
      [GC Worker End (ms): Min: 61299.5, Avg: 61299.5, Max: 61299.5, Diff: 0.0]
   [Code Root Fixup: 0.0 ms]
   [Code Root Purge: 0.0 ms]
   [Clear CT: 0.0 ms]
   [Other: 7.7 ms]
      [Evacuation Failure: 7.4 ms]
      [Choose CSet: 0.0 ms]
      [Ref Proc: 0.1 ms]
      [Ref Enq: 0.0 ms]
      [Redirty Cards: 0.0 ms]
      [Humongous Register: 0.0 ms]
      [Humongous Reclaim: 0.0 ms]
      [Free CSet: 0.0 ms]
   [Eden: 8192.0K(128.0M)->0.0B(128.0M) Survivors: 0.0B->0.0B Heap: 511.7M(512.0M)->511.7M(512.0M)]
 [Times: user=0.13 sys=0.06, real=0.17 secs] 
2018-06-14T22:53:33.854+0300: 61.307: [GC pause (G1 Evacuation Pause) (young) (initial-mark), 0.0012919 secs]
   [Parallel Time: 1.1 ms, GC Workers: 4]
      [GC Worker Start (ms): Min: 61307.5, Avg: 61307.5, Max: 61307.5, Diff: 0.0]
      [Ext Root Scanning (ms): Min: 0.3, Avg: 0.3, Max: 0.3, Diff: 0.0, Sum: 1.3]
      [Update RS (ms): Min: 0.7, Avg: 0.7, Max: 0.7, Diff: 0.0, Sum: 2.8]
         [Processed Buffers: Min: 1, Avg: 2.8, Max: 4, Diff: 3, Sum: 11]
      [Scan RS (ms): Min: 0.0, Avg: 0.0, Max: 0.0, Diff: 0.0, Sum: 0.0]
      [Code Root Scanning (ms): Min: 0.0, Avg: 0.0, Max: 0.0, Diff: 0.0, Sum: 0.0]
      [Object Copy (ms): Min: 0.0, Avg: 0.0, Max: 0.0, Diff: 0.0, Sum: 0.0]
      [Termination (ms): Min: 0.0, Avg: 0.0, Max: 0.0, Diff: 0.0, Sum: 0.0]
         [Termination Attempts: Min: 1, Avg: 1.0, Max: 1, Diff: 0, Sum: 4]
      [GC Worker Other (ms): Min: 0.0, Avg: 0.0, Max: 0.0, Diff: 0.0, Sum: 0.0]
      [GC Worker Total (ms): Min: 1.0, Avg: 1.0, Max: 1.0, Diff: 0.0, Sum: 4.2]
      [GC Worker End (ms): Min: 61308.6, Avg: 61308.6, Max: 61308.6, Diff: 0.0]
   [Code Root Fixup: 0.0 ms]
   [Code Root Purge: 0.0 ms]
   [Clear CT: 0.0 ms]
   [Other: 0.2 ms]
      [Choose CSet: 0.0 ms]
      [Ref Proc: 0.1 ms]
      [Ref Enq: 0.0 ms]
      [Redirty Cards: 0.0 ms]
      [Humongous Register: 0.0 ms]
      [Humongous Reclaim: 0.0 ms]
      [Free CSet: 0.0 ms]
   [Eden: 0.0B(128.0M)->0.0B(128.0M) Survivors: 0.0B->0.0B Heap: 511.7M(512.0M)->511.7M(512.0M)]
 [Times: user=0.00 sys=0.00, real=0.00 secs] 
2018-06-14T22:53:33.854+0300: 61.309: [GC concurrent-root-region-scan-start]
2018-06-14T22:53:33.854+0300: 61.309: [GC concurrent-root-region-scan-end, 0.0000094 secs]
2018-06-14T22:53:33.854+0300: 61.309: [GC concurrent-mark-start]
2018-06-14T22:53:33.854+0300: 61.309: [Full GC (Allocation Failure)  511M->503M(512M), 1.2955270 secs]
   [Eden: 0.0B(128.0M)->0.0B(128.0M) Survivors: 0.0B->0.0B Heap: 511.7M(512.0M)->503.7M(512.0M)], [Metaspace: 8318K->8318K(1056768K)]
 [Times: user=1.81 sys=0.02, real=1.31 secs] 
2018-06-14T22:53:35.160+0300: 62.605: [GC concurrent-mark-abort]
2018-06-14T22:53:35.168+0300: 62.612: [GC pause (G1 Evacuation Pause) (young) (to-space exhausted), 0.1659557 secs]
   [Parallel Time: 157.6 ms, GC Workers: 4]
      [GC Worker Start (ms): Min: 62611.9, Avg: 62611.9, Max: 62611.9, Diff: 0.0]
      [Ext Root Scanning (ms): Min: 0.2, Avg: 0.2, Max: 0.2, Diff: 0.0, Sum: 0.9]
      [Update RS (ms): Min: 0.0, Avg: 0.8, Max: 1.2, Diff: 1.2, Sum: 3.3]
         [Processed Buffers: Min: 0, Avg: 0.8, Max: 1, Diff: 1, Sum: 3]
      [Scan RS (ms): Min: 0.0, Avg: 0.0, Max: 0.0, Diff: 0.0, Sum: 0.0]
      [Code Root Scanning (ms): Min: 0.0, Avg: 0.0, Max: 0.0, Diff: 0.0, Sum: 0.0]
      [Object Copy (ms): Min: 156.1, Avg: 156.5, Max: 157.3, Diff: 1.2, Sum: 626.0]
      [Termination (ms): Min: 0.0, Avg: 0.0, Max: 0.0, Diff: 0.0, Sum: 0.0]
         [Termination Attempts: Min: 1, Avg: 1.0, Max: 1, Diff: 0, Sum: 4]
      [GC Worker Other (ms): Min: 0.0, Avg: 0.0, Max: 0.0, Diff: 0.0, Sum: 0.0]
      [GC Worker Total (ms): Min: 157.6, Avg: 157.6, Max: 157.6, Diff: 0.0, Sum: 630.3]
      [GC Worker End (ms): Min: 62769.4, Avg: 62769.4, Max: 62769.4, Diff: 0.0]
   [Code Root Fixup: 0.0 ms]
   [Code Root Purge: 0.0 ms]
   [Clear CT: 0.0 ms]
   [Other: 8.3 ms]
      [Evacuation Failure: 8.0 ms]
      [Choose CSet: 0.0 ms]
      [Ref Proc: 0.1 ms]
      [Ref Enq: 0.0 ms]
      [Redirty Cards: 0.0 ms]
      [Humongous Register: 0.0 ms]
      [Humongous Reclaim: 0.0 ms]
      [Free CSet: 0.0 ms]
   [Eden: 8192.0K(128.0M)->0.0B(128.0M) Survivors: 0.0B->0.0B Heap: 511.7M(512.0M)->511.7M(512.0M)]
 [Times: user=0.16 sys=0.03, real=0.16 secs] 
2018-06-14T22:53:35.325+0300: 62.778: [GC pause (G1 Evacuation Pause) (young) (initial-mark), 0.0013269 secs]
   [Parallel Time: 1.1 ms, GC Workers: 4]
      [GC Worker Start (ms): Min: 62778.1, Avg: 62778.1, Max: 62778.1, Diff: 0.0]
      [Ext Root Scanning (ms): Min: 0.3, Avg: 0.3, Max: 0.3, Diff: 0.0, Sum: 1.4]
      [Update RS (ms): Min: 0.6, Avg: 0.7, Max: 0.7, Diff: 0.1, Sum: 2.8]
         [Processed Buffers: Min: 1, Avg: 2.8, Max: 4, Diff: 3, Sum: 11]
      [Scan RS (ms): Min: 0.0, Avg: 0.0, Max: 0.0, Diff: 0.0, Sum: 0.0]
      [Code Root Scanning (ms): Min: 0.0, Avg: 0.0, Max: 0.0, Diff: 0.0, Sum: 0.0]
      [Object Copy (ms): Min: 0.0, Avg: 0.0, Max: 0.0, Diff: 0.0, Sum: 0.1]
      [Termination (ms): Min: 0.0, Avg: 0.0, Max: 0.1, Diff: 0.1, Sum: 0.2]
         [Termination Attempts: Min: 1, Avg: 1.0, Max: 1, Diff: 0, Sum: 4]
      [GC Worker Other (ms): Min: 0.0, Avg: 0.0, Max: 0.0, Diff: 0.0, Sum: 0.0]
      [GC Worker Total (ms): Min: 1.1, Avg: 1.1, Max: 1.1, Diff: 0.0, Sum: 4.4]
      [GC Worker End (ms): Min: 62779.2, Avg: 62779.2, Max: 62779.2, Diff: 0.0]
   [Code Root Fixup: 0.0 ms]
   [Code Root Purge: 0.0 ms]
   [Clear CT: 0.0 ms]
   [Other: 0.2 ms]
      [Choose CSet: 0.0 ms]
      [Ref Proc: 0.1 ms]
      [Ref Enq: 0.0 ms]
      [Redirty Cards: 0.0 ms]
      [Humongous Register: 0.0 ms]
      [Humongous Reclaim: 0.0 ms]
      [Free CSet: 0.0 ms]
   [Eden: 0.0B(128.0M)->0.0B(128.0M) Survivors: 0.0B->0.0B Heap: 511.7M(512.0M)->511.7M(512.0M)]
 [Times: user=0.00 sys=0.00, real=0.00 secs] 
2018-06-14T22:53:35.325+0300: 62.780: [GC concurrent-root-region-scan-start]
2018-06-14T22:53:35.325+0300: 62.780: [GC concurrent-root-region-scan-end, 0.0000102 secs]
2018-06-14T22:53:35.325+0300: 62.780: [GC concurrent-mark-start]
2018-06-14T22:53:35.325+0300: 62.780: [Full GC (Allocation Failure)  511M->503M(512M), 1.3470896 secs]
   [Eden: 0.0B(128.0M)->0.0B(128.0M) Survivors: 0.0B->0.0B Heap: 511.7M(512.0M)->503.7M(512.0M)], [Metaspace: 8318K->8318K(1056768K)]
 [Times: user=1.84 sys=0.03, real=1.36 secs] 
2018-06-14T22:53:36.684+0300: 64.128: [GC concurrent-mark-abort]
2018-06-14T22:53:36.686+0300: 64.134: [GC pause (G1 Evacuation Pause) (young) (to-space exhausted), 0.1666158 secs]
   [Parallel Time: 158.6 ms, GC Workers: 4]
      [GC Worker Start (ms): Min: 64134.6, Avg: 64134.6, Max: 64134.6, Diff: 0.0]
      [Ext Root Scanning (ms): Min: 0.2, Avg: 0.2, Max: 0.2, Diff: 0.0, Sum: 0.8]
      [Update RS (ms): Min: 0.0, Avg: 0.8, Max: 1.3, Diff: 1.3, Sum: 3.3]
         [Processed Buffers: Min: 0, Avg: 0.8, Max: 1, Diff: 1, Sum: 3]
      [Scan RS (ms): Min: 0.0, Avg: 0.0, Max: 0.0, Diff: 0.0, Sum: 0.0]
      [Code Root Scanning (ms): Min: 0.0, Avg: 0.0, Max: 0.0, Diff: 0.0, Sum: 0.0]
      [Object Copy (ms): Min: 157.1, Avg: 157.5, Max: 158.3, Diff: 1.2, Sum: 629.9]
      [Termination (ms): Min: 0.0, Avg: 0.0, Max: 0.0, Diff: 0.0, Sum: 0.0]
         [Termination Attempts: Min: 1, Avg: 1.0, Max: 1, Diff: 0, Sum: 4]
      [GC Worker Other (ms): Min: 0.0, Avg: 0.0, Max: 0.0, Diff: 0.0, Sum: 0.0]
      [GC Worker Total (ms): Min: 158.5, Avg: 158.5, Max: 158.5, Diff: 0.0, Sum: 634.1]
      [GC Worker End (ms): Min: 64293.1, Avg: 64293.1, Max: 64293.1, Diff: 0.0]
   [Code Root Fixup: 0.0 ms]
   [Code Root Purge: 0.0 ms]
   [Clear CT: 0.0 ms]
   [Other: 8.0 ms]
      [Evacuation Failure: 7.8 ms]
      [Choose CSet: 0.0 ms]
      [Ref Proc: 0.1 ms]
      [Ref Enq: 0.0 ms]
      [Redirty Cards: 0.1 ms]
      [Humongous Register: 0.0 ms]
      [Humongous Reclaim: 0.0 ms]
      [Free CSet: 0.0 ms]
   [Eden: 8192.0K(128.0M)->0.0B(128.0M) Survivors: 0.0B->0.0B Heap: 511.7M(512.0M)->511.7M(512.0M)]
 [Times: user=0.25 sys=0.03, real=0.16 secs] 
2018-06-14T22:53:36.851+0300: 64.301: [GC pause (G1 Evacuation Pause) (young) (initial-mark), 0.0013717 secs]
   [Parallel Time: 1.1 ms, GC Workers: 4]
      [GC Worker Start (ms): Min: 64301.4, Avg: 64301.4, Max: 64301.4, Diff: 0.0]
      [Ext Root Scanning (ms): Min: 0.3, Avg: 0.3, Max: 0.3, Diff: 0.0, Sum: 1.3]
      [Update RS (ms): Min: 0.7, Avg: 0.7, Max: 0.7, Diff: 0.0, Sum: 2.8]
         [Processed Buffers: Min: 1, Avg: 2.8, Max: 4, Diff: 3, Sum: 11]
      [Scan RS (ms): Min: 0.0, Avg: 0.0, Max: 0.0, Diff: 0.0, Sum: 0.0]
      [Code Root Scanning (ms): Min: 0.0, Avg: 0.0, Max: 0.0, Diff: 0.0, Sum: 0.0]
      [Object Copy (ms): Min: 0.0, Avg: 0.0, Max: 0.0, Diff: 0.0, Sum: 0.1]
      [Termination (ms): Min: 0.0, Avg: 0.0, Max: 0.0, Diff: 0.0, Sum: 0.1]
         [Termination Attempts: Min: 1, Avg: 1.0, Max: 1, Diff: 0, Sum: 4]
      [GC Worker Other (ms): Min: 0.0, Avg: 0.0, Max: 0.0, Diff: 0.0, Sum: 0.0]
      [GC Worker Total (ms): Min: 1.1, Avg: 1.1, Max: 1.1, Diff: 0.0, Sum: 4.3]
      [GC Worker End (ms): Min: 64302.5, Avg: 64302.5, Max: 64302.5, Diff: 0.0]
   [Code Root Fixup: 0.0 ms]
   [Code Root Purge: 0.0 ms]
   [Clear CT: 0.1 ms]
   [Other: 0.2 ms]
      [Choose CSet: 0.0 ms]
      [Ref Proc: 0.1 ms]
      [Ref Enq: 0.0 ms]
      [Redirty Cards: 0.1 ms]
      [Humongous Register: 0.0 ms]
      [Humongous Reclaim: 0.0 ms]
      [Free CSet: 0.0 ms]
   [Eden: 0.0B(128.0M)->0.0B(128.0M) Survivors: 0.0B->0.0B Heap: 511.7M(512.0M)->511.7M(512.0M)]
 [Times: user=0.00 sys=0.00, real=0.00 secs] 
2018-06-14T22:53:36.851+0300: 64.303: [GC concurrent-root-region-scan-start]
2018-06-14T22:53:36.851+0300: 64.303: [GC concurrent-root-region-scan-end, 0.0000115 secs]
2018-06-14T22:53:36.851+0300: 64.303: [GC concurrent-mark-start]
2018-06-14T22:53:36.851+0300: 64.303: [Full GC (Allocation Failure)  511M->503M(512M), 1.0953667 secs]
   [Eden: 0.0B(128.0M)->0.0B(128.0M) Survivors: 0.0B->0.0B Heap: 511.7M(512.0M)->503.7M(512.0M)], [Metaspace: 8318K->8318K(1056768K)]
 [Times: user=1.55 sys=0.03, real=1.10 secs] 
2018-06-14T22:53:37.955+0300: 65.398: [GC concurrent-mark-abort]
2018-06-14T22:53:37.955+0300: 65.403: [GC pause (G1 Evacuation Pause) (young) (to-space exhausted), 0.1380611 secs]
   [Parallel Time: 129.9 ms, GC Workers: 4]
      [GC Worker Start (ms): Min: 65402.8, Avg: 65402.8, Max: 65402.8, Diff: 0.0]
      [Ext Root Scanning (ms): Min: 0.2, Avg: 0.2, Max: 0.2, Diff: 0.0, Sum: 0.8]
      [Update RS (ms): Min: 0.0, Avg: 0.8, Max: 1.2, Diff: 1.2, Sum: 3.1]
         [Processed Buffers: Min: 1, Avg: 1.0, Max: 1, Diff: 0, Sum: 4]
      [Scan RS (ms): Min: 0.0, Avg: 0.0, Max: 0.0, Diff: 0.0, Sum: 0.0]
      [Code Root Scanning (ms): Min: 0.0, Avg: 0.0, Max: 0.0, Diff: 0.0, Sum: 0.0]
      [Object Copy (ms): Min: 128.4, Avg: 128.8, Max: 129.6, Diff: 1.2, Sum: 515.3]
      [Termination (ms): Min: 0.0, Avg: 0.0, Max: 0.0, Diff: 0.0, Sum: 0.0]
         [Termination Attempts: Min: 1, Avg: 1.0, Max: 1, Diff: 0, Sum: 4]
      [GC Worker Other (ms): Min: 0.0, Avg: 0.0, Max: 0.0, Diff: 0.0, Sum: 0.0]
      [GC Worker Total (ms): Min: 129.8, Avg: 129.8, Max: 129.8, Diff: 0.0, Sum: 519.3]
      [GC Worker End (ms): Min: 65532.7, Avg: 65532.7, Max: 65532.7, Diff: 0.0]
   [Code Root Fixup: 0.0 ms]
   [Code Root Purge: 0.0 ms]
   [Clear CT: 0.0 ms]
   [Other: 8.1 ms]
      [Evacuation Failure: 7.9 ms]
      [Choose CSet: 0.0 ms]
      [Ref Proc: 0.1 ms]
      [Ref Enq: 0.0 ms]
      [Redirty Cards: 0.1 ms]
      [Humongous Register: 0.0 ms]
      [Humongous Reclaim: 0.0 ms]
      [Free CSet: 0.0 ms]
   [Eden: 8192.0K(128.0M)->0.0B(128.0M) Survivors: 0.0B->0.0B Heap: 511.7M(512.0M)->511.7M(512.0M)]
 [Times: user=0.14 sys=0.01, real=0.13 secs] 
2018-06-14T22:53:38.089+0300: 65.541: [GC pause (G1 Evacuation Pause) (young) (initial-mark), 0.0014332 secs]
   [Parallel Time: 1.1 ms, GC Workers: 4]
      [GC Worker Start (ms): Min: 65541.2, Avg: 65541.2, Max: 65541.2, Diff: 0.0]
      [Ext Root Scanning (ms): Min: 0.3, Avg: 0.3, Max: 0.4, Diff: 0.0, Sum: 1.4]
      [Update RS (ms): Min: 0.7, Avg: 0.7, Max: 0.7, Diff: 0.0, Sum: 2.8]
         [Processed Buffers: Min: 1, Avg: 3.0, Max: 5, Diff: 4, Sum: 12]
      [Scan RS (ms): Min: 0.0, Avg: 0.0, Max: 0.0, Diff: 0.0, Sum: 0.0]
      [Code Root Scanning (ms): Min: 0.0, Avg: 0.0, Max: 0.0, Diff: 0.0, Sum: 0.0]
      [Object Copy (ms): Min: 0.0, Avg: 0.0, Max: 0.0, Diff: 0.0, Sum: 0.0]
      [Termination (ms): Min: 0.0, Avg: 0.0, Max: 0.0, Diff: 0.0, Sum: 0.0]
         [Termination Attempts: Min: 1, Avg: 1.0, Max: 1, Diff: 0, Sum: 4]
      [GC Worker Other (ms): Min: 0.0, Avg: 0.0, Max: 0.0, Diff: 0.0, Sum: 0.0]
      [GC Worker Total (ms): Min: 1.0, Avg: 1.1, Max: 1.1, Diff: 0.0, Sum: 4.2]
      [GC Worker End (ms): Min: 65542.2, Avg: 65542.2, Max: 65542.3, Diff: 0.0]
   [Code Root Fixup: 0.0 ms]
   [Code Root Purge: 0.0 ms]
   [Clear CT: 0.1 ms]
   [Other: 0.3 ms]
      [Choose CSet: 0.0 ms]
      [Ref Proc: 0.1 ms]
      [Ref Enq: 0.0 ms]
      [Redirty Cards: 0.1 ms]
      [Humongous Register: 0.0 ms]
      [Humongous Reclaim: 0.0 ms]
      [Free CSet: 0.0 ms]
   [Eden: 0.0B(128.0M)->0.0B(128.0M) Survivors: 0.0B->0.0B Heap: 511.7M(512.0M)->511.7M(512.0M)]
 [Times: user=0.00 sys=0.00, real=0.00 secs] 
2018-06-14T22:53:38.089+0300: 65.543: [GC concurrent-root-region-scan-start]
2018-06-14T22:53:38.089+0300: 65.543: [GC concurrent-root-region-scan-end, 0.0000111 secs]
2018-06-14T22:53:38.089+0300: 65.543: [GC concurrent-mark-start]
2018-06-14T22:53:38.089+0300: 65.543: [Full GC (Allocation Failure)  511M->503M(512M), 1.3546408 secs]
   [Eden: 0.0B(128.0M)->0.0B(128.0M) Survivors: 0.0B->0.0B Heap: 511.7M(512.0M)->503.7M(512.0M)], [Metaspace: 8318K->8318K(1056768K)]
 [Times: user=1.81 sys=0.02, real=1.36 secs] 
2018-06-14T22:53:39.451+0300: 66.899: [GC concurrent-mark-abort]
2018-06-14T22:53:39.459+0300: 66.903: [GC pause (G1 Evacuation Pause) (young) (to-space exhausted), 0.1625658 secs]
   [Parallel Time: 154.2 ms, GC Workers: 4]
      [GC Worker Start (ms): Min: 66903.2, Avg: 66903.2, Max: 66903.3, Diff: 0.0]
      [Ext Root Scanning (ms): Min: 0.2, Avg: 0.2, Max: 0.2, Diff: 0.0, Sum: 0.9]
      [Update RS (ms): Min: 0.0, Avg: 0.8, Max: 1.3, Diff: 1.2, Sum: 3.3]
         [Processed Buffers: Min: 1, Avg: 1.3, Max: 2, Diff: 1, Sum: 5]
      [Scan RS (ms): Min: 0.0, Avg: 0.0, Max: 0.0, Diff: 0.0, Sum: 0.0]
      [Code Root Scanning (ms): Min: 0.0, Avg: 0.0, Max: 0.0, Diff: 0.0, Sum: 0.0]
      [Object Copy (ms): Min: 152.6, Avg: 153.1, Max: 153.9, Diff: 1.2, Sum: 612.2]
      [Termination (ms): Min: 0.0, Avg: 0.0, Max: 0.0, Diff: 0.0, Sum: 0.0]
         [Termination Attempts: Min: 1, Avg: 1.0, Max: 1, Diff: 0, Sum: 4]
      [GC Worker Other (ms): Min: 0.0, Avg: 0.0, Max: 0.0, Diff: 0.0, Sum: 0.0]
      [GC Worker Total (ms): Min: 154.1, Avg: 154.1, Max: 154.2, Diff: 0.0, Sum: 616.5]
      [GC Worker End (ms): Min: 67057.4, Avg: 67057.4, Max: 67057.4, Diff: 0.0]
   [Code Root Fixup: 0.0 ms]
   [Code Root Purge: 0.0 ms]
   [Clear CT: 0.0 ms]
   [Other: 8.3 ms]
      [Evacuation Failure: 8.0 ms]
      [Choose CSet: 0.0 ms]
      [Ref Proc: 0.1 ms]
      [Ref Enq: 0.0 ms]
      [Redirty Cards: 0.1 ms]
      [Humongous Register: 0.1 ms]
      [Humongous Reclaim: 0.0 ms]
      [Free CSet: 0.0 ms]
   [Eden: 8192.0K(128.0M)->0.0B(128.0M) Survivors: 0.0B->0.0B Heap: 511.7M(512.0M)->511.7M(512.0M)]
 [Times: user=0.19 sys=0.03, real=0.15 secs] 
2018-06-14T22:53:39.611+0300: 67.066: [GC pause (G1 Evacuation Pause) (young) (initial-mark), 0.0013146 secs]
   [Parallel Time: 1.1 ms, GC Workers: 4]
      [GC Worker Start (ms): Min: 67066.1, Avg: 67066.1, Max: 67066.1, Diff: 0.0]
      [Ext Root Scanning (ms): Min: 0.3, Avg: 0.3, Max: 0.3, Diff: 0.0, Sum: 1.3]
      [Update RS (ms): Min: 0.7, Avg: 0.7, Max: 0.7, Diff: 0.0, Sum: 2.8]
         [Processed Buffers: Min: 2, Avg: 2.8, Max: 4, Diff: 2, Sum: 11]
      [Scan RS (ms): Min: 0.0, Avg: 0.0, Max: 0.0, Diff: 0.0, Sum: 0.0]
      [Code Root Scanning (ms): Min: 0.0, Avg: 0.0, Max: 0.0, Diff: 0.0, Sum: 0.0]
      [Object Copy (ms): Min: 0.0, Avg: 0.0, Max: 0.0, Diff: 0.0, Sum: 0.1]
      [Termination (ms): Min: 0.0, Avg: 0.0, Max: 0.0, Diff: 0.0, Sum: 0.0]
         [Termination Attempts: Min: 1, Avg: 1.0, Max: 1, Diff: 0, Sum: 4]
      [GC Worker Other (ms): Min: 0.0, Avg: 0.0, Max: 0.0, Diff: 0.0, Sum: 0.0]
      [GC Worker Total (ms): Min: 1.0, Avg: 1.0, Max: 1.1, Diff: 0.0, Sum: 4.2]
      [GC Worker End (ms): Min: 67067.1, Avg: 67067.1, Max: 67067.1, Diff: 0.0]
   [Code Root Fixup: 0.0 ms]
   [Code Root Purge: 0.0 ms]
   [Clear CT: 0.0 ms]
   [Other: 0.2 ms]
      [Choose CSet: 0.0 ms]
      [Ref Proc: 0.1 ms]
      [Ref Enq: 0.0 ms]
      [Redirty Cards: 0.0 ms]
      [Humongous Register: 0.0 ms]
      [Humongous Reclaim: 0.0 ms]
      [Free CSet: 0.0 ms]
   [Eden: 0.0B(128.0M)->0.0B(128.0M) Survivors: 0.0B->0.0B Heap: 511.7M(512.0M)->511.7M(512.0M)]
 [Times: user=0.00 sys=0.00, real=0.00 secs] 
2018-06-14T22:53:39.611+0300: 67.067: [GC concurrent-root-region-scan-start]
2018-06-14T22:53:39.611+0300: 67.067: [GC concurrent-root-region-scan-end, 0.0000107 secs]
2018-06-14T22:53:39.611+0300: 67.067: [GC concurrent-mark-start]
2018-06-14T22:53:39.611+0300: 67.067: [Full GC (Allocation Failure)  511M->503M(512M), 1.3112595 secs]
   [Eden: 0.0B(128.0M)->0.0B(128.0M) Survivors: 0.0B->0.0B Heap: 511.7M(512.0M)->503.7M(512.0M)], [Metaspace: 8318K->8318K(1056768K)]
 [Times: user=1.75 sys=0.05, real=1.32 secs] 
2018-06-14T22:53:40.931+0300: 68.380: [GC concurrent-mark-abort]
2018-06-14T22:53:40.939+0300: 68.385: [GC pause (G1 Evacuation Pause) (young) (to-space exhausted), 0.1645439 secs]
   [Parallel Time: 157.1 ms, GC Workers: 4]
      [GC Worker Start (ms): Min: 68385.0, Avg: 68385.0, Max: 68385.0, Diff: 0.0]
      [Ext Root Scanning (ms): Min: 0.2, Avg: 0.2, Max: 0.2, Diff: 0.0, Sum: 0.8]
      [Update RS (ms): Min: 0.0, Avg: 0.8, Max: 1.3, Diff: 1.3, Sum: 3.3]
         [Processed Buffers: Min: 0, Avg: 0.8, Max: 1, Diff: 1, Sum: 3]
      [Scan RS (ms): Min: 0.0, Avg: 0.0, Max: 0.0, Diff: 0.0, Sum: 0.0]
      [Code Root Scanning (ms): Min: 0.0, Avg: 0.0, Max: 0.0, Diff: 0.0, Sum: 0.0]
      [Object Copy (ms): Min: 155.6, Avg: 156.0, Max: 156.9, Diff: 1.2, Sum: 624.2]
      [Termination (ms): Min: 0.0, Avg: 0.0, Max: 0.0, Diff: 0.0, Sum: 0.0]
         [Termination Attempts: Min: 1, Avg: 1.0, Max: 1, Diff: 0, Sum: 4]
      [GC Worker Other (ms): Min: 0.0, Avg: 0.0, Max: 0.0, Diff: 0.0, Sum: 0.0]
      [GC Worker Total (ms): Min: 157.1, Avg: 157.1, Max: 157.1, Diff: 0.0, Sum: 628.4]
      [GC Worker End (ms): Min: 68542.1, Avg: 68542.1, Max: 68542.1, Diff: 0.0]
   [Code Root Fixup: 0.0 ms]
   [Code Root Purge: 0.0 ms]
   [Clear CT: 0.0 ms]
   [Other: 7.4 ms]
      [Evacuation Failure: 7.2 ms]
      [Choose CSet: 0.0 ms]
      [Ref Proc: 0.1 ms]
      [Ref Enq: 0.0 ms]
      [Redirty Cards: 0.0 ms]
      [Humongous Register: 0.0 ms]
      [Humongous Reclaim: 0.0 ms]
      [Free CSet: 0.0 ms]
   [Eden: 8192.0K(128.0M)->0.0B(128.0M) Survivors: 0.0B->0.0B Heap: 511.7M(512.0M)->511.7M(512.0M)]
 [Times: user=0.19 sys=0.05, real=0.16 secs] 
2018-06-14T22:53:41.096+0300: 68.550: [GC pause (G1 Evacuation Pause) (young) (initial-mark), 0.0013218 secs]
   [Parallel Time: 1.1 ms, GC Workers: 4]
      [GC Worker Start (ms): Min: 68549.8, Avg: 68549.8, Max: 68549.8, Diff: 0.0]
      [Ext Root Scanning (ms): Min: 0.3, Avg: 0.3, Max: 0.4, Diff: 0.0, Sum: 1.4]
      [Update RS (ms): Min: 0.7, Avg: 0.7, Max: 0.7, Diff: 0.0, Sum: 2.8]
         [Processed Buffers: Min: 1, Avg: 2.8, Max: 5, Diff: 4, Sum: 11]
      [Scan RS (ms): Min: 0.0, Avg: 0.0, Max: 0.0, Diff: 0.0, Sum: 0.0]
      [Code Root Scanning (ms): Min: 0.0, Avg: 0.0, Max: 0.0, Diff: 0.0, Sum: 0.0]
      [Object Copy (ms): Min: 0.0, Avg: 0.0, Max: 0.0, Diff: 0.0, Sum: 0.0]
      [Termination (ms): Min: 0.0, Avg: 0.0, Max: 0.0, Diff: 0.0, Sum: 0.1]
         [Termination Attempts: Min: 1, Avg: 1.0, Max: 1, Diff: 0, Sum: 4]
      [GC Worker Other (ms): Min: 0.0, Avg: 0.0, Max: 0.0, Diff: 0.0, Sum: 0.0]
      [GC Worker Total (ms): Min: 1.1, Avg: 1.1, Max: 1.1, Diff: 0.0, Sum: 4.4]
      [GC Worker End (ms): Min: 68550.9, Avg: 68550.9, Max: 68550.9, Diff: 0.0]
   [Code Root Fixup: 0.0 ms]
   [Code Root Purge: 0.0 ms]
   [Clear CT: 0.0 ms]
   [Other: 0.2 ms]
      [Choose CSet: 0.0 ms]
      [Ref Proc: 0.1 ms]
      [Ref Enq: 0.0 ms]
      [Redirty Cards: 0.0 ms]
      [Humongous Register: 0.0 ms]
      [Humongous Reclaim: 0.0 ms]
      [Free CSet: 0.0 ms]
   [Eden: 0.0B(128.0M)->0.0B(128.0M) Survivors: 0.0B->0.0B Heap: 511.7M(512.0M)->511.7M(512.0M)]
 [Times: user=0.00 sys=0.00, real=0.00 secs] 
2018-06-14T22:53:41.096+0300: 68.551: [GC concurrent-root-region-scan-start]
2018-06-14T22:53:41.096+0300: 68.551: [GC concurrent-root-region-scan-end, 0.0000085 secs]
2018-06-14T22:53:41.096+0300: 68.551: [GC concurrent-mark-start]
2018-06-14T22:53:41.096+0300: 68.551: [Full GC (Allocation Failure)  511M->503M(512M), 1.3295396 secs]
   [Eden: 0.0B(128.0M)->0.0B(128.0M) Survivors: 0.0B->0.0B Heap: 511.7M(512.0M)->503.7M(512.0M)], [Metaspace: 8318K->8318K(1056768K)]
 [Times: user=1.80 sys=0.00, real=1.34 secs] 
2018-06-14T22:53:42.435+0300: 69.882: [GC concurrent-mark-abort]
2018-06-14T22:53:42.443+0300: 69.887: [GC pause (G1 Evacuation Pause) (young) (to-space exhausted), 0.1638791 secs]
   [Parallel Time: 156.1 ms, GC Workers: 4]
      [GC Worker Start (ms): Min: 69887.0, Avg: 69887.0, Max: 69887.1, Diff: 0.0]
      [Ext Root Scanning (ms): Min: 0.2, Avg: 0.2, Max: 0.2, Diff: 0.0, Sum: 0.8]
      [Update RS (ms): Min: 0.0, Avg: 0.8, Max: 1.2, Diff: 1.2, Sum: 3.3]
         [Processed Buffers: Min: 0, Avg: 0.8, Max: 1, Diff: 1, Sum: 3]
      [Scan RS (ms): Min: 0.0, Avg: 0.0, Max: 0.0, Diff: 0.0, Sum: 0.0]
      [Code Root Scanning (ms): Min: 0.0, Avg: 0.0, Max: 0.0, Diff: 0.0, Sum: 0.0]
      [Object Copy (ms): Min: 154.6, Avg: 155.0, Max: 155.8, Diff: 1.2, Sum: 620.1]
      [Termination (ms): Min: 0.0, Avg: 0.0, Max: 0.0, Diff: 0.0, Sum: 0.0]
         [Termination Attempts: Min: 1, Avg: 1.0, Max: 1, Diff: 0, Sum: 4]
      [GC Worker Other (ms): Min: 0.0, Avg: 0.0, Max: 0.0, Diff: 0.0, Sum: 0.0]
      [GC Worker Total (ms): Min: 156.1, Avg: 156.1, Max: 156.1, Diff: 0.0, Sum: 624.3]
      [GC Worker End (ms): Min: 70043.1, Avg: 70043.1, Max: 70043.1, Diff: 0.0]
   [Code Root Fixup: 0.0 ms]
   [Code Root Purge: 0.0 ms]
   [Clear CT: 0.0 ms]
   [Other: 7.7 ms]
      [Evacuation Failure: 7.5 ms]
      [Choose CSet: 0.0 ms]
      [Ref Proc: 0.1 ms]
      [Ref Enq: 0.0 ms]
      [Redirty Cards: 0.0 ms]
      [Humongous Register: 0.0 ms]
      [Humongous Reclaim: 0.0 ms]
      [Free CSet: 0.0 ms]
   [Eden: 8192.0K(128.0M)->0.0B(128.0M) Survivors: 0.0B->0.0B Heap: 511.7M(512.0M)->511.7M(512.0M)]
 [Times: user=0.17 sys=0.09, real=0.16 secs] 
2018-06-14T22:53:42.600+0300: 70.051: [GC pause (G1 Evacuation Pause) (young) (initial-mark), 0.0012996 secs]
   [Parallel Time: 1.1 ms, GC Workers: 4]
      [GC Worker Start (ms): Min: 70051.2, Avg: 70051.2, Max: 70051.2, Diff: 0.0]
      [Ext Root Scanning (ms): Min: 0.3, Avg: 0.3, Max: 0.3, Diff: 0.0, Sum: 1.1]
      [Update RS (ms): Min: 0.7, Avg: 0.7, Max: 0.8, Diff: 0.1, Sum: 2.9]
         [Processed Buffers: Min: 1, Avg: 2.8, Max: 5, Diff: 4, Sum: 11]
      [Scan RS (ms): Min: 0.0, Avg: 0.0, Max: 0.0, Diff: 0.0, Sum: 0.0]
      [Code Root Scanning (ms): Min: 0.0, Avg: 0.0, Max: 0.0, Diff: 0.0, Sum: 0.0]
      [Object Copy (ms): Min: 0.0, Avg: 0.0, Max: 0.0, Diff: 0.0, Sum: 0.0]
      [Termination (ms): Min: 0.0, Avg: 0.0, Max: 0.1, Diff: 0.1, Sum: 0.1]
         [Termination Attempts: Min: 1, Avg: 1.0, Max: 1, Diff: 0, Sum: 4]
      [GC Worker Other (ms): Min: 0.0, Avg: 0.0, Max: 0.0, Diff: 0.0, Sum: 0.0]
      [GC Worker Total (ms): Min: 1.0, Avg: 1.0, Max: 1.1, Diff: 0.0, Sum: 4.2]
      [GC Worker End (ms): Min: 70052.2, Avg: 70052.2, Max: 70052.2, Diff: 0.0]
   [Code Root Fixup: 0.0 ms]
   [Code Root Purge: 0.0 ms]
   [Clear CT: 0.0 ms]
   [Other: 0.2 ms]
      [Choose CSet: 0.0 ms]
      [Ref Proc: 0.1 ms]
      [Ref Enq: 0.0 ms]
      [Redirty Cards: 0.0 ms]
      [Humongous Register: 0.0 ms]
      [Humongous Reclaim: 0.0 ms]
      [Free CSet: 0.0 ms]
   [Eden: 0.0B(128.0M)->0.0B(128.0M) Survivors: 0.0B->0.0B Heap: 511.7M(512.0M)->511.7M(512.0M)]
 [Times: user=0.00 sys=0.00, real=0.00 secs] 
2018-06-14T22:53:42.600+0300: 70.053: [GC concurrent-root-region-scan-start]
2018-06-14T22:53:42.600+0300: 70.053: [GC concurrent-root-region-scan-end, 0.0000098 secs]
2018-06-14T22:53:42.600+0300: 70.053: [GC concurrent-mark-start]
2018-06-14T22:53:42.600+0300: 70.053: [Full GC (Allocation Failure)  511M->503M(512M), 1.3018011 secs]
   [Eden: 0.0B(128.0M)->0.0B(128.0M) Survivors: 0.0B->0.0B Heap: 511.7M(512.0M)->503.7M(512.0M)], [Metaspace: 8318K->8318K(1056768K)]
 [Times: user=1.86 sys=0.00, real=1.31 secs] 
2018-06-14T22:53:43.909+0300: 71.355: [GC concurrent-mark-abort]
2018-06-14T22:53:43.917+0300: 71.360: [GC pause (G1 Evacuation Pause) (young) (to-space exhausted), 0.1510561 secs]
   [Parallel Time: 143.5 ms, GC Workers: 4]
      [GC Worker Start (ms): Min: 71360.5, Avg: 71360.6, Max: 71360.8, Diff: 0.3]
      [Ext Root Scanning (ms): Min: 0.0, Avg: 0.2, Max: 0.3, Diff: 0.3, Sum: 0.8]
      [Update RS (ms): Min: 0.0, Avg: 0.8, Max: 1.3, Diff: 1.3, Sum: 3.1]
         [Processed Buffers: Min: 1, Avg: 1.3, Max: 2, Diff: 1, Sum: 5]
      [Scan RS (ms): Min: 0.0, Avg: 0.0, Max: 0.0, Diff: 0.0, Sum: 0.0]
      [Code Root Scanning (ms): Min: 0.0, Avg: 0.0, Max: 0.0, Diff: 0.0, Sum: 0.0]
      [Object Copy (ms): Min: 141.9, Avg: 142.4, Max: 143.1, Diff: 1.2, Sum: 569.6]
      [Termination (ms): Min: 0.0, Avg: 0.0, Max: 0.0, Diff: 0.0, Sum: 0.0]
         [Termination Attempts: Min: 1, Avg: 1.0, Max: 1, Diff: 0, Sum: 4]
      [GC Worker Other (ms): Min: 0.0, Avg: 0.0, Max: 0.0, Diff: 0.0, Sum: 0.0]
      [GC Worker Total (ms): Min: 143.2, Avg: 143.4, Max: 143.5, Diff: 0.3, Sum: 573.6]
      [GC Worker End (ms): Min: 71504.0, Avg: 71504.0, Max: 71504.0, Diff: 0.0]
   [Code Root Fixup: 0.0 ms]
   [Code Root Purge: 0.0 ms]
   [Clear CT: 0.0 ms]
   [Other: 7.5 ms]
      [Evacuation Failure: 7.3 ms]
      [Choose CSet: 0.0 ms]
      [Ref Proc: 0.1 ms]
      [Ref Enq: 0.0 ms]
      [Redirty Cards: 0.0 ms]
      [Humongous Register: 0.0 ms]
      [Humongous Reclaim: 0.0 ms]
      [Free CSet: 0.0 ms]
   [Eden: 8192.0K(128.0M)->0.0B(128.0M) Survivors: 0.0B->0.0B Heap: 511.7M(512.0M)->511.7M(512.0M)]
 [Times: user=0.13 sys=0.08, real=0.14 secs] 
2018-06-14T22:53:44.053+0300: 71.512: [GC pause (G1 Evacuation Pause) (young) (initial-mark), 0.0014468 secs]
   [Parallel Time: 1.2 ms, GC Workers: 4]
      [GC Worker Start (ms): Min: 71511.8, Avg: 71511.8, Max: 71511.8, Diff: 0.0]
      [Ext Root Scanning (ms): Min: 0.5, Avg: 0.5, Max: 0.5, Diff: 0.0, Sum: 1.9]
      [Update RS (ms): Min: 0.6, Avg: 0.7, Max: 0.7, Diff: 0.0, Sum: 2.7]
         [Processed Buffers: Min: 2, Avg: 2.8, Max: 4, Diff: 2, Sum: 11]
      [Scan RS (ms): Min: 0.0, Avg: 0.0, Max: 0.0, Diff: 0.0, Sum: 0.0]
      [Code Root Scanning (ms): Min: 0.0, Avg: 0.0, Max: 0.0, Diff: 0.0, Sum: 0.0]
      [Object Copy (ms): Min: 0.0, Avg: 0.0, Max: 0.0, Diff: 0.0, Sum: 0.1]
      [Termination (ms): Min: 0.0, Avg: 0.0, Max: 0.0, Diff: 0.0, Sum: 0.0]
         [Termination Attempts: Min: 1, Avg: 1.0, Max: 1, Diff: 0, Sum: 4]
      [GC Worker Other (ms): Min: 0.0, Avg: 0.0, Max: 0.0, Diff: 0.0, Sum: 0.0]
      [GC Worker Total (ms): Min: 1.2, Avg: 1.2, Max: 1.2, Diff: 0.0, Sum: 4.6]
      [GC Worker End (ms): Min: 71513.0, Avg: 71513.0, Max: 71513.0, Diff: 0.0]
   [Code Root Fixup: 0.0 ms]
   [Code Root Purge: 0.0 ms]
   [Clear CT: 0.0 ms]
   [Other: 0.2 ms]
      [Choose CSet: 0.0 ms]
      [Ref Proc: 0.1 ms]
      [Ref Enq: 0.0 ms]
      [Redirty Cards: 0.0 ms]
      [Humongous Register: 0.0 ms]
      [Humongous Reclaim: 0.0 ms]
      [Free CSet: 0.0 ms]
   [Eden: 0.0B(128.0M)->0.0B(128.0M) Survivors: 0.0B->0.0B Heap: 511.7M(512.0M)->511.7M(512.0M)]
 [Times: user=0.06 sys=0.00, real=0.02 secs] 
2018-06-14T22:53:44.069+0300: 71.513: [GC concurrent-root-region-scan-start]
2018-06-14T22:53:44.069+0300: 71.513: [GC concurrent-root-region-scan-end, 0.0000111 secs]
2018-06-14T22:53:44.069+0300: 71.513: [GC concurrent-mark-start]
2018-06-14T22:53:44.370+0300: 71.822: [Full GC (Allocation Failure)  511M->503M(512M), 1.3122783 secs]
   [Eden: 0.0B(128.0M)->0.0B(128.0M) Survivors: 0.0B->0.0B Heap: 511.7M(512.0M)->503.7M(512.0M)], [Metaspace: 8328K->8328K(1056768K)]
 [Times: user=1.75 sys=0.05, real=1.32 secs] 
2018-06-14T22:53:45.688+0300: 73.134: [GC concurrent-mark-abort]
2018-06-14T22:53:45.696+0300: 73.141: [GC pause (G1 Evacuation Pause) (young) (to-space exhausted), 0.1683211 secs]
   [Parallel Time: 160.2 ms, GC Workers: 4]
      [GC Worker Start (ms): Min: 73140.9, Avg: 73140.9, Max: 73141.0, Diff: 0.0]
      [Ext Root Scanning (ms): Min: 0.2, Avg: 0.2, Max: 0.2, Diff: 0.0, Sum: 0.9]
      [Update RS (ms): Min: 0.0, Avg: 0.8, Max: 1.3, Diff: 1.3, Sum: 3.4]
         [Processed Buffers: Min: 1, Avg: 1.3, Max: 2, Diff: 1, Sum: 5]
      [Scan RS (ms): Min: 0.0, Avg: 0.0, Max: 0.0, Diff: 0.0, Sum: 0.0]
      [Code Root Scanning (ms): Min: 0.0, Avg: 0.0, Max: 0.0, Diff: 0.0, Sum: 0.0]
      [Object Copy (ms): Min: 158.6, Avg: 159.1, Max: 159.9, Diff: 1.3, Sum: 636.3]
      [Termination (ms): Min: 0.0, Avg: 0.0, Max: 0.0, Diff: 0.0, Sum: 0.0]
         [Termination Attempts: Min: 1, Avg: 1.0, Max: 1, Diff: 0, Sum: 4]
      [GC Worker Other (ms): Min: 0.0, Avg: 0.0, Max: 0.0, Diff: 0.0, Sum: 0.0]
      [GC Worker Total (ms): Min: 160.1, Avg: 160.2, Max: 160.2, Diff: 0.0, Sum: 640.7]
      [GC Worker End (ms): Min: 73301.1, Avg: 73301.1, Max: 73301.1, Diff: 0.0]
   [Code Root Fixup: 0.0 ms]
   [Code Root Purge: 0.0 ms]
   [Clear CT: 0.0 ms]
   [Other: 8.1 ms]
      [Evacuation Failure: 7.8 ms]
      [Choose CSet: 0.0 ms]
      [Ref Proc: 0.1 ms]
      [Ref Enq: 0.0 ms]
      [Redirty Cards: 0.1 ms]
      [Humongous Register: 0.0 ms]
      [Humongous Reclaim: 0.0 ms]
      [Free CSet: 0.0 ms]
   [Eden: 8192.0K(128.0M)->0.0B(128.0M) Survivors: 0.0B->0.0B Heap: 511.7M(512.0M)->511.7M(512.0M)]
 [Times: user=0.13 sys=0.06, real=0.16 secs] 
2018-06-14T22:53:45.853+0300: 73.310: [GC pause (G1 Evacuation Pause) (young) (initial-mark), 0.0013193 secs]
   [Parallel Time: 1.1 ms, GC Workers: 4]
      [GC Worker Start (ms): Min: 73309.6, Avg: 73309.6, Max: 73309.6, Diff: 0.0]
      [Ext Root Scanning (ms): Min: 0.3, Avg: 0.3, Max: 0.4, Diff: 0.0, Sum: 1.3]
      [Update RS (ms): Min: 0.7, Avg: 0.7, Max: 0.7, Diff: 0.0, Sum: 2.8]
         [Processed Buffers: Min: 1, Avg: 2.8, Max: 4, Diff: 3, Sum: 11]
      [Scan RS (ms): Min: 0.0, Avg: 0.0, Max: 0.0, Diff: 0.0, Sum: 0.0]
      [Code Root Scanning (ms): Min: 0.0, Avg: 0.0, Max: 0.0, Diff: 0.0, Sum: 0.0]
      [Object Copy (ms): Min: 0.0, Avg: 0.0, Max: 0.0, Diff: 0.0, Sum: 0.1]
      [Termination (ms): Min: 0.0, Avg: 0.0, Max: 0.0, Diff: 0.0, Sum: 0.0]
         [Termination Attempts: Min: 1, Avg: 1.0, Max: 1, Diff: 0, Sum: 4]
      [GC Worker Other (ms): Min: 0.0, Avg: 0.0, Max: 0.0, Diff: 0.0, Sum: 0.0]
      [GC Worker Total (ms): Min: 1.0, Avg: 1.1, Max: 1.1, Diff: 0.0, Sum: 4.3]
      [GC Worker End (ms): Min: 73310.7, Avg: 73310.7, Max: 73310.7, Diff: 0.0]
   [Code Root Fixup: 0.0 ms]
   [Code Root Purge: 0.0 ms]
   [Clear CT: 0.0 ms]
   [Other: 0.2 ms]
      [Choose CSet: 0.0 ms]
      [Ref Proc: 0.1 ms]
      [Ref Enq: 0.0 ms]
      [Redirty Cards: 0.0 ms]
      [Humongous Register: 0.0 ms]
      [Humongous Reclaim: 0.0 ms]
      [Free CSet: 0.0 ms]
   [Eden: 0.0B(128.0M)->0.0B(128.0M) Survivors: 0.0B->0.0B Heap: 511.7M(512.0M)->511.7M(512.0M)]
 [Times: user=0.00 sys=0.00, real=0.00 secs] 
2018-06-14T22:53:45.853+0300: 73.311: [GC concurrent-root-region-scan-start]
2018-06-14T22:53:45.853+0300: 73.311: [GC concurrent-root-region-scan-end, 0.0000102 secs]
2018-06-14T22:53:45.853+0300: 73.311: [GC concurrent-mark-start]
2018-06-14T22:53:45.853+0300: 73.311: [Full GC (Allocation Failure)  511M->503M(512M), 1.2974325 secs]
   [Eden: 0.0B(128.0M)->0.0B(128.0M) Survivors: 0.0B->0.0B Heap: 511.7M(512.0M)->503.7M(512.0M)], [Metaspace: 8328K->8328K(1056768K)]
 [Times: user=1.84 sys=0.03, real=1.31 secs] 
2018-06-14T22:53:47.162+0300: 74.609: [GC concurrent-mark-abort]
2018-06-14T22:53:47.170+0300: 74.615: [GC pause (G1 Evacuation Pause) (young) (to-space exhausted), 0.1686130 secs]
   [Parallel Time: 160.3 ms, GC Workers: 4]
      [GC Worker Start (ms): Min: 74614.9, Avg: 74614.9, Max: 74614.9, Diff: 0.0]
      [Ext Root Scanning (ms): Min: 0.2, Avg: 0.2, Max: 0.2, Diff: 0.0, Sum: 0.8]
      [Update RS (ms): Min: 0.0, Avg: 0.8, Max: 1.3, Diff: 1.3, Sum: 3.4]
         [Processed Buffers: Min: 0, Avg: 0.8, Max: 1, Diff: 1, Sum: 3]
      [Scan RS (ms): Min: 0.0, Avg: 0.0, Max: 0.0, Diff: 0.0, Sum: 0.0]
      [Code Root Scanning (ms): Min: 0.0, Avg: 0.0, Max: 0.0, Diff: 0.0, Sum: 0.0]
      [Object Copy (ms): Min: 158.7, Avg: 159.1, Max: 160.0, Diff: 1.3, Sum: 636.6]
      [Termination (ms): Min: 0.0, Avg: 0.0, Max: 0.0, Diff: 0.0, Sum: 0.0]
         [Termination Attempts: Min: 1, Avg: 1.0, Max: 1, Diff: 0, Sum: 4]
      [GC Worker Other (ms): Min: 0.0, Avg: 0.0, Max: 0.0, Diff: 0.0, Sum: 0.0]
      [GC Worker Total (ms): Min: 160.2, Avg: 160.2, Max: 160.2, Diff: 0.0, Sum: 640.8]
      [GC Worker End (ms): Min: 74775.1, Avg: 74775.1, Max: 74775.1, Diff: 0.0]
   [Code Root Fixup: 0.0 ms]
   [Code Root Purge: 0.0 ms]
   [Clear CT: 0.0 ms]
   [Other: 8.3 ms]
      [Evacuation Failure: 8.0 ms]
      [Choose CSet: 0.0 ms]
      [Ref Proc: 0.1 ms]
      [Ref Enq: 0.0 ms]
      [Redirty Cards: 0.1 ms]
      [Humongous Register: 0.1 ms]
      [Humongous Reclaim: 0.0 ms]
      [Free CSet: 0.0 ms]
   [Eden: 8192.0K(128.0M)->0.0B(128.0M) Survivors: 0.0B->0.0B Heap: 511.7M(512.0M)->511.7M(512.0M)]
 [Times: user=0.19 sys=0.06, real=0.17 secs] 
2018-06-14T22:53:47.337+0300: 74.784: [GC pause (G1 Evacuation Pause) (young) (initial-mark), 0.0013376 secs]
   [Parallel Time: 1.1 ms, GC Workers: 4]
      [GC Worker Start (ms): Min: 74783.8, Avg: 74783.8, Max: 74783.8, Diff: 0.0]
      [Ext Root Scanning (ms): Min: 0.3, Avg: 0.3, Max: 0.3, Diff: 0.0, Sum: 1.4]
      [Update RS (ms): Min: 0.7, Avg: 0.7, Max: 0.7, Diff: 0.0, Sum: 2.8]
         [Processed Buffers: Min: 1, Avg: 2.8, Max: 4, Diff: 3, Sum: 11]
      [Scan RS (ms): Min: 0.0, Avg: 0.0, Max: 0.0, Diff: 0.0, Sum: 0.0]
      [Code Root Scanning (ms): Min: 0.0, Avg: 0.0, Max: 0.0, Diff: 0.0, Sum: 0.0]
      [Object Copy (ms): Min: 0.0, Avg: 0.0, Max: 0.0, Diff: 0.0, Sum: 0.1]
      [Termination (ms): Min: 0.0, Avg: 0.0, Max: 0.0, Diff: 0.0, Sum: 0.0]
         [Termination Attempts: Min: 1, Avg: 1.0, Max: 1, Diff: 0, Sum: 4]
      [GC Worker Other (ms): Min: 0.0, Avg: 0.0, Max: 0.0, Diff: 0.0, Sum: 0.0]
      [GC Worker Total (ms): Min: 1.1, Avg: 1.1, Max: 1.1, Diff: 0.0, Sum: 4.3]
      [GC Worker End (ms): Min: 74784.9, Avg: 74784.9, Max: 74784.9, Diff: 0.0]
   [Code Root Fixup: 0.0 ms]
   [Code Root Purge: 0.0 ms]
   [Clear CT: 0.0 ms]
   [Other: 0.2 ms]
      [Choose CSet: 0.0 ms]
      [Ref Proc: 0.1 ms]
      [Ref Enq: 0.0 ms]
      [Redirty Cards: 0.0 ms]
      [Humongous Register: 0.0 ms]
      [Humongous Reclaim: 0.0 ms]
      [Free CSet: 0.0 ms]
   [Eden: 0.0B(128.0M)->0.0B(128.0M) Survivors: 0.0B->0.0B Heap: 511.7M(512.0M)->511.7M(512.0M)]
 [Times: user=0.00 sys=0.00, real=0.00 secs] 
2018-06-14T22:53:47.337+0300: 74.785: [GC concurrent-root-region-scan-start]
2018-06-14T22:53:47.337+0300: 74.785: [GC concurrent-root-region-scan-end, 0.0000175 secs]
2018-06-14T22:53:47.337+0300: 74.785: [GC concurrent-mark-start]
2018-06-14T22:53:47.654+0300: 75.101: [Full GC (Allocation Failure)  511M->503M(512M), 1.3275440 secs]
   [Eden: 0.0B(128.0M)->0.0B(128.0M) Survivors: 0.0B->0.0B Heap: 511.7M(512.0M)->503.7M(512.0M)], [Metaspace: 8328K->8328K(1056768K)]
 [Times: user=1.83 sys=0.02, real=1.32 secs] 
2018-06-14T22:53:48.973+0300: 76.429: [GC concurrent-mark-abort]
2018-06-14T22:53:48.988+0300: 76.435: [GC pause (G1 Evacuation Pause) (young) (to-space exhausted), 0.1579062 secs]
   [Parallel Time: 149.9 ms, GC Workers: 4]
      [GC Worker Start (ms): Min: 76434.9, Avg: 76434.9, Max: 76434.9, Diff: 0.0]
      [Ext Root Scanning (ms): Min: 0.2, Avg: 0.2, Max: 0.2, Diff: 0.0, Sum: 0.9]
      [Update RS (ms): Min: 0.0, Avg: 0.8, Max: 1.3, Diff: 1.2, Sum: 3.1]
         [Processed Buffers: Min: 1, Avg: 1.0, Max: 1, Diff: 0, Sum: 4]
      [Scan RS (ms): Min: 0.0, Avg: 0.0, Max: 0.0, Diff: 0.0, Sum: 0.0]
      [Code Root Scanning (ms): Min: 0.0, Avg: 0.0, Max: 0.0, Diff: 0.0, Sum: 0.0]
      [Object Copy (ms): Min: 148.4, Avg: 148.8, Max: 149.6, Diff: 1.2, Sum: 595.3]
      [Termination (ms): Min: 0.0, Avg: 0.0, Max: 0.0, Diff: 0.0, Sum: 0.0]
         [Termination Attempts: Min: 1, Avg: 1.0, Max: 1, Diff: 0, Sum: 4]
      [GC Worker Other (ms): Min: 0.0, Avg: 0.0, Max: 0.0, Diff: 0.0, Sum: 0.0]
      [GC Worker Total (ms): Min: 149.8, Avg: 149.8, Max: 149.9, Diff: 0.0, Sum: 599.4]
      [GC Worker End (ms): Min: 76584.7, Avg: 76584.7, Max: 76584.7, Diff: 0.0]
   [Code Root Fixup: 0.0 ms]
   [Code Root Purge: 0.0 ms]
   [Clear CT: 0.0 ms]
   [Other: 8.0 ms]
      [Evacuation Failure: 7.8 ms]
      [Choose CSet: 0.0 ms]
      [Ref Proc: 0.1 ms]
      [Ref Enq: 0.0 ms]
      [Redirty Cards: 0.1 ms]
      [Humongous Register: 0.0 ms]
      [Humongous Reclaim: 0.0 ms]
      [Free CSet: 0.0 ms]
   [Eden: 8192.0K(128.0M)->0.0B(128.0M) Survivors: 0.0B->0.0B Heap: 511.7M(512.0M)->511.7M(512.0M)]
 [Times: user=0.20 sys=0.02, real=0.15 secs] 
2018-06-14T22:53:49.135+0300: 76.593: [GC pause (G1 Evacuation Pause) (young) (initial-mark), 0.0014451 secs]
   [Parallel Time: 1.2 ms, GC Workers: 4]
      [GC Worker Start (ms): Min: 76593.1, Avg: 76593.1, Max: 76593.1, Diff: 0.0]
      [Ext Root Scanning (ms): Min: 0.4, Avg: 0.4, Max: 0.5, Diff: 0.0, Sum: 1.8]
      [Update RS (ms): Min: 0.7, Avg: 0.7, Max: 0.7, Diff: 0.0, Sum: 2.7]
         [Processed Buffers: Min: 1, Avg: 3.0, Max: 6, Diff: 5, Sum: 12]
      [Scan RS (ms): Min: 0.0, Avg: 0.0, Max: 0.0, Diff: 0.0, Sum: 0.0]
      [Code Root Scanning (ms): Min: 0.0, Avg: 0.0, Max: 0.0, Diff: 0.0, Sum: 0.0]
      [Object Copy (ms): Min: 0.0, Avg: 0.0, Max: 0.0, Diff: 0.0, Sum: 0.1]
      [Termination (ms): Min: 0.0, Avg: 0.0, Max: 0.0, Diff: 0.0, Sum: 0.1]
         [Termination Attempts: Min: 1, Avg: 1.0, Max: 1, Diff: 0, Sum: 4]
      [GC Worker Other (ms): Min: 0.0, Avg: 0.0, Max: 0.0, Diff: 0.0, Sum: 0.0]
      [GC Worker Total (ms): Min: 1.1, Avg: 1.1, Max: 1.1, Diff: 0.0, Sum: 4.6]
      [GC Worker End (ms): Min: 76594.2, Avg: 76594.2, Max: 76594.2, Diff: 0.0]
   [Code Root Fixup: 0.0 ms]
   [Code Root Purge: 0.0 ms]
   [Clear CT: 0.0 ms]
   [Other: 0.2 ms]
      [Choose CSet: 0.0 ms]
      [Ref Proc: 0.1 ms]
      [Ref Enq: 0.0 ms]
      [Redirty Cards: 0.0 ms]
      [Humongous Register: 0.0 ms]
      [Humongous Reclaim: 0.0 ms]
      [Free CSet: 0.0 ms]
   [Eden: 0.0B(128.0M)->0.0B(128.0M) Survivors: 0.0B->0.0B Heap: 511.7M(512.0M)->511.7M(512.0M)]
 [Times: user=0.06 sys=0.00, real=0.02 secs] 
2018-06-14T22:53:49.150+0300: 76.595: [GC concurrent-root-region-scan-start]
2018-06-14T22:53:49.150+0300: 76.595: [GC concurrent-root-region-scan-end, 0.0000162 secs]
2018-06-14T22:53:49.150+0300: 76.595: [GC concurrent-mark-start]
2018-06-14T22:53:49.150+0300: 76.595: [Full GC (Allocation Failure)  511M->503M(512M), 1.3590572 secs]
   [Eden: 0.0B(128.0M)->0.0B(128.0M) Survivors: 0.0B->0.0B Heap: 511.7M(512.0M)->503.7M(512.0M)], [Metaspace: 8328K->8328K(1056768K)]
 [Times: user=1.86 sys=0.02, real=1.36 secs] 
2018-06-14T22:53:50.505+0300: 77.954: [GC concurrent-mark-abort]
2018-06-14T22:53:50.513+0300: 77.959: [GC pause (G1 Evacuation Pause) (young) (to-space exhausted), 0.1647836 secs]
   [Parallel Time: 156.9 ms, GC Workers: 4]
      [GC Worker Start (ms): Min: 77958.7, Avg: 77958.7, Max: 77958.7, Diff: 0.0]
      [Ext Root Scanning (ms): Min: 0.2, Avg: 0.2, Max: 0.2, Diff: 0.0, Sum: 0.8]
      [Update RS (ms): Min: 0.0, Avg: 0.8, Max: 1.3, Diff: 1.3, Sum: 3.4]
         [Processed Buffers: Min: 1, Avg: 1.3, Max: 2, Diff: 1, Sum: 5]
      [Scan RS (ms): Min: 0.0, Avg: 0.0, Max: 0.0, Diff: 0.0, Sum: 0.0]
      [Code Root Scanning (ms): Min: 0.0, Avg: 0.0, Max: 0.0, Diff: 0.0, Sum: 0.0]
      [Object Copy (ms): Min: 155.3, Avg: 155.7, Max: 156.6, Diff: 1.3, Sum: 622.9]
      [Termination (ms): Min: 0.0, Avg: 0.0, Max: 0.0, Diff: 0.0, Sum: 0.0]
         [Termination Attempts: Min: 1, Avg: 1.0, Max: 1, Diff: 0, Sum: 4]
      [GC Worker Other (ms): Min: 0.0, Avg: 0.0, Max: 0.0, Diff: 0.0, Sum: 0.0]
      [GC Worker Total (ms): Min: 156.8, Avg: 156.8, Max: 156.8, Diff: 0.0, Sum: 627.2]
      [GC Worker End (ms): Min: 78115.5, Avg: 78115.5, Max: 78115.5, Diff: 0.0]
   [Code Root Fixup: 0.0 ms]
   [Code Root Purge: 0.0 ms]
   [Clear CT: 0.0 ms]
   [Other: 7.9 ms]
      [Evacuation Failure: 7.6 ms]
      [Choose CSet: 0.0 ms]
      [Ref Proc: 0.1 ms]
      [Ref Enq: 0.0 ms]
      [Redirty Cards: 0.0 ms]
      [Humongous Register: 0.0 ms]
      [Humongous Reclaim: 0.0 ms]
      [Free CSet: 0.0 ms]
   [Eden: 8192.0K(128.0M)->0.0B(128.0M) Survivors: 0.0B->0.0B Heap: 511.7M(512.0M)->511.7M(512.0M)]
 [Times: user=0.11 sys=0.06, real=0.16 secs] 
2018-06-14T22:53:50.670+0300: 78.124: [GC pause (G1 Evacuation Pause) (young) (initial-mark), 0.0012949 secs]
   [Parallel Time: 1.1 ms, GC Workers: 4]
      [GC Worker Start (ms): Min: 78123.7, Avg: 78123.7, Max: 78123.8, Diff: 0.0]
      [Ext Root Scanning (ms): Min: 0.3, Avg: 0.3, Max: 0.3, Diff: 0.0, Sum: 1.2]
      [Update RS (ms): Min: 0.7, Avg: 0.7, Max: 0.7, Diff: 0.0, Sum: 2.8]
         [Processed Buffers: Min: 1, Avg: 2.8, Max: 5, Diff: 4, Sum: 11]
      [Scan RS (ms): Min: 0.0, Avg: 0.0, Max: 0.0, Diff: 0.0, Sum: 0.0]
      [Code Root Scanning (ms): Min: 0.0, Avg: 0.0, Max: 0.0, Diff: 0.0, Sum: 0.0]
      [Object Copy (ms): Min: 0.0, Avg: 0.0, Max: 0.0, Diff: 0.0, Sum: 0.1]
      [Termination (ms): Min: 0.0, Avg: 0.0, Max: 0.0, Diff: 0.0, Sum: 0.0]
         [Termination Attempts: Min: 1, Avg: 1.0, Max: 1, Diff: 0, Sum: 4]
      [GC Worker Other (ms): Min: 0.0, Avg: 0.0, Max: 0.0, Diff: 0.0, Sum: 0.0]
      [GC Worker Total (ms): Min: 1.0, Avg: 1.0, Max: 1.0, Diff: 0.0, Sum: 4.1]
      [GC Worker End (ms): Min: 78124.8, Avg: 78124.8, Max: 78124.8, Diff: 0.0]
   [Code Root Fixup: 0.0 ms]
   [Code Root Purge: 0.0 ms]
   [Clear CT: 0.0 ms]
   [Other: 0.2 ms]
      [Choose CSet: 0.0 ms]
      [Ref Proc: 0.1 ms]
      [Ref Enq: 0.0 ms]
      [Redirty Cards: 0.0 ms]
      [Humongous Register: 0.0 ms]
      [Humongous Reclaim: 0.0 ms]
      [Free CSet: 0.0 ms]
   [Eden: 0.0B(128.0M)->0.0B(128.0M) Survivors: 0.0B->0.0B Heap: 511.7M(512.0M)->511.7M(512.0M)]
 [Times: user=0.00 sys=0.00, real=0.00 secs] 
2018-06-14T22:53:50.670+0300: 78.125: [GC concurrent-root-region-scan-start]
2018-06-14T22:53:50.670+0300: 78.125: [GC concurrent-root-region-scan-end, 0.0000107 secs]
2018-06-14T22:53:50.670+0300: 78.125: [GC concurrent-mark-start]
2018-06-14T22:53:50.670+0300: 78.125: [Full GC (Allocation Failure)  511M->503M(512M), 1.2868473 secs]
   [Eden: 0.0B(128.0M)->0.0B(128.0M) Survivors: 0.0B->0.0B Heap: 511.7M(512.0M)->503.7M(512.0M)], [Metaspace: 8328K->8328K(1056768K)]
 [Times: user=1.73 sys=0.02, real=1.29 secs] 
2018-06-14T22:53:51.965+0300: 79.412: [GC concurrent-mark-abort]
2018-06-14T22:53:51.973+0300: 79.418: [GC pause (G1 Evacuation Pause) (young) (to-space exhausted), 0.1661934 secs]
   [Parallel Time: 158.4 ms, GC Workers: 4]
      [GC Worker Start (ms): Min: 79418.3, Avg: 79418.3, Max: 79418.3, Diff: 0.0]
      [Ext Root Scanning (ms): Min: 0.2, Avg: 0.2, Max: 0.2, Diff: 0.0, Sum: 0.9]
      [Update RS (ms): Min: 0.0, Avg: 0.9, Max: 1.3, Diff: 1.3, Sum: 3.4]
         [Processed Buffers: Min: 0, Avg: 0.8, Max: 1, Diff: 1, Sum: 3]
      [Scan RS (ms): Min: 0.0, Avg: 0.0, Max: 0.0, Diff: 0.0, Sum: 0.0]
      [Code Root Scanning (ms): Min: 0.0, Avg: 0.0, Max: 0.0, Diff: 0.0, Sum: 0.0]
      [Object Copy (ms): Min: 156.8, Avg: 157.3, Max: 158.1, Diff: 1.3, Sum: 629.1]
      [Termination (ms): Min: 0.0, Avg: 0.0, Max: 0.0, Diff: 0.0, Sum: 0.0]
         [Termination Attempts: Min: 1, Avg: 1.0, Max: 1, Diff: 0, Sum: 4]
      [GC Worker Other (ms): Min: 0.0, Avg: 0.0, Max: 0.0, Diff: 0.0, Sum: 0.0]
      [GC Worker Total (ms): Min: 158.3, Avg: 158.4, Max: 158.4, Diff: 0.0, Sum: 633.4]
      [GC Worker End (ms): Min: 79576.6, Avg: 79576.6, Max: 79576.6, Diff: 0.0]
   [Code Root Fixup: 0.0 ms]
   [Code Root Purge: 0.0 ms]
   [Clear CT: 0.0 ms]
   [Other: 7.7 ms]
      [Evacuation Failure: 7.4 ms]
      [Choose CSet: 0.0 ms]
      [Ref Proc: 0.1 ms]
      [Ref Enq: 0.0 ms]
      [Redirty Cards: 0.0 ms]
      [Humongous Register: 0.0 ms]
      [Humongous Reclaim: 0.0 ms]
      [Free CSet: 0.0 ms]
   [Eden: 8192.0K(128.0M)->0.0B(128.0M) Survivors: 0.0B->0.0B Heap: 511.7M(512.0M)->511.7M(512.0M)]
 [Times: user=0.19 sys=0.06, real=0.16 secs] 
2018-06-14T22:53:52.130+0300: 79.585: [GC pause (G1 Evacuation Pause) (young) (initial-mark), 0.0014033 secs]
   [Parallel Time: 1.2 ms, GC Workers: 4]
      [GC Worker Start (ms): Min: 79584.7, Avg: 79584.7, Max: 79584.7, Diff: 0.0]
      [Ext Root Scanning (ms): Min: 0.3, Avg: 0.4, Max: 0.4, Diff: 0.0, Sum: 1.4]
      [Update RS (ms): Min: 0.7, Avg: 0.7, Max: 0.7, Diff: 0.0, Sum: 2.9]
         [Processed Buffers: Min: 1, Avg: 2.8, Max: 4, Diff: 3, Sum: 11]
      [Scan RS (ms): Min: 0.0, Avg: 0.0, Max: 0.0, Diff: 0.0, Sum: 0.0]
      [Code Root Scanning (ms): Min: 0.0, Avg: 0.0, Max: 0.0, Diff: 0.0, Sum: 0.0]
      [Object Copy (ms): Min: 0.0, Avg: 0.0, Max: 0.0, Diff: 0.0, Sum: 0.1]
      [Termination (ms): Min: 0.0, Avg: 0.0, Max: 0.1, Diff: 0.1, Sum: 0.1]
         [Termination Attempts: Min: 1, Avg: 1.0, Max: 1, Diff: 0, Sum: 4]
      [GC Worker Other (ms): Min: 0.0, Avg: 0.0, Max: 0.0, Diff: 0.0, Sum: 0.0]
      [GC Worker Total (ms): Min: 1.1, Avg: 1.1, Max: 1.1, Diff: 0.0, Sum: 4.5]
      [GC Worker End (ms): Min: 79585.8, Avg: 79585.8, Max: 79585.8, Diff: 0.0]
   [Code Root Fixup: 0.0 ms]
   [Code Root Purge: 0.0 ms]
   [Clear CT: 0.0 ms]
   [Other: 0.2 ms]
      [Choose CSet: 0.0 ms]
      [Ref Proc: 0.1 ms]
      [Ref Enq: 0.0 ms]
      [Redirty Cards: 0.0 ms]
      [Humongous Register: 0.0 ms]
      [Humongous Reclaim: 0.0 ms]
      [Free CSet: 0.0 ms]
   [Eden: 0.0B(128.0M)->0.0B(128.0M) Survivors: 0.0B->0.0B Heap: 511.7M(512.0M)->511.7M(512.0M)]
 [Times: user=0.00 sys=0.00, real=0.00 secs] 
2018-06-14T22:53:52.130+0300: 79.586: [GC concurrent-root-region-scan-start]
2018-06-14T22:53:52.130+0300: 79.586: [GC concurrent-root-region-scan-end, 0.0000102 secs]
2018-06-14T22:53:52.130+0300: 79.586: [GC concurrent-mark-start]
2018-06-14T22:53:52.130+0300: 79.586: [Full GC (Allocation Failure)  511M->503M(512M), 1.2384996 secs]
   [Eden: 0.0B(128.0M)->0.0B(128.0M) Survivors: 0.0B->0.0B Heap: 511.7M(512.0M)->503.7M(512.0M)], [Metaspace: 8328K->8328K(1056768K)]
 [Times: user=1.69 sys=0.01, real=1.24 secs] 
2018-06-14T22:53:53.375+0300: 80.825: [GC concurrent-mark-abort]
2018-06-14T22:53:53.386+0300: 80.831: [GC pause (G1 Evacuation Pause) (young) (to-space exhausted), 0.1644223 secs]
   [Parallel Time: 156.4 ms, GC Workers: 4]
      [GC Worker Start (ms): Min: 80830.7, Avg: 80830.7, Max: 80830.8, Diff: 0.0]
      [Ext Root Scanning (ms): Min: 0.2, Avg: 0.2, Max: 0.2, Diff: 0.0, Sum: 0.8]
      [Update RS (ms): Min: 0.0, Avg: 0.8, Max: 1.3, Diff: 1.3, Sum: 3.4]
         [Processed Buffers: Min: 0, Avg: 0.8, Max: 1, Diff: 1, Sum: 3]
      [Scan RS (ms): Min: 0.0, Avg: 0.0, Max: 0.0, Diff: 0.0, Sum: 0.0]
      [Code Root Scanning (ms): Min: 0.0, Avg: 0.0, Max: 0.0, Diff: 0.0, Sum: 0.0]
      [Object Copy (ms): Min: 154.8, Avg: 155.2, Max: 156.0, Diff: 1.3, Sum: 620.8]
      [Termination (ms): Min: 0.0, Avg: 0.0, Max: 0.0, Diff: 0.0, Sum: 0.1]
         [Termination Attempts: Min: 1, Avg: 1.0, Max: 1, Diff: 0, Sum: 4]
      [GC Worker Other (ms): Min: 0.0, Avg: 0.0, Max: 0.0, Diff: 0.0, Sum: 0.0]
      [GC Worker Total (ms): Min: 156.2, Avg: 156.3, Max: 156.3, Diff: 0.0, Sum: 625.1]
      [GC Worker End (ms): Min: 80987.0, Avg: 80987.0, Max: 80987.0, Diff: 0.0]
   [Code Root Fixup: 0.0 ms]
   [Code Root Purge: 0.0 ms]
   [Clear CT: 0.0 ms]
   [Other: 8.0 ms]
      [Evacuation Failure: 7.7 ms]
      [Choose CSet: 0.0 ms]
      [Ref Proc: 0.1 ms]
      [Ref Enq: 0.0 ms]
      [Redirty Cards: 0.1 ms]
      [Humongous Register: 0.0 ms]
      [Humongous Reclaim: 0.0 ms]
      [Free CSet: 0.0 ms]
   [Eden: 8192.0K(128.0M)->0.0B(128.0M) Survivors: 0.0B->0.0B Heap: 511.7M(512.0M)->511.7M(512.0M)]
 [Times: user=0.17 sys=0.05, real=0.17 secs] 
2018-06-14T22:53:53.551+0300: 80.995: [GC pause (G1 Evacuation Pause) (young) (initial-mark), 0.0013837 secs]
   [Parallel Time: 1.1 ms, GC Workers: 4]
      [GC Worker Start (ms): Min: 80995.4, Avg: 80995.4, Max: 80995.4, Diff: 0.0]
      [Ext Root Scanning (ms): Min: 0.3, Avg: 0.3, Max: 0.3, Diff: 0.0, Sum: 1.3]
      [Update RS (ms): Min: 0.7, Avg: 0.7, Max: 0.7, Diff: 0.0, Sum: 2.9]
         [Processed Buffers: Min: 1, Avg: 2.8, Max: 5, Diff: 4, Sum: 11]
      [Scan RS (ms): Min: 0.0, Avg: 0.0, Max: 0.0, Diff: 0.0, Sum: 0.0]
      [Code Root Scanning (ms): Min: 0.0, Avg: 0.0, Max: 0.0, Diff: 0.0, Sum: 0.0]
      [Object Copy (ms): Min: 0.0, Avg: 0.0, Max: 0.0, Diff: 0.0, Sum: 0.1]
      [Termination (ms): Min: 0.0, Avg: 0.0, Max: 0.0, Diff: 0.0, Sum: 0.0]
         [Termination Attempts: Min: 1, Avg: 1.0, Max: 1, Diff: 0, Sum: 4]
      [GC Worker Other (ms): Min: 0.0, Avg: 0.0, Max: 0.0, Diff: 0.0, Sum: 0.0]
      [GC Worker Total (ms): Min: 1.1, Avg: 1.1, Max: 1.1, Diff: 0.0, Sum: 4.3]
      [GC Worker End (ms): Min: 80996.5, Avg: 80996.5, Max: 80996.5, Diff: 0.0]
   [Code Root Fixup: 0.0 ms]
   [Code Root Purge: 0.0 ms]
   [Clear CT: 0.0 ms]
   [Other: 0.2 ms]
      [Choose CSet: 0.0 ms]
      [Ref Proc: 0.1 ms]
      [Ref Enq: 0.0 ms]
      [Redirty Cards: 0.0 ms]
      [Humongous Register: 0.0 ms]
      [Humongous Reclaim: 0.0 ms]
      [Free CSet: 0.0 ms]
   [Eden: 0.0B(128.0M)->0.0B(128.0M) Survivors: 0.0B->0.0B Heap: 511.7M(512.0M)->511.7M(512.0M)]
 [Times: user=0.00 sys=0.00, real=0.00 secs] 
2018-06-14T22:53:53.551+0300: 80.997: [GC concurrent-root-region-scan-start]
2018-06-14T22:53:53.551+0300: 80.997: [GC concurrent-root-region-scan-end, 0.0000102 secs]
2018-06-14T22:53:53.551+0300: 80.997: [GC concurrent-mark-start]
2018-06-14T22:53:53.551+0300: 80.997: [Full GC (Allocation Failure)  511M->503M(512M), 1.2431768 secs]
   [Eden: 0.0B(128.0M)->0.0B(128.0M) Survivors: 0.0B->0.0B Heap: 511.7M(512.0M)->503.7M(512.0M)], [Metaspace: 8328K->8328K(1056768K)]
 [Times: user=1.72 sys=0.02, real=1.24 secs] 
2018-06-14T22:53:54.796+0300: 82.240: [GC concurrent-mark-abort]
2018-06-14T22:53:54.796+0300: 82.245: [GC pause (G1 Evacuation Pause) (young) (to-space exhausted), 0.1594661 secs]
   [Parallel Time: 151.7 ms, GC Workers: 4]
      [GC Worker Start (ms): Min: 82244.9, Avg: 82244.9, Max: 82244.9, Diff: 0.0]
      [Ext Root Scanning (ms): Min: 0.2, Avg: 0.2, Max: 0.2, Diff: 0.0, Sum: 0.9]
      [Update RS (ms): Min: 0.0, Avg: 0.8, Max: 1.2, Diff: 1.2, Sum: 3.1]
         [Processed Buffers: Min: 1, Avg: 1.0, Max: 1, Diff: 0, Sum: 4]
      [Scan RS (ms): Min: 0.0, Avg: 0.0, Max: 0.0, Diff: 0.0, Sum: 0.0]
      [Code Root Scanning (ms): Min: 0.0, Avg: 0.0, Max: 0.0, Diff: 0.0, Sum: 0.0]
      [Object Copy (ms): Min: 150.1, Avg: 150.6, Max: 151.3, Diff: 1.2, Sum: 602.3]
      [Termination (ms): Min: 0.0, Avg: 0.0, Max: 0.0, Diff: 0.0, Sum: 0.0]
         [Termination Attempts: Min: 1, Avg: 1.0, Max: 1, Diff: 0, Sum: 4]
      [GC Worker Other (ms): Min: 0.0, Avg: 0.0, Max: 0.0, Diff: 0.0, Sum: 0.0]
      [GC Worker Total (ms): Min: 151.6, Avg: 151.6, Max: 151.6, Diff: 0.0, Sum: 606.4]
      [GC Worker End (ms): Min: 82396.5, Avg: 82396.5, Max: 82396.5, Diff: 0.0]
   [Code Root Fixup: 0.0 ms]
   [Code Root Purge: 0.0 ms]
   [Clear CT: 0.0 ms]
   [Other: 7.8 ms]
      [Evacuation Failure: 7.5 ms]
      [Choose CSet: 0.0 ms]
      [Ref Proc: 0.1 ms]
      [Ref Enq: 0.0 ms]
      [Redirty Cards: 0.0 ms]
      [Humongous Register: 0.0 ms]
      [Humongous Reclaim: 0.0 ms]
      [Free CSet: 0.0 ms]
   [Eden: 8192.0K(128.0M)->0.0B(128.0M) Survivors: 0.0B->0.0B Heap: 511.7M(512.0M)->511.7M(512.0M)]
 [Times: user=0.19 sys=0.05, real=0.16 secs] 
2018-06-14T22:53:54.961+0300: 82.405: [GC pause (G1 Evacuation Pause) (young) (initial-mark), 0.0012297 secs]
   [Parallel Time: 1.0 ms, GC Workers: 4]
      [GC Worker Start (ms): Min: 82404.6, Avg: 82404.6, Max: 82404.6, Diff: 0.0]
      [Ext Root Scanning (ms): Min: 0.3, Avg: 0.3, Max: 0.3, Diff: 0.0, Sum: 1.2]
      [Update RS (ms): Min: 0.7, Avg: 0.7, Max: 0.7, Diff: 0.0, Sum: 2.7]
         [Processed Buffers: Min: 1, Avg: 3.0, Max: 4, Diff: 3, Sum: 12]
      [Scan RS (ms): Min: 0.0, Avg: 0.0, Max: 0.0, Diff: 0.0, Sum: 0.0]
      [Code Root Scanning (ms): Min: 0.0, Avg: 0.0, Max: 0.0, Diff: 0.0, Sum: 0.0]
      [Object Copy (ms): Min: 0.0, Avg: 0.0, Max: 0.0, Diff: 0.0, Sum: 0.1]
      [Termination (ms): Min: 0.0, Avg: 0.0, Max: 0.0, Diff: 0.0, Sum: 0.0]
         [Termination Attempts: Min: 1, Avg: 1.0, Max: 1, Diff: 0, Sum: 4]
      [GC Worker Other (ms): Min: 0.0, Avg: 0.0, Max: 0.0, Diff: 0.0, Sum: 0.0]
      [GC Worker Total (ms): Min: 1.0, Avg: 1.0, Max: 1.0, Diff: 0.0, Sum: 4.0]
      [GC Worker End (ms): Min: 82405.6, Avg: 82405.6, Max: 82405.6, Diff: 0.0]
   [Code Root Fixup: 0.0 ms]
   [Code Root Purge: 0.0 ms]
   [Clear CT: 0.0 ms]
   [Other: 0.2 ms]
      [Choose CSet: 0.0 ms]
      [Ref Proc: 0.1 ms]
      [Ref Enq: 0.0 ms]
      [Redirty Cards: 0.0 ms]
      [Humongous Register: 0.0 ms]
      [Humongous Reclaim: 0.0 ms]
      [Free CSet: 0.0 ms]
   [Eden: 0.0B(128.0M)->0.0B(128.0M) Survivors: 0.0B->0.0B Heap: 511.7M(512.0M)->511.7M(512.0M)]
 [Times: user=0.00 sys=0.00, real=0.00 secs] 
2018-06-14T22:53:54.961+0300: 82.406: [GC concurrent-root-region-scan-start]
2018-06-14T22:53:54.961+0300: 82.406: [GC concurrent-root-region-scan-end, 0.0000111 secs]
2018-06-14T22:53:54.961+0300: 82.406: [GC concurrent-mark-start]
2018-06-14T22:53:55.298+0300: 82.747: [Full GC (Allocation Failure)  511M->503M(512M), 1.2891919 secs]
   [Eden: 0.0B(128.0M)->0.0B(128.0M) Survivors: 0.0B->0.0B Heap: 511.7M(512.0M)->503.7M(512.0M)], [Metaspace: 8328K->8328K(1056768K)]
 [Times: user=1.77 sys=0.00, real=1.29 secs] 
2018-06-14T22:53:56.585+0300: 84.036: [GC concurrent-mark-abort]
2018-06-14T22:53:56.595+0300: 84.040: [GC pause (G1 Evacuation Pause) (young) (to-space exhausted), 0.1697125 secs]
   [Parallel Time: 161.0 ms, GC Workers: 4]
      [GC Worker Start (ms): Min: 84040.6, Avg: 84040.6, Max: 84040.6, Diff: 0.0]
      [Ext Root Scanning (ms): Min: 0.2, Avg: 0.2, Max: 0.2, Diff: 0.0, Sum: 0.9]
      [Update RS (ms): Min: 0.0, Avg: 0.8, Max: 1.3, Diff: 1.3, Sum: 3.4]
         [Processed Buffers: Min: 1, Avg: 1.3, Max: 2, Diff: 1, Sum: 5]
      [Scan RS (ms): Min: 0.0, Avg: 0.0, Max: 0.0, Diff: 0.0, Sum: 0.0]
      [Code Root Scanning (ms): Min: 0.0, Avg: 0.0, Max: 0.0, Diff: 0.0, Sum: 0.0]
      [Object Copy (ms): Min: 159.5, Avg: 159.9, Max: 160.7, Diff: 1.2, Sum: 639.7]
      [Termination (ms): Min: 0.0, Avg: 0.0, Max: 0.0, Diff: 0.0, Sum: 0.0]
         [Termination Attempts: Min: 1, Avg: 1.3, Max: 2, Diff: 1, Sum: 5]
      [GC Worker Other (ms): Min: 0.0, Avg: 0.0, Max: 0.0, Diff: 0.0, Sum: 0.0]
      [GC Worker Total (ms): Min: 161.0, Avg: 161.0, Max: 161.0, Diff: 0.0, Sum: 644.0]
      [GC Worker End (ms): Min: 84201.6, Avg: 84201.6, Max: 84201.6, Diff: 0.0]
   [Code Root Fixup: 0.0 ms]
   [Code Root Purge: 0.0 ms]
   [Clear CT: 0.0 ms]
   [Other: 8.6 ms]
      [Evacuation Failure: 8.4 ms]
      [Choose CSet: 0.0 ms]
      [Ref Proc: 0.1 ms]
      [Ref Enq: 0.0 ms]
      [Redirty Cards: 0.0 ms]
      [Humongous Register: 0.0 ms]
      [Humongous Reclaim: 0.0 ms]
      [Free CSet: 0.0 ms]
   [Eden: 8192.0K(128.0M)->0.0B(128.0M) Survivors: 0.0B->0.0B Heap: 511.7M(512.0M)->511.7M(512.0M)]
 [Times: user=0.22 sys=0.01, real=0.16 secs] 
2018-06-14T22:53:56.760+0300: 84.211: [GC pause (G1 Evacuation Pause) (young) (initial-mark), 0.0016085 secs]
   [Parallel Time: 1.3 ms, GC Workers: 4]
      [GC Worker Start (ms): Min: 84210.7, Avg: 84210.8, Max: 84211.0, Diff: 0.3]
      [Ext Root Scanning (ms): Min: 0.4, Avg: 0.5, Max: 0.7, Diff: 0.3, Sum: 1.8]
      [Update RS (ms): Min: 0.3, Avg: 0.7, Max: 0.9, Diff: 0.6, Sum: 2.8]
         [Processed Buffers: Min: 1, Avg: 2.8, Max: 5, Diff: 4, Sum: 11]
      [Scan RS (ms): Min: 0.0, Avg: 0.0, Max: 0.0, Diff: 0.0, Sum: 0.0]
      [Code Root Scanning (ms): Min: 0.0, Avg: 0.0, Max: 0.0, Diff: 0.0, Sum: 0.0]
      [Object Copy (ms): Min: 0.0, Avg: 0.0, Max: 0.0, Diff: 0.0, Sum: 0.1]
      [Termination (ms): Min: 0.0, Avg: 0.0, Max: 0.1, Diff: 0.1, Sum: 0.1]
         [Termination Attempts: Min: 1, Avg: 1.0, Max: 1, Diff: 0, Sum: 4]
      [GC Worker Other (ms): Min: 0.0, Avg: 0.0, Max: 0.0, Diff: 0.0, Sum: 0.0]
      [GC Worker Total (ms): Min: 1.0, Avg: 1.2, Max: 1.3, Diff: 0.3, Sum: 4.8]
      [GC Worker End (ms): Min: 84212.0, Avg: 84212.0, Max: 84212.0, Diff: 0.0]
   [Code Root Fixup: 0.0 ms]
   [Code Root Purge: 0.0 ms]
   [Clear CT: 0.0 ms]
   [Other: 0.2 ms]
      [Choose CSet: 0.0 ms]
      [Ref Proc: 0.1 ms]
      [Ref Enq: 0.0 ms]
      [Redirty Cards: 0.0 ms]
      [Humongous Register: 0.0 ms]
      [Humongous Reclaim: 0.0 ms]
      [Free CSet: 0.0 ms]
   [Eden: 0.0B(128.0M)->0.0B(128.0M) Survivors: 0.0B->0.0B Heap: 511.7M(512.0M)->511.7M(512.0M)]
 [Times: user=0.00 sys=0.00, real=0.00 secs] 
2018-06-14T22:53:56.760+0300: 84.212: [GC concurrent-root-region-scan-start]
2018-06-14T22:53:56.760+0300: 84.212: [GC concurrent-root-region-scan-end, 0.0000256 secs]
2018-06-14T22:53:56.760+0300: 84.212: [GC concurrent-mark-start]
2018-06-14T22:53:57.067+0300: 84.514: [Full GC (Allocation Failure)  511M->503M(512M), 1.2230347 secs]
   [Eden: 0.0B(128.0M)->0.0B(128.0M) Survivors: 0.0B->0.0B Heap: 511.7M(512.0M)->503.7M(512.0M)], [Metaspace: 8328K->8328K(1056768K)]
 [Times: user=1.74 sys=0.00, real=1.22 secs] 
2018-06-14T22:53:58.286+0300: 85.737: [GC concurrent-mark-abort]
2018-06-14T22:53:58.296+0300: 85.743: [GC pause (G1 Evacuation Pause) (young) (to-space exhausted), 0.1632464 secs]
   [Parallel Time: 155.3 ms, GC Workers: 4]
      [GC Worker Start (ms): Min: 85743.1, Avg: 85743.1, Max: 85743.1, Diff: 0.0]
      [Ext Root Scanning (ms): Min: 0.2, Avg: 0.2, Max: 0.2, Diff: 0.0, Sum: 0.8]
      [Update RS (ms): Min: 0.0, Avg: 0.9, Max: 1.3, Diff: 1.3, Sum: 3.4]
         [Processed Buffers: Min: 0, Avg: 0.8, Max: 1, Diff: 1, Sum: 3]
      [Scan RS (ms): Min: 0.0, Avg: 0.0, Max: 0.0, Diff: 0.0, Sum: 0.0]
      [Code Root Scanning (ms): Min: 0.0, Avg: 0.0, Max: 0.0, Diff: 0.0, Sum: 0.0]
      [Object Copy (ms): Min: 153.7, Avg: 154.2, Max: 155.0, Diff: 1.3, Sum: 616.7]
      [Termination (ms): Min: 0.0, Avg: 0.0, Max: 0.0, Diff: 0.0, Sum: 0.0]
         [Termination Attempts: Min: 1, Avg: 1.0, Max: 1, Diff: 0, Sum: 4]
      [GC Worker Other (ms): Min: 0.0, Avg: 0.0, Max: 0.0, Diff: 0.0, Sum: 0.0]
      [GC Worker Total (ms): Min: 155.2, Avg: 155.3, Max: 155.3, Diff: 0.0, Sum: 621.0]
      [GC Worker End (ms): Min: 85898.4, Avg: 85898.4, Max: 85898.4, Diff: 0.0]
   [Code Root Fixup: 0.0 ms]
   [Code Root Purge: 0.0 ms]
   [Clear CT: 0.0 ms]
   [Other: 7.9 ms]
      [Evacuation Failure: 7.7 ms]
      [Choose CSet: 0.0 ms]
      [Ref Proc: 0.1 ms]
      [Ref Enq: 0.0 ms]
      [Redirty Cards: 0.0 ms]
      [Humongous Register: 0.0 ms]
      [Humongous Reclaim: 0.0 ms]
      [Free CSet: 0.0 ms]
   [Eden: 8192.0K(128.0M)->0.0B(128.0M) Survivors: 0.0B->0.0B Heap: 511.7M(512.0M)->511.7M(512.0M)]
 [Times: user=0.16 sys=0.08, real=0.17 secs] 
2018-06-14T22:53:58.462+0300: 85.907: [GC pause (G1 Evacuation Pause) (young) (initial-mark), 0.0013252 secs]
   [Parallel Time: 1.1 ms, GC Workers: 4]
      [GC Worker Start (ms): Min: 85906.6, Avg: 85906.6, Max: 85906.6, Diff: 0.0]
      [Ext Root Scanning (ms): Min: 0.3, Avg: 0.3, Max: 0.3, Diff: 0.0, Sum: 1.2]
      [Update RS (ms): Min: 0.7, Avg: 0.7, Max: 0.7, Diff: 0.1, Sum: 2.8]
         [Processed Buffers: Min: 1, Avg: 2.8, Max: 4, Diff: 3, Sum: 11]
      [Scan RS (ms): Min: 0.0, Avg: 0.0, Max: 0.0, Diff: 0.0, Sum: 0.0]
      [Code Root Scanning (ms): Min: 0.0, Avg: 0.0, Max: 0.0, Diff: 0.0, Sum: 0.0]
      [Object Copy (ms): Min: 0.0, Avg: 0.0, Max: 0.0, Diff: 0.0, Sum: 0.1]
      [Termination (ms): Min: 0.0, Avg: 0.0, Max: 0.1, Diff: 0.1, Sum: 0.2]
         [Termination Attempts: Min: 1, Avg: 1.0, Max: 1, Diff: 0, Sum: 4]
      [GC Worker Other (ms): Min: 0.0, Avg: 0.0, Max: 0.0, Diff: 0.0, Sum: 0.0]
      [GC Worker Total (ms): Min: 1.0, Avg: 1.1, Max: 1.1, Diff: 0.0, Sum: 4.2]
      [GC Worker End (ms): Min: 85907.7, Avg: 85907.7, Max: 85907.7, Diff: 0.0]
   [Code Root Fixup: 0.0 ms]
   [Code Root Purge: 0.0 ms]
   [Clear CT: 0.0 ms]
   [Other: 0.2 ms]
      [Choose CSet: 0.0 ms]
      [Ref Proc: 0.1 ms]
      [Ref Enq: 0.0 ms]
      [Redirty Cards: 0.1 ms]
      [Humongous Register: 0.0 ms]
      [Humongous Reclaim: 0.0 ms]
      [Free CSet: 0.0 ms]
   [Eden: 0.0B(128.0M)->0.0B(128.0M) Survivors: 0.0B->0.0B Heap: 511.7M(512.0M)->511.7M(512.0M)]
 [Times: user=0.00 sys=0.00, real=0.00 secs] 
2018-06-14T22:53:58.462+0300: 85.908: [GC concurrent-root-region-scan-start]
2018-06-14T22:53:58.462+0300: 85.908: [GC concurrent-root-region-scan-end, 0.0000098 secs]
2018-06-14T22:53:58.462+0300: 85.908: [GC concurrent-mark-start]
2018-06-14T22:53:58.462+0300: 85.908: [Full GC (Allocation Failure)  511M->503M(512M), 1.2866489 secs]
   [Eden: 0.0B(128.0M)->0.0B(128.0M) Survivors: 0.0B->0.0B Heap: 511.7M(512.0M)->503.7M(512.0M)], [Metaspace: 8328K->8328K(1056768K)]
 [Times: user=1.75 sys=0.00, real=1.29 secs] 
2018-06-14T22:53:59.750+0300: 87.195: [GC concurrent-mark-abort]
2018-06-14T22:53:59.752+0300: 87.202: [GC pause (G1 Evacuation Pause) (young) (to-space exhausted), 0.1669353 secs]
   [Parallel Time: 159.2 ms, GC Workers: 4]
      [GC Worker Start (ms): Min: 87201.8, Avg: 87201.8, Max: 87201.8, Diff: 0.0]
      [Ext Root Scanning (ms): Min: 0.2, Avg: 0.2, Max: 0.2, Diff: 0.0, Sum: 0.9]
      [Update RS (ms): Min: 0.0, Avg: 0.8, Max: 1.2, Diff: 1.2, Sum: 3.3]
         [Processed Buffers: Min: 0, Avg: 0.8, Max: 1, Diff: 1, Sum: 3]
      [Scan RS (ms): Min: 0.0, Avg: 0.0, Max: 0.0, Diff: 0.0, Sum: 0.0]
      [Code Root Scanning (ms): Min: 0.0, Avg: 0.0, Max: 0.0, Diff: 0.0, Sum: 0.0]
      [Object Copy (ms): Min: 157.7, Avg: 158.1, Max: 158.9, Diff: 1.2, Sum: 632.4]
      [Termination (ms): Min: 0.0, Avg: 0.0, Max: 0.0, Diff: 0.0, Sum: 0.0]
         [Termination Attempts: Min: 1, Avg: 1.0, Max: 1, Diff: 0, Sum: 4]
      [GC Worker Other (ms): Min: 0.0, Avg: 0.0, Max: 0.0, Diff: 0.0, Sum: 0.0]
      [GC Worker Total (ms): Min: 159.2, Avg: 159.2, Max: 159.2, Diff: 0.0, Sum: 636.7]
      [GC Worker End (ms): Min: 87361.0, Avg: 87361.0, Max: 87361.0, Diff: 0.0]
   [Code Root Fixup: 0.0 ms]
   [Code Root Purge: 0.0 ms]
   [Clear CT: 0.0 ms]
   [Other: 7.7 ms]
      [Evacuation Failure: 7.5 ms]
      [Choose CSet: 0.0 ms]
      [Ref Proc: 0.1 ms]
      [Ref Enq: 0.0 ms]
      [Redirty Cards: 0.1 ms]
      [Humongous Register: 0.0 ms]
      [Humongous Reclaim: 0.0 ms]
      [Free CSet: 0.0 ms]
   [Eden: 8192.0K(128.0M)->0.0B(128.0M) Survivors: 0.0B->0.0B Heap: 511.7M(512.0M)->511.7M(512.0M)]
 [Times: user=0.22 sys=0.03, real=0.16 secs] 
2018-06-14T22:53:59.917+0300: 87.369: [GC pause (G1 Evacuation Pause) (young) (initial-mark), 0.0013073 secs]
   [Parallel Time: 1.1 ms, GC Workers: 4]
      [GC Worker Start (ms): Min: 87369.0, Avg: 87369.0, Max: 87369.0, Diff: 0.0]
      [Ext Root Scanning (ms): Min: 0.3, Avg: 0.3, Max: 0.3, Diff: 0.0, Sum: 1.3]
      [Update RS (ms): Min: 0.7, Avg: 0.7, Max: 0.7, Diff: 0.0, Sum: 2.8]
         [Processed Buffers: Min: 1, Avg: 2.8, Max: 4, Diff: 3, Sum: 11]
      [Scan RS (ms): Min: 0.0, Avg: 0.0, Max: 0.0, Diff: 0.0, Sum: 0.0]
      [Code Root Scanning (ms): Min: 0.0, Avg: 0.0, Max: 0.0, Diff: 0.0, Sum: 0.0]
      [Object Copy (ms): Min: 0.0, Avg: 0.0, Max: 0.0, Diff: 0.0, Sum: 0.1]
      [Termination (ms): Min: 0.0, Avg: 0.0, Max: 0.0, Diff: 0.0, Sum: 0.0]
         [Termination Attempts: Min: 1, Avg: 1.0, Max: 1, Diff: 0, Sum: 4]
      [GC Worker Other (ms): Min: 0.0, Avg: 0.0, Max: 0.0, Diff: 0.0, Sum: 0.0]
      [GC Worker Total (ms): Min: 1.0, Avg: 1.1, Max: 1.1, Diff: 0.0, Sum: 4.2]
      [GC Worker End (ms): Min: 87370.0, Avg: 87370.0, Max: 87370.0, Diff: 0.0]
   [Code Root Fixup: 0.0 ms]
   [Code Root Purge: 0.0 ms]
   [Clear CT: 0.0 ms]
   [Other: 0.2 ms]
      [Choose CSet: 0.0 ms]
      [Ref Proc: 0.1 ms]
      [Ref Enq: 0.0 ms]
      [Redirty Cards: 0.0 ms]
      [Humongous Register: 0.0 ms]
      [Humongous Reclaim: 0.0 ms]
      [Free CSet: 0.0 ms]
   [Eden: 0.0B(128.0M)->0.0B(128.0M) Survivors: 0.0B->0.0B Heap: 511.7M(512.0M)->511.7M(512.0M)]
 [Times: user=0.00 sys=0.00, real=0.00 secs] 
2018-06-14T22:53:59.917+0300: 87.370: [GC concurrent-root-region-scan-start]
2018-06-14T22:53:59.917+0300: 87.370: [GC concurrent-root-region-scan-end, 0.0000111 secs]
2018-06-14T22:53:59.917+0300: 87.370: [GC concurrent-mark-start]
2018-06-14T22:53:59.917+0300: 87.370: [Full GC (Allocation Failure)  511M->503M(512M), 1.2361688 secs]
   [Eden: 0.0B(128.0M)->0.0B(128.0M) Survivors: 0.0B->0.0B Heap: 511.7M(512.0M)->503.7M(512.0M)], [Metaspace: 8328K->8328K(1056768K)]
 [Times: user=1.72 sys=0.05, real=1.24 secs] 
2018-06-14T22:54:01.161+0300: 88.607: [GC concurrent-mark-abort]
2018-06-14T22:54:01.161+0300: 88.612: [GC pause (G1 Evacuation Pause) (young) (to-space exhausted), 0.1568848 secs]
   [Parallel Time: 148.6 ms, GC Workers: 4]
      [GC Worker Start (ms): Min: 88611.9, Avg: 88611.9, Max: 88611.9, Diff: 0.0]
      [Ext Root Scanning (ms): Min: 0.2, Avg: 0.2, Max: 0.2, Diff: 0.0, Sum: 0.9]
      [Update RS (ms): Min: 0.0, Avg: 0.8, Max: 1.3, Diff: 1.2, Sum: 3.2]
         [Processed Buffers: Min: 1, Avg: 1.0, Max: 1, Diff: 0, Sum: 4]
      [Scan RS (ms): Min: 0.0, Avg: 0.0, Max: 0.0, Diff: 0.0, Sum: 0.0]
      [Code Root Scanning (ms): Min: 0.0, Avg: 0.0, Max: 0.0, Diff: 0.0, Sum: 0.0]
      [Object Copy (ms): Min: 147.0, Avg: 147.5, Max: 148.3, Diff: 1.3, Sum: 590.0]
      [Termination (ms): Min: 0.0, Avg: 0.0, Max: 0.0, Diff: 0.0, Sum: 0.0]
         [Termination Attempts: Min: 1, Avg: 1.0, Max: 1, Diff: 0, Sum: 4]
      [GC Worker Other (ms): Min: 0.0, Avg: 0.0, Max: 0.0, Diff: 0.0, Sum: 0.0]
      [GC Worker Total (ms): Min: 148.5, Avg: 148.6, Max: 148.6, Diff: 0.0, Sum: 594.2]
      [GC Worker End (ms): Min: 88760.4, Avg: 88760.4, Max: 88760.4, Diff: 0.0]
   [Code Root Fixup: 0.0 ms]
   [Code Root Purge: 0.0 ms]
   [Clear CT: 0.0 ms]
   [Other: 8.2 ms]
      [Evacuation Failure: 7.9 ms]
      [Choose CSet: 0.0 ms]
      [Ref Proc: 0.1 ms]
      [Ref Enq: 0.0 ms]
      [Redirty Cards: 0.1 ms]
      [Humongous Register: 0.0 ms]
      [Humongous Reclaim: 0.0 ms]
      [Free CSet: 0.0 ms]
   [Eden: 8192.0K(128.0M)->0.0B(128.0M) Survivors: 0.0B->0.0B Heap: 511.7M(512.0M)->511.7M(512.0M)]
 [Times: user=0.16 sys=0.05, real=0.16 secs] 
2018-06-14T22:54:01.321+0300: 88.769: [GC pause (G1 Evacuation Pause) (young) (initial-mark), 0.0013598 secs]
   [Parallel Time: 1.1 ms, GC Workers: 4]
      [GC Worker Start (ms): Min: 88769.1, Avg: 88769.1, Max: 88769.1, Diff: 0.0]
      [Ext Root Scanning (ms): Min: 0.3, Avg: 0.3, Max: 0.3, Diff: 0.0, Sum: 1.3]
      [Update RS (ms): Min: 0.7, Avg: 0.7, Max: 0.7, Diff: 0.0, Sum: 2.7]
         [Processed Buffers: Min: 1, Avg: 3.0, Max: 4, Diff: 3, Sum: 12]
      [Scan RS (ms): Min: 0.0, Avg: 0.0, Max: 0.0, Diff: 0.0, Sum: 0.0]
      [Code Root Scanning (ms): Min: 0.0, Avg: 0.0, Max: 0.0, Diff: 0.0, Sum: 0.0]
      [Object Copy (ms): Min: 0.0, Avg: 0.0, Max: 0.0, Diff: 0.0, Sum: 0.1]
      [Termination (ms): Min: 0.0, Avg: 0.0, Max: 0.0, Diff: 0.0, Sum: 0.1]
         [Termination Attempts: Min: 1, Avg: 1.0, Max: 1, Diff: 0, Sum: 4]
      [GC Worker Other (ms): Min: 0.0, Avg: 0.0, Max: 0.0, Diff: 0.0, Sum: 0.0]
      [GC Worker Total (ms): Min: 1.0, Avg: 1.1, Max: 1.1, Diff: 0.0, Sum: 4.2]
      [GC Worker End (ms): Min: 88770.2, Avg: 88770.2, Max: 88770.2, Diff: 0.0]
   [Code Root Fixup: 0.0 ms]
   [Code Root Purge: 0.0 ms]
   [Clear CT: 0.0 ms]
   [Other: 0.2 ms]
      [Choose CSet: 0.0 ms]
      [Ref Proc: 0.1 ms]
      [Ref Enq: 0.0 ms]
      [Redirty Cards: 0.0 ms]
      [Humongous Register: 0.0 ms]
      [Humongous Reclaim: 0.0 ms]
      [Free CSet: 0.0 ms]
   [Eden: 0.0B(128.0M)->0.0B(128.0M) Survivors: 0.0B->0.0B Heap: 511.7M(512.0M)->511.7M(512.0M)]
 [Times: user=0.00 sys=0.00, real=0.00 secs] 
2018-06-14T22:54:01.321+0300: 88.771: [GC concurrent-root-region-scan-start]
2018-06-14T22:54:01.321+0300: 88.771: [GC concurrent-root-region-scan-end, 0.0000094 secs]
2018-06-14T22:54:01.321+0300: 88.771: [GC concurrent-mark-start]
2018-06-14T22:54:01.637+0300: 89.092: [Full GC (Allocation Failure)  511M->503M(512M), 1.2688194 secs]
   [Eden: 0.0B(128.0M)->0.0B(128.0M) Survivors: 0.0B->0.0B Heap: 511.7M(512.0M)->503.7M(512.0M)], [Metaspace: 8328K->8328K(1056768K)]
 [Times: user=1.73 sys=0.06, real=1.28 secs] 
2018-06-14T22:54:02.916+0300: 90.361: [GC concurrent-mark-abort]
2018-06-14T22:54:02.918+0300: 90.365: [GC pause (G1 Evacuation Pause) (young) (to-space exhausted), 0.1637899 secs]
   [Parallel Time: 155.2 ms, GC Workers: 4]
      [GC Worker Start (ms): Min: 90365.1, Avg: 90365.1, Max: 90365.1, Diff: 0.0]
      [Ext Root Scanning (ms): Min: 0.2, Avg: 0.2, Max: 0.2, Diff: 0.0, Sum: 0.8]
      [Update RS (ms): Min: 0.0, Avg: 0.9, Max: 1.4, Diff: 1.3, Sum: 3.5]
         [Processed Buffers: Min: 1, Avg: 1.3, Max: 2, Diff: 1, Sum: 5]
      [Scan RS (ms): Min: 0.0, Avg: 0.0, Max: 0.0, Diff: 0.0, Sum: 0.0]
      [Code Root Scanning (ms): Min: 0.0, Avg: 0.0, Max: 0.0, Diff: 0.0, Sum: 0.0]
      [Object Copy (ms): Min: 153.5, Avg: 154.0, Max: 154.9, Diff: 1.3, Sum: 616.1]
      [Termination (ms): Min: 0.0, Avg: 0.0, Max: 0.0, Diff: 0.0, Sum: 0.0]
         [Termination Attempts: Min: 1, Avg: 1.0, Max: 1, Diff: 0, Sum: 4]
      [GC Worker Other (ms): Min: 0.0, Avg: 0.0, Max: 0.0, Diff: 0.0, Sum: 0.0]
      [GC Worker Total (ms): Min: 155.1, Avg: 155.1, Max: 155.1, Diff: 0.0, Sum: 620.4]
      [GC Worker End (ms): Min: 90520.2, Avg: 90520.2, Max: 90520.2, Diff: 0.0]
   [Code Root Fixup: 0.0 ms]
   [Code Root Purge: 0.0 ms]
   [Clear CT: 0.0 ms]
   [Other: 8.6 ms]
      [Evacuation Failure: 8.3 ms]
      [Choose CSet: 0.0 ms]
      [Ref Proc: 0.1 ms]
      [Ref Enq: 0.0 ms]
      [Redirty Cards: 0.1 ms]
      [Humongous Register: 0.0 ms]
      [Humongous Reclaim: 0.0 ms]
      [Free CSet: 0.0 ms]
   [Eden: 8192.0K(128.0M)->0.0B(128.0M) Survivors: 0.0B->0.0B Heap: 511.7M(512.0M)->511.7M(512.0M)]
 [Times: user=0.16 sys=0.06, real=0.16 secs] 
2018-06-14T22:54:03.083+0300: 90.529: [GC pause (G1 Evacuation Pause) (young) (initial-mark), 0.0014485 secs]
   [Parallel Time: 1.1 ms, GC Workers: 4]
      [GC Worker Start (ms): Min: 90529.3, Avg: 90529.3, Max: 90529.3, Diff: 0.0]
      [Ext Root Scanning (ms): Min: 0.3, Avg: 0.3, Max: 0.3, Diff: 0.0, Sum: 1.4]
      [Update RS (ms): Min: 0.7, Avg: 0.7, Max: 0.7, Diff: 0.1, Sum: 2.8]
         [Processed Buffers: Min: 1, Avg: 2.8, Max: 5, Diff: 4, Sum: 11]
      [Scan RS (ms): Min: 0.0, Avg: 0.0, Max: 0.0, Diff: 0.0, Sum: 0.0]
      [Code Root Scanning (ms): Min: 0.0, Avg: 0.0, Max: 0.0, Diff: 0.0, Sum: 0.0]
      [Object Copy (ms): Min: 0.0, Avg: 0.0, Max: 0.0, Diff: 0.0, Sum: 0.0]
      [Termination (ms): Min: 0.0, Avg: 0.0, Max: 0.1, Diff: 0.1, Sum: 0.1]
         [Termination Attempts: Min: 1, Avg: 1.0, Max: 1, Diff: 0, Sum: 4]
      [GC Worker Other (ms): Min: 0.0, Avg: 0.0, Max: 0.0, Diff: 0.0, Sum: 0.0]
      [GC Worker Total (ms): Min: 1.1, Avg: 1.1, Max: 1.1, Diff: 0.0, Sum: 4.4]
      [GC Worker End (ms): Min: 90530.4, Avg: 90530.4, Max: 90530.4, Diff: 0.0]
   [Code Root Fixup: 0.0 ms]
   [Code Root Purge: 0.0 ms]
   [Clear CT: 0.0 ms]
   [Other: 0.3 ms]
      [Choose CSet: 0.0 ms]
      [Ref Proc: 0.1 ms]
      [Ref Enq: 0.0 ms]
      [Redirty Cards: 0.0 ms]
      [Humongous Register: 0.0 ms]
      [Humongous Reclaim: 0.0 ms]
      [Free CSet: 0.0 ms]
   [Eden: 0.0B(128.0M)->0.0B(128.0M) Survivors: 0.0B->0.0B Heap: 511.7M(512.0M)->511.7M(512.0M)]
 [Times: user=0.00 sys=0.00, real=0.00 secs] 
2018-06-14T22:54:03.083+0300: 90.531: [GC concurrent-root-region-scan-start]
2018-06-14T22:54:03.083+0300: 90.531: [GC concurrent-root-region-scan-end, 0.0000286 secs]
2018-06-14T22:54:03.083+0300: 90.531: [GC concurrent-mark-start]
2018-06-14T22:54:03.083+0300: 90.531: [Full GC (Allocation Failure)  511M->503M(512M), 1.2676350 secs]
   [Eden: 0.0B(128.0M)->0.0B(128.0M) Survivors: 0.0B->0.0B Heap: 511.7M(512.0M)->503.7M(512.0M)], [Metaspace: 8328K->8328K(1056768K)]
 [Times: user=1.78 sys=0.00, real=1.27 secs] 
2018-06-14T22:54:04.356+0300: 91.799: [GC concurrent-mark-abort]
2018-06-14T22:54:04.358+0300: 91.805: [GC pause (G1 Evacuation Pause) (young) (to-space exhausted), 0.1659199 secs]
   [Parallel Time: 158.2 ms, GC Workers: 4]
      [GC Worker Start (ms): Min: 91804.7, Avg: 91804.8, Max: 91804.8, Diff: 0.0]
      [Ext Root Scanning (ms): Min: 0.2, Avg: 0.2, Max: 0.2, Diff: 0.0, Sum: 0.9]
      [Update RS (ms): Min: 0.0, Avg: 0.8, Max: 1.3, Diff: 1.3, Sum: 3.4]
         [Processed Buffers: Min: 0, Avg: 0.8, Max: 1, Diff: 1, Sum: 3]
      [Scan RS (ms): Min: 0.0, Avg: 0.0, Max: 0.0, Diff: 0.0, Sum: 0.0]
      [Code Root Scanning (ms): Min: 0.0, Avg: 0.0, Max: 0.0, Diff: 0.0, Sum: 0.0]
      [Object Copy (ms): Min: 156.6, Avg: 157.0, Max: 157.8, Diff: 1.3, Sum: 628.0]
      [Termination (ms): Min: 0.0, Avg: 0.0, Max: 0.0, Diff: 0.0, Sum: 0.0]
         [Termination Attempts: Min: 1, Avg: 1.0, Max: 1, Diff: 0, Sum: 4]
      [GC Worker Other (ms): Min: 0.0, Avg: 0.0, Max: 0.0, Diff: 0.0, Sum: 0.0]
      [GC Worker Total (ms): Min: 158.1, Avg: 158.1, Max: 158.1, Diff: 0.0, Sum: 632.4]
      [GC Worker End (ms): Min: 91962.9, Avg: 91962.9, Max: 91962.9, Diff: 0.0]
   [Code Root Fixup: 0.0 ms]
   [Code Root Purge: 0.0 ms]
   [Clear CT: 0.0 ms]
   [Other: 7.7 ms]
      [Evacuation Failure: 7.5 ms]
      [Choose CSet: 0.0 ms]
      [Ref Proc: 0.1 ms]
      [Ref Enq: 0.0 ms]
      [Redirty Cards: 0.1 ms]
      [Humongous Register: 0.0 ms]
      [Humongous Reclaim: 0.0 ms]
      [Free CSet: 0.0 ms]
   [Eden: 8192.0K(128.0M)->0.0B(128.0M) Survivors: 0.0B->0.0B Heap: 511.7M(512.0M)->511.7M(512.0M)]
 [Times: user=0.23 sys=0.05, real=0.16 secs] 
2018-06-14T22:54:04.523+0300: 91.971: [GC pause (G1 Evacuation Pause) (young) (initial-mark), 0.0013205 secs]
   [Parallel Time: 1.1 ms, GC Workers: 4]
      [GC Worker Start (ms): Min: 91971.0, Avg: 91971.0, Max: 91971.0, Diff: 0.0]
      [Ext Root Scanning (ms): Min: 0.3, Avg: 0.3, Max: 0.3, Diff: 0.0, Sum: 1.3]
      [Update RS (ms): Min: 0.7, Avg: 0.7, Max: 0.7, Diff: 0.1, Sum: 2.8]
         [Processed Buffers: Min: 1, Avg: 2.8, Max: 4, Diff: 3, Sum: 11]
      [Scan RS (ms): Min: 0.0, Avg: 0.0, Max: 0.0, Diff: 0.0, Sum: 0.0]
      [Code Root Scanning (ms): Min: 0.0, Avg: 0.0, Max: 0.0, Diff: 0.0, Sum: 0.0]
      [Object Copy (ms): Min: 0.0, Avg: 0.0, Max: 0.0, Diff: 0.0, Sum: 0.1]
      [Termination (ms): Min: 0.0, Avg: 0.0, Max: 0.0, Diff: 0.0, Sum: 0.1]
         [Termination Attempts: Min: 1, Avg: 1.0, Max: 1, Diff: 0, Sum: 4]
      [GC Worker Other (ms): Min: 0.0, Avg: 0.0, Max: 0.0, Diff: 0.0, Sum: 0.0]
      [GC Worker Total (ms): Min: 1.1, Avg: 1.1, Max: 1.1, Diff: 0.0, Sum: 4.3]
      [GC Worker End (ms): Min: 91972.0, Avg: 91972.1, Max: 91972.1, Diff: 0.0]
   [Code Root Fixup: 0.0 ms]
   [Code Root Purge: 0.0 ms]
   [Clear CT: 0.0 ms]
   [Other: 0.2 ms]
      [Choose CSet: 0.0 ms]
      [Ref Proc: 0.1 ms]
      [Ref Enq: 0.0 ms]
      [Redirty Cards: 0.0 ms]
      [Humongous Register: 0.0 ms]
      [Humongous Reclaim: 0.0 ms]
      [Free CSet: 0.0 ms]
   [Eden: 0.0B(128.0M)->0.0B(128.0M) Survivors: 0.0B->0.0B Heap: 511.7M(512.0M)->511.7M(512.0M)]
 [Times: user=0.00 sys=0.00, real=0.00 secs] 
2018-06-14T22:54:04.523+0300: 91.972: [GC concurrent-root-region-scan-start]
2018-06-14T22:54:04.523+0300: 91.972: [GC concurrent-root-region-scan-end, 0.0000102 secs]
2018-06-14T22:54:04.523+0300: 91.972: [GC concurrent-mark-start]
2018-06-14T22:54:04.523+0300: 91.972: [Full GC (Allocation Failure)  511M->503M(512M), 1.2695964 secs]
   [Eden: 0.0B(128.0M)->0.0B(128.0M) Survivors: 0.0B->0.0B Heap: 511.7M(512.0M)->503.7M(512.0M)], [Metaspace: 8328K->8328K(1056768K)]
 [Times: user=1.77 sys=0.02, real=1.27 secs] 
2018-06-14T22:54:05.797+0300: 93.243: [GC concurrent-mark-abort]
2018-06-14T22:54:05.797+0300: 93.247: [GC pause (G1 Evacuation Pause) (young) (to-space exhausted), 0.1626870 secs]
   [Parallel Time: 154.8 ms, GC Workers: 4]
      [GC Worker Start (ms): Min: 93247.3, Avg: 93247.3, Max: 93247.3, Diff: 0.0]
      [Ext Root Scanning (ms): Min: 0.2, Avg: 0.2, Max: 0.3, Diff: 0.0, Sum: 1.0]
      [Update RS (ms): Min: 0.0, Avg: 0.9, Max: 1.3, Diff: 1.3, Sum: 3.4]
         [Processed Buffers: Min: 0, Avg: 0.8, Max: 1, Diff: 1, Sum: 3]
      [Scan RS (ms): Min: 0.0, Avg: 0.0, Max: 0.0, Diff: 0.0, Sum: 0.0]
      [Code Root Scanning (ms): Min: 0.0, Avg: 0.0, Max: 0.0, Diff: 0.0, Sum: 0.0]
      [Object Copy (ms): Min: 153.2, Avg: 153.6, Max: 154.5, Diff: 1.3, Sum: 614.4]
      [Termination (ms): Min: 0.0, Avg: 0.0, Max: 0.0, Diff: 0.0, Sum: 0.0]
         [Termination Attempts: Min: 1, Avg: 1.0, Max: 1, Diff: 0, Sum: 4]
      [GC Worker Other (ms): Min: 0.0, Avg: 0.0, Max: 0.0, Diff: 0.0, Sum: 0.0]
      [GC Worker Total (ms): Min: 154.7, Avg: 154.7, Max: 154.8, Diff: 0.0, Sum: 619.0]
      [GC Worker End (ms): Min: 93402.1, Avg: 93402.1, Max: 93402.1, Diff: 0.0]
   [Code Root Fixup: 0.0 ms]
   [Code Root Purge: 0.0 ms]
   [Clear CT: 0.0 ms]
   [Other: 7.8 ms]
      [Evacuation Failure: 7.6 ms]
      [Choose CSet: 0.0 ms]
      [Ref Proc: 0.1 ms]
      [Ref Enq: 0.0 ms]
      [Redirty Cards: 0.1 ms]
      [Humongous Register: 0.0 ms]
      [Humongous Reclaim: 0.0 ms]
      [Free CSet: 0.0 ms]
   [Eden: 8192.0K(128.0M)->0.0B(128.0M) Survivors: 0.0B->0.0B Heap: 511.7M(512.0M)->511.7M(512.0M)]
 [Times: user=0.25 sys=0.05, real=0.16 secs] 
2018-06-14T22:54:05.962+0300: 93.410: [GC pause (G1 Evacuation Pause) (young) (initial-mark), 0.0013815 secs]
   [Parallel Time: 1.1 ms, GC Workers: 4]
      [GC Worker Start (ms): Min: 93410.3, Avg: 93410.3, Max: 93410.3, Diff: 0.0]
      [Ext Root Scanning (ms): Min: 0.3, Avg: 0.3, Max: 0.3, Diff: 0.0, Sum: 1.3]
      [Update RS (ms): Min: 0.6, Avg: 0.7, Max: 0.7, Diff: 0.1, Sum: 2.8]
         [Processed Buffers: Min: 1, Avg: 2.8, Max: 4, Diff: 3, Sum: 11]
      [Scan RS (ms): Min: 0.0, Avg: 0.0, Max: 0.0, Diff: 0.0, Sum: 0.0]
      [Code Root Scanning (ms): Min: 0.0, Avg: 0.0, Max: 0.0, Diff: 0.0, Sum: 0.0]
      [Object Copy (ms): Min: 0.0, Avg: 0.0, Max: 0.0, Diff: 0.0, Sum: 0.1]
      [Termination (ms): Min: 0.0, Avg: 0.0, Max: 0.1, Diff: 0.1, Sum: 0.2]
         [Termination Attempts: Min: 1, Avg: 1.0, Max: 1, Diff: 0, Sum: 4]
      [GC Worker Other (ms): Min: 0.0, Avg: 0.0, Max: 0.0, Diff: 0.0, Sum: 0.0]
      [GC Worker Total (ms): Min: 1.1, Avg: 1.1, Max: 1.1, Diff: 0.0, Sum: 4.3]
      [GC Worker End (ms): Min: 93411.4, Avg: 93411.4, Max: 93411.4, Diff: 0.0]
   [Code Root Fixup: 0.0 ms]
   [Code Root Purge: 0.0 ms]
   [Clear CT: 0.0 ms]
   [Other: 0.2 ms]
      [Choose CSet: 0.0 ms]
      [Ref Proc: 0.1 ms]
      [Ref Enq: 0.0 ms]
      [Redirty Cards: 0.0 ms]
      [Humongous Register: 0.0 ms]
      [Humongous Reclaim: 0.0 ms]
      [Free CSet: 0.0 ms]
   [Eden: 0.0B(128.0M)->0.0B(128.0M) Survivors: 0.0B->0.0B Heap: 511.7M(512.0M)->511.7M(512.0M)]
 [Times: user=0.00 sys=0.00, real=0.00 secs] 
2018-06-14T22:54:05.962+0300: 93.412: [GC concurrent-root-region-scan-start]
2018-06-14T22:54:05.962+0300: 93.412: [GC concurrent-root-region-scan-end, 0.0000102 secs]
2018-06-14T22:54:05.962+0300: 93.412: [GC concurrent-mark-start]
2018-06-14T22:54:05.962+0300: 93.412: [Full GC (Allocation Failure)  511M->503M(512M), 1.2729572 secs]
   [Eden: 0.0B(128.0M)->0.0B(128.0M) Survivors: 0.0B->0.0B Heap: 511.7M(512.0M)->503.7M(512.0M)], [Metaspace: 8328K->8328K(1056768K)]
 [Times: user=1.80 sys=0.00, real=1.28 secs] 
2018-06-14T22:54:07.241+0300: 94.686: [GC concurrent-mark-abort]
2018-06-14T22:54:07.241+0300: 94.691: [GC pause (G1 Evacuation Pause) (young) (to-space exhausted), 0.1554755 secs]
   [Parallel Time: 147.8 ms, GC Workers: 4]
      [GC Worker Start (ms): Min: 94691.1, Avg: 94691.1, Max: 94691.1, Diff: 0.1]
      [Ext Root Scanning (ms): Min: 0.2, Avg: 0.2, Max: 0.2, Diff: 0.1, Sum: 0.9]
      [Update RS (ms): Min: 0.0, Avg: 0.8, Max: 1.3, Diff: 1.3, Sum: 3.3]
         [Processed Buffers: Min: 1, Avg: 1.0, Max: 1, Diff: 0, Sum: 4]
      [Scan RS (ms): Min: 0.0, Avg: 0.0, Max: 0.0, Diff: 0.0, Sum: 0.0]
      [Code Root Scanning (ms): Min: 0.0, Avg: 0.0, Max: 0.0, Diff: 0.0, Sum: 0.0]
      [Object Copy (ms): Min: 146.2, Avg: 146.6, Max: 147.4, Diff: 1.3, Sum: 586.6]
      [Termination (ms): Min: 0.0, Avg: 0.0, Max: 0.0, Diff: 0.0, Sum: 0.0]
         [Termination Attempts: Min: 1, Avg: 1.0, Max: 1, Diff: 0, Sum: 4]
      [GC Worker Other (ms): Min: 0.0, Avg: 0.0, Max: 0.0, Diff: 0.0, Sum: 0.0]
      [GC Worker Total (ms): Min: 147.7, Avg: 147.7, Max: 147.7, Diff: 0.1, Sum: 590.8]
      [GC Worker End (ms): Min: 94838.8, Avg: 94838.8, Max: 94838.8, Diff: 0.0]
   [Code Root Fixup: 0.0 ms]
   [Code Root Purge: 0.0 ms]
   [Clear CT: 0.0 ms]
   [Other: 7.7 ms]
      [Evacuation Failure: 7.4 ms]
      [Choose CSet: 0.0 ms]
      [Ref Proc: 0.1 ms]
      [Ref Enq: 0.0 ms]
      [Redirty Cards: 0.1 ms]
      [Humongous Register: 0.0 ms]
      [Humongous Reclaim: 0.0 ms]
      [Free CSet: 0.0 ms]
   [Eden: 8192.0K(128.0M)->0.0B(128.0M) Survivors: 0.0B->0.0B Heap: 511.7M(512.0M)->511.7M(512.0M)]
 [Times: user=0.13 sys=0.06, real=0.15 secs] 
2018-06-14T22:54:07.390+0300: 94.847: [GC pause (G1 Evacuation Pause) (young) (initial-mark), 0.0013133 secs]
   [Parallel Time: 1.1 ms, GC Workers: 4]
      [GC Worker Start (ms): Min: 94846.8, Avg: 94846.8, Max: 94846.8, Diff: 0.0]
      [Ext Root Scanning (ms): Min: 0.3, Avg: 0.3, Max: 0.3, Diff: 0.0, Sum: 1.3]
      [Update RS (ms): Min: 0.7, Avg: 0.7, Max: 0.7, Diff: 0.0, Sum: 2.7]
         [Processed Buffers: Min: 1, Avg: 2.8, Max: 4, Diff: 3, Sum: 11]
      [Scan RS (ms): Min: 0.0, Avg: 0.0, Max: 0.0, Diff: 0.0, Sum: 0.0]
      [Code Root Scanning (ms): Min: 0.0, Avg: 0.0, Max: 0.0, Diff: 0.0, Sum: 0.0]
      [Object Copy (ms): Min: 0.0, Avg: 0.0, Max: 0.0, Diff: 0.0, Sum: 0.1]
      [Termination (ms): Min: 0.0, Avg: 0.0, Max: 0.0, Diff: 0.0, Sum: 0.1]
         [Termination Attempts: Min: 1, Avg: 1.0, Max: 1, Diff: 0, Sum: 4]
      [GC Worker Other (ms): Min: 0.0, Avg: 0.0, Max: 0.0, Diff: 0.0, Sum: 0.0]
      [GC Worker Total (ms): Min: 1.0, Avg: 1.0, Max: 1.0, Diff: 0.0, Sum: 4.1]
      [GC Worker End (ms): Min: 94847.8, Avg: 94847.9, Max: 94847.9, Diff: 0.0]
   [Code Root Fixup: 0.0 ms]
   [Code Root Purge: 0.0 ms]
   [Clear CT: 0.0 ms]
   [Other: 0.2 ms]
      [Choose CSet: 0.0 ms]
      [Ref Proc: 0.1 ms]
      [Ref Enq: 0.0 ms]
      [Redirty Cards: 0.0 ms]
      [Humongous Register: 0.0 ms]
      [Humongous Reclaim: 0.0 ms]
      [Free CSet: 0.0 ms]
   [Eden: 0.0B(128.0M)->0.0B(128.0M) Survivors: 0.0B->0.0B Heap: 511.7M(512.0M)->511.7M(512.0M)]
 [Times: user=0.00 sys=0.00, real=0.00 secs] 
2018-06-14T22:54:07.390+0300: 94.848: [GC concurrent-root-region-scan-start]
2018-06-14T22:54:07.390+0300: 94.848: [GC concurrent-root-region-scan-end, 0.0000107 secs]
2018-06-14T22:54:07.390+0300: 94.848: [GC concurrent-mark-start]
2018-06-14T22:54:07.390+0300: 94.848: [Full GC (Allocation Failure)  511M->503M(512M), 1.2698532 secs]
   [Eden: 0.0B(128.0M)->0.0B(128.0M) Survivors: 0.0B->0.0B Heap: 511.7M(512.0M)->503.7M(512.0M)], [Metaspace: 8331K->8331K(1056768K)]
 [Times: user=1.72 sys=0.03, real=1.28 secs] 
2018-06-14T22:54:08.675+0300: 96.120: [GC concurrent-mark-abort]
2018-06-14T22:54:08.677+0300: 96.126: [GC pause (G1 Evacuation Pause) (young) (to-space exhausted), 0.1666665 secs]
   [Parallel Time: 158.8 ms, GC Workers: 4]
      [GC Worker Start (ms): Min: 96126.6, Avg: 96126.6, Max: 96126.6, Diff: 0.0]
      [Ext Root Scanning (ms): Min: 0.2, Avg: 0.2, Max: 0.2, Diff: 0.0, Sum: 0.8]
      [Update RS (ms): Min: 0.0, Avg: 0.8, Max: 1.2, Diff: 1.2, Sum: 3.3]
         [Processed Buffers: Min: 1, Avg: 1.3, Max: 2, Diff: 1, Sum: 5]
      [Scan RS (ms): Min: 0.0, Avg: 0.0, Max: 0.0, Diff: 0.0, Sum: 0.0]
      [Code Root Scanning (ms): Min: 0.0, Avg: 0.0, Max: 0.0, Diff: 0.0, Sum: 0.0]
      [Object Copy (ms): Min: 157.3, Avg: 157.7, Max: 158.5, Diff: 1.2, Sum: 630.7]
      [Termination (ms): Min: 0.0, Avg: 0.0, Max: 0.1, Diff: 0.1, Sum: 0.2]
         [Termination Attempts: Min: 1, Avg: 1.0, Max: 1, Diff: 0, Sum: 4]
      [GC Worker Other (ms): Min: 0.0, Avg: 0.0, Max: 0.0, Diff: 0.0, Sum: 0.0]
      [GC Worker Total (ms): Min: 158.7, Avg: 158.8, Max: 158.8, Diff: 0.0, Sum: 635.0]
      [GC Worker End (ms): Min: 96285.3, Avg: 96285.3, Max: 96285.3, Diff: 0.0]
   [Code Root Fixup: 0.0 ms]
   [Code Root Purge: 0.0 ms]
   [Clear CT: 0.0 ms]
   [Other: 7.8 ms]
      [Evacuation Failure: 7.5 ms]
      [Choose CSet: 0.0 ms]
      [Ref Proc: 0.1 ms]
      [Ref Enq: 0.0 ms]
      [Redirty Cards: 0.1 ms]
      [Humongous Register: 0.0 ms]
      [Humongous Reclaim: 0.0 ms]
      [Free CSet: 0.0 ms]
   [Eden: 8192.0K(128.0M)->0.0B(128.0M) Survivors: 0.0B->0.0B Heap: 511.7M(512.0M)->511.7M(512.0M)]
 [Times: user=0.16 sys=0.08, real=0.16 secs] 
2018-06-14T22:54:08.842+0300: 96.293: [GC pause (G1 Evacuation Pause) (young) (initial-mark), 0.0013705 secs]
   [Parallel Time: 1.2 ms, GC Workers: 4]
      [GC Worker Start (ms): Min: 96293.5, Avg: 96293.5, Max: 96293.5, Diff: 0.0]
      [Ext Root Scanning (ms): Min: 0.3, Avg: 0.3, Max: 0.3, Diff: 0.0, Sum: 1.3]
      [Update RS (ms): Min: 0.6, Avg: 0.7, Max: 0.7, Diff: 0.1, Sum: 2.8]
         [Processed Buffers: Min: 1, Avg: 2.8, Max: 4, Diff: 3, Sum: 11]
      [Scan RS (ms): Min: 0.0, Avg: 0.0, Max: 0.0, Diff: 0.0, Sum: 0.0]
      [Code Root Scanning (ms): Min: 0.0, Avg: 0.0, Max: 0.0, Diff: 0.0, Sum: 0.0]
      [Object Copy (ms): Min: 0.0, Avg: 0.0, Max: 0.0, Diff: 0.0, Sum: 0.1]
      [Termination (ms): Min: 0.0, Avg: 0.1, Max: 0.1, Diff: 0.1, Sum: 0.2]
         [Termination Attempts: Min: 1, Avg: 1.0, Max: 1, Diff: 0, Sum: 4]
      [GC Worker Other (ms): Min: 0.0, Avg: 0.0, Max: 0.0, Diff: 0.0, Sum: 0.0]
      [GC Worker Total (ms): Min: 1.1, Avg: 1.1, Max: 1.1, Diff: 0.0, Sum: 4.4]
      [GC Worker End (ms): Min: 96294.6, Avg: 96294.6, Max: 96294.6, Diff: 0.0]
   [Code Root Fixup: 0.0 ms]
   [Code Root Purge: 0.0 ms]
   [Clear CT: 0.0 ms]
   [Other: 0.2 ms]
      [Choose CSet: 0.0 ms]
      [Ref Proc: 0.1 ms]
      [Ref Enq: 0.0 ms]
      [Redirty Cards: 0.0 ms]
      [Humongous Register: 0.0 ms]
      [Humongous Reclaim: 0.0 ms]
      [Free CSet: 0.0 ms]
   [Eden: 0.0B(128.0M)->0.0B(128.0M) Survivors: 0.0B->0.0B Heap: 511.7M(512.0M)->511.7M(512.0M)]
 [Times: user=0.00 sys=0.00, real=0.00 secs] 
2018-06-14T22:54:08.842+0300: 96.295: [GC concurrent-root-region-scan-start]
2018-06-14T22:54:08.842+0300: 96.295: [GC concurrent-root-region-scan-end, 0.0000115 secs]
2018-06-14T22:54:08.842+0300: 96.295: [GC concurrent-mark-start]
2018-06-14T22:54:09.148+0300: 96.594: [Full GC (Allocation Failure)  511M->503M(512M), 1.2303883 secs]
   [Eden: 0.0B(128.0M)->0.0B(128.0M) Survivors: 0.0B->0.0B Heap: 511.7M(512.0M)->503.7M(512.0M)], [Metaspace: 8331K->8331K(1056768K)]
 [Times: user=1.75 sys=0.00, real=1.23 secs] 
2018-06-14T22:54:10.379+0300: 97.824: [GC concurrent-mark-abort]
2018-06-14T22:54:10.379+0300: 97.830: [GC pause (G1 Evacuation Pause) (young) (to-space exhausted), 0.1607871 secs]
   [Parallel Time: 152.9 ms, GC Workers: 4]
      [GC Worker Start (ms): Min: 97829.7, Avg: 97829.7, Max: 97829.7, Diff: 0.0]
      [Ext Root Scanning (ms): Min: 0.2, Avg: 0.2, Max: 0.2, Diff: 0.0, Sum: 0.9]
      [Update RS (ms): Min: 0.0, Avg: 0.8, Max: 1.3, Diff: 1.3, Sum: 3.4]
         [Processed Buffers: Min: 0, Avg: 0.8, Max: 1, Diff: 1, Sum: 3]
      [Scan RS (ms): Min: 0.0, Avg: 0.0, Max: 0.0, Diff: 0.0, Sum: 0.0]
      [Code Root Scanning (ms): Min: 0.0, Avg: 0.0, Max: 0.0, Diff: 0.0, Sum: 0.0]
      [Object Copy (ms): Min: 151.4, Avg: 151.8, Max: 152.6, Diff: 1.3, Sum: 607.2]
      [Termination (ms): Min: 0.0, Avg: 0.0, Max: 0.0, Diff: 0.0, Sum: 0.0]
         [Termination Attempts: Min: 1, Avg: 1.0, Max: 1, Diff: 0, Sum: 4]
      [GC Worker Other (ms): Min: 0.0, Avg: 0.0, Max: 0.0, Diff: 0.0, Sum: 0.0]
      [GC Worker Total (ms): Min: 152.9, Avg: 152.9, Max: 152.9, Diff: 0.0, Sum: 611.6]
      [GC Worker End (ms): Min: 97982.6, Avg: 97982.6, Max: 97982.6, Diff: 0.0]
   [Code Root Fixup: 0.0 ms]
   [Code Root Purge: 0.0 ms]
   [Clear CT: 0.0 ms]
   [Other: 7.8 ms]
      [Evacuation Failure: 7.6 ms]
      [Choose CSet: 0.0 ms]
      [Ref Proc: 0.1 ms]
      [Ref Enq: 0.0 ms]
      [Redirty Cards: 0.0 ms]
      [Humongous Register: 0.1 ms]
      [Humongous Reclaim: 0.0 ms]
      [Free CSet: 0.0 ms]
   [Eden: 8192.0K(128.0M)->0.0B(128.0M) Survivors: 0.0B->0.0B Heap: 511.7M(512.0M)->511.7M(512.0M)]
 [Times: user=0.19 sys=0.05, real=0.17 secs] 
2018-06-14T22:54:10.545+0300: 97.991: [GC pause (G1 Evacuation Pause) (young) (initial-mark), 0.0013555 secs]
   [Parallel Time: 1.1 ms, GC Workers: 4]
      [GC Worker Start (ms): Min: 97990.6, Avg: 97990.6, Max: 97990.7, Diff: 0.0]
      [Ext Root Scanning (ms): Min: 0.3, Avg: 0.3, Max: 0.3, Diff: 0.0, Sum: 1.3]
      [Update RS (ms): Min: 0.7, Avg: 0.7, Max: 0.7, Diff: 0.1, Sum: 2.8]
         [Processed Buffers: Min: 1, Avg: 2.8, Max: 4, Diff: 3, Sum: 11]
      [Scan RS (ms): Min: 0.0, Avg: 0.0, Max: 0.0, Diff: 0.0, Sum: 0.0]
      [Code Root Scanning (ms): Min: 0.0, Avg: 0.0, Max: 0.0, Diff: 0.0, Sum: 0.0]
      [Object Copy (ms): Min: 0.0, Avg: 0.0, Max: 0.0, Diff: 0.0, Sum: 0.1]
      [Termination (ms): Min: 0.0, Avg: 0.0, Max: 0.1, Diff: 0.1, Sum: 0.1]
         [Termination Attempts: Min: 1, Avg: 1.0, Max: 1, Diff: 0, Sum: 4]
      [GC Worker Other (ms): Min: 0.0, Avg: 0.0, Max: 0.0, Diff: 0.0, Sum: 0.0]
      [GC Worker Total (ms): Min: 1.1, Avg: 1.1, Max: 1.1, Diff: 0.0, Sum: 4.3]
      [GC Worker End (ms): Min: 97991.7, Avg: 97991.7, Max: 97991.7, Diff: 0.0]
   [Code Root Fixup: 0.0 ms]
   [Code Root Purge: 0.0 ms]
   [Clear CT: 0.0 ms]
   [Other: 0.2 ms]
      [Choose CSet: 0.0 ms]
      [Ref Proc: 0.1 ms]
      [Ref Enq: 0.0 ms]
      [Redirty Cards: 0.1 ms]
      [Humongous Register: 0.0 ms]
      [Humongous Reclaim: 0.0 ms]
      [Free CSet: 0.0 ms]
   [Eden: 0.0B(128.0M)->0.0B(128.0M) Survivors: 0.0B->0.0B Heap: 511.7M(512.0M)->511.7M(512.0M)]
 [Times: user=0.00 sys=0.00, real=0.00 secs] 
2018-06-14T22:54:10.545+0300: 97.992: [GC concurrent-root-region-scan-start]
2018-06-14T22:54:10.545+0300: 97.992: [GC concurrent-root-region-scan-end, 0.0000102 secs]
2018-06-14T22:54:10.545+0300: 97.992: [GC concurrent-mark-start]
2018-06-14T22:54:10.545+0300: 97.992: [Full GC (Allocation Failure)  511M->503M(512M), 1.2320011 secs]
   [Eden: 0.0B(128.0M)->0.0B(128.0M) Survivors: 0.0B->0.0B Heap: 511.7M(512.0M)->503.7M(512.0M)], [Metaspace: 8331K->8331K(1056768K)]
 [Times: user=1.70 sys=0.00, real=1.24 secs] 
2018-06-14T22:54:11.781+0300: 99.224: [GC concurrent-mark-abort]
2018-06-14T22:54:11.783+0300: 99.230: [GC pause (G1 Evacuation Pause) (young) (to-space exhausted), 0.1697206 secs]
   [Parallel Time: 161.1 ms, GC Workers: 4]
      [GC Worker Start (ms): Min: 99230.5, Avg: 99230.5, Max: 99230.5, Diff: 0.1]
      [Ext Root Scanning (ms): Min: 0.2, Avg: 0.2, Max: 0.3, Diff: 0.0, Sum: 0.9]
      [Update RS (ms): Min: 0.0, Avg: 0.9, Max: 1.3, Diff: 1.3, Sum: 3.4]
         [Processed Buffers: Min: 0, Avg: 0.8, Max: 1, Diff: 1, Sum: 3]
      [Scan RS (ms): Min: 0.0, Avg: 0.0, Max: 0.0, Diff: 0.0, Sum: 0.0]
      [Code Root Scanning (ms): Min: 0.0, Avg: 0.0, Max: 0.0, Diff: 0.0, Sum: 0.0]
      [Object Copy (ms): Min: 159.5, Avg: 159.9, Max: 160.8, Diff: 1.3, Sum: 639.6]
      [Termination (ms): Min: 0.0, Avg: 0.0, Max: 0.0, Diff: 0.0, Sum: 0.1]
         [Termination Attempts: Min: 1, Avg: 1.0, Max: 1, Diff: 0, Sum: 4]
      [GC Worker Other (ms): Min: 0.0, Avg: 0.0, Max: 0.0, Diff: 0.0, Sum: 0.1]
      [GC Worker Total (ms): Min: 161.0, Avg: 161.0, Max: 161.1, Diff: 0.1, Sum: 644.1]
      [GC Worker End (ms): Min: 99391.5, Avg: 99391.5, Max: 99391.5, Diff: 0.0]
   [Code Root Fixup: 0.0 ms]
   [Code Root Purge: 0.0 ms]
   [Clear CT: 0.0 ms]
   [Other: 8.6 ms]
      [Evacuation Failure: 8.3 ms]
      [Choose CSet: 0.0 ms]
      [Ref Proc: 0.1 ms]
      [Ref Enq: 0.0 ms]
      [Redirty Cards: 0.1 ms]
      [Humongous Register: 0.0 ms]
      [Humongous Reclaim: 0.0 ms]
      [Free CSet: 0.0 ms]
   [Eden: 8192.0K(128.0M)->0.0B(128.0M) Survivors: 0.0B->0.0B Heap: 511.7M(512.0M)->511.7M(512.0M)]
 [Times: user=0.14 sys=0.11, real=0.16 secs] 
2018-06-14T22:54:11.948+0300: 99.400: [GC pause (G1 Evacuation Pause) (young) (initial-mark), 0.0013146 secs]
   [Parallel Time: 1.1 ms, GC Workers: 4]
      [GC Worker Start (ms): Min: 99400.5, Avg: 99400.5, Max: 99400.5, Diff: 0.0]
      [Ext Root Scanning (ms): Min: 0.3, Avg: 0.3, Max: 0.3, Diff: 0.0, Sum: 1.3]
      [Update RS (ms): Min: 0.7, Avg: 0.7, Max: 0.7, Diff: 0.0, Sum: 2.8]
         [Processed Buffers: Min: 1, Avg: 2.8, Max: 4, Diff: 3, Sum: 11]
      [Scan RS (ms): Min: 0.0, Avg: 0.0, Max: 0.0, Diff: 0.0, Sum: 0.0]
      [Code Root Scanning (ms): Min: 0.0, Avg: 0.0, Max: 0.0, Diff: 0.0, Sum: 0.0]
      [Object Copy (ms): Min: 0.0, Avg: 0.0, Max: 0.0, Diff: 0.0, Sum: 0.1]
      [Termination (ms): Min: 0.0, Avg: 0.0, Max: 0.0, Diff: 0.0, Sum: 0.0]
         [Termination Attempts: Min: 1, Avg: 1.0, Max: 1, Diff: 0, Sum: 4]
      [GC Worker Other (ms): Min: 0.0, Avg: 0.0, Max: 0.0, Diff: 0.0, Sum: 0.0]
      [GC Worker Total (ms): Min: 1.1, Avg: 1.1, Max: 1.1, Diff: 0.0, Sum: 4.3]
      [GC Worker End (ms): Min: 99401.6, Avg: 99401.6, Max: 99401.6, Diff: 0.0]
   [Code Root Fixup: 0.0 ms]
   [Code Root Purge: 0.0 ms]
   [Clear CT: 0.0 ms]
   [Other: 0.2 ms]
      [Choose CSet: 0.0 ms]
      [Ref Proc: 0.1 ms]
      [Ref Enq: 0.0 ms]
      [Redirty Cards: 0.0 ms]
      [Humongous Register: 0.0 ms]
      [Humongous Reclaim: 0.0 ms]
      [Free CSet: 0.0 ms]
   [Eden: 0.0B(128.0M)->0.0B(128.0M) Survivors: 0.0B->0.0B Heap: 511.7M(512.0M)->511.7M(512.0M)]
 [Times: user=0.00 sys=0.00, real=0.00 secs] 
2018-06-14T22:54:11.948+0300: 99.402: [GC concurrent-root-region-scan-start]
2018-06-14T22:54:11.948+0300: 99.402: [GC concurrent-root-region-scan-end, 0.0000098 secs]
2018-06-14T22:54:11.948+0300: 99.402: [GC concurrent-mark-start]
2018-06-14T22:54:11.948+0300: 99.402: [Full GC (Allocation Failure)  511M->503M(512M), 1.2250823 secs]
   [Eden: 0.0B(128.0M)->0.0B(128.0M) Survivors: 0.0B->0.0B Heap: 511.7M(512.0M)->503.7M(512.0M)], [Metaspace: 8331K->8331K(1056768K)]
 [Times: user=1.70 sys=0.00, real=1.23 secs] 
2018-06-14T22:54:13.179+0300: 100.627: [GC concurrent-mark-abort]
2018-06-14T22:54:13.189+0300: 100.634: [GC pause (G1 Evacuation Pause) (young) (to-space exhausted), 0.1603126 secs]
   [Parallel Time: 152.5 ms, GC Workers: 4]
      [GC Worker Start (ms): Min: 100634.2, Avg: 100634.2, Max: 100634.2, Diff: 0.0]
      [Ext Root Scanning (ms): Min: 0.2, Avg: 0.2, Max: 0.2, Diff: 0.0, Sum: 0.8]
      [Update RS (ms): Min: 0.0, Avg: 0.8, Max: 1.3, Diff: 1.2, Sum: 3.1]
         [Processed Buffers: Min: 1, Avg: 1.0, Max: 1, Diff: 0, Sum: 4]
      [Scan RS (ms): Min: 0.0, Avg: 0.0, Max: 0.0, Diff: 0.0, Sum: 0.0]
      [Code Root Scanning (ms): Min: 0.0, Avg: 0.0, Max: 0.0, Diff: 0.0, Sum: 0.0]
      [Object Copy (ms): Min: 151.0, Avg: 151.4, Max: 152.2, Diff: 1.3, Sum: 605.7]
      [Termination (ms): Min: 0.0, Avg: 0.0, Max: 0.0, Diff: 0.0, Sum: 0.0]
         [Termination Attempts: Min: 1, Avg: 1.0, Max: 1, Diff: 0, Sum: 4]
      [GC Worker Other (ms): Min: 0.0, Avg: 0.0, Max: 0.0, Diff: 0.0, Sum: 0.0]
      [GC Worker Total (ms): Min: 152.4, Avg: 152.4, Max: 152.4, Diff: 0.0, Sum: 609.7]
      [GC Worker End (ms): Min: 100786.6, Avg: 100786.6, Max: 100786.7, Diff: 0.0]
   [Code Root Fixup: 0.0 ms]
   [Code Root Purge: 0.0 ms]
   [Clear CT: 0.0 ms]
   [Other: 7.8 ms]
      [Evacuation Failure: 7.6 ms]
      [Choose CSet: 0.0 ms]
      [Ref Proc: 0.1 ms]
      [Ref Enq: 0.0 ms]
      [Redirty Cards: 0.0 ms]
      [Humongous Register: 0.0 ms]
      [Humongous Reclaim: 0.0 ms]
      [Free CSet: 0.0 ms]
   [Eden: 8192.0K(128.0M)->0.0B(128.0M) Survivors: 0.0B->0.0B Heap: 511.7M(512.0M)->511.7M(512.0M)]
 [Times: user=0.11 sys=0.06, real=0.15 secs] 
2018-06-14T22:54:13.338+0300: 100.795: [GC pause (G1 Evacuation Pause) (young) (initial-mark), 0.0012527 secs]
   [Parallel Time: 1.0 ms, GC Workers: 4]
      [GC Worker Start (ms): Min: 100794.8, Avg: 100794.8, Max: 100794.8, Diff: 0.0]
      [Ext Root Scanning (ms): Min: 0.3, Avg: 0.3, Max: 0.3, Diff: 0.0, Sum: 1.3]
      [Update RS (ms): Min: 0.7, Avg: 0.7, Max: 0.7, Diff: 0.0, Sum: 2.7]
         [Processed Buffers: Min: 1, Avg: 2.8, Max: 6, Diff: 5, Sum: 11]
      [Scan RS (ms): Min: 0.0, Avg: 0.0, Max: 0.0, Diff: 0.0, Sum: 0.0]
      [Code Root Scanning (ms): Min: 0.0, Avg: 0.0, Max: 0.0, Diff: 0.0, Sum: 0.0]
      [Object Copy (ms): Min: 0.0, Avg: 0.0, Max: 0.0, Diff: 0.0, Sum: 0.1]
      [Termination (ms): Min: 0.0, Avg: 0.0, Max: 0.0, Diff: 0.0, Sum: 0.0]
         [Termination Attempts: Min: 1, Avg: 1.0, Max: 1, Diff: 0, Sum: 4]
      [GC Worker Other (ms): Min: 0.0, Avg: 0.0, Max: 0.0, Diff: 0.0, Sum: 0.0]
      [GC Worker Total (ms): Min: 1.0, Avg: 1.0, Max: 1.0, Diff: 0.0, Sum: 4.1]
      [GC Worker End (ms): Min: 100795.8, Avg: 100795.8, Max: 100795.8, Diff: 0.0]
   [Code Root Fixup: 0.0 ms]
   [Code Root Purge: 0.0 ms]
   [Clear CT: 0.0 ms]
   [Other: 0.2 ms]
      [Choose CSet: 0.0 ms]
      [Ref Proc: 0.1 ms]
      [Ref Enq: 0.0 ms]
      [Redirty Cards: 0.0 ms]
      [Humongous Register: 0.0 ms]
      [Humongous Reclaim: 0.0 ms]
      [Free CSet: 0.0 ms]
   [Eden: 0.0B(128.0M)->0.0B(128.0M) Survivors: 0.0B->0.0B Heap: 511.7M(512.0M)->511.7M(512.0M)]
 [Times: user=0.00 sys=0.00, real=0.00 secs] 
2018-06-14T22:54:13.338+0300: 100.796: [GC concurrent-root-region-scan-start]
2018-06-14T22:54:13.338+0300: 100.796: [GC concurrent-root-region-scan-end, 0.0000260 secs]
2018-06-14T22:54:13.338+0300: 100.796: [GC concurrent-mark-start]
2018-06-14T22:54:13.655+0300: 101.099: [Full GC (Allocation Failure)  511M->503M(512M), 1.2271516 secs]
   [Eden: 0.0B(128.0M)->0.0B(128.0M) Survivors: 0.0B->0.0B Heap: 511.7M(512.0M)->503.7M(512.0M)], [Metaspace: 8331K->8331K(1056768K)]
 [Times: user=1.75 sys=0.00, real=1.23 secs] 
2018-06-14T22:54:14.881+0300: 102.326: [GC concurrent-mark-abort]
2018-06-14T22:54:14.883+0300: 102.331: [GC pause (G1 Evacuation Pause) (young) (to-space exhausted), 0.1626158 secs]
   [Parallel Time: 154.6 ms, GC Workers: 4]
      [GC Worker Start (ms): Min: 102330.7, Avg: 102330.7, Max: 102330.7, Diff: 0.0]
      [Ext Root Scanning (ms): Min: 0.2, Avg: 0.2, Max: 0.2, Diff: 0.0, Sum: 0.9]
      [Update RS (ms): Min: 0.0, Avg: 0.8, Max: 1.3, Diff: 1.3, Sum: 3.4]
         [Processed Buffers: Min: 1, Avg: 1.3, Max: 2, Diff: 1, Sum: 5]
      [Scan RS (ms): Min: 0.0, Avg: 0.0, Max: 0.0, Diff: 0.0, Sum: 0.0]
      [Code Root Scanning (ms): Min: 0.0, Avg: 0.0, Max: 0.0, Diff: 0.0, Sum: 0.0]
      [Object Copy (ms): Min: 153.0, Avg: 153.4, Max: 154.2, Diff: 1.3, Sum: 613.7]
      [Termination (ms): Min: 0.0, Avg: 0.0, Max: 0.0, Diff: 0.0, Sum: 0.0]
         [Termination Attempts: Min: 1, Avg: 1.0, Max: 1, Diff: 0, Sum: 4]
      [GC Worker Other (ms): Min: 0.0, Avg: 0.0, Max: 0.0, Diff: 0.0, Sum: 0.0]
      [GC Worker Total (ms): Min: 154.5, Avg: 154.5, Max: 154.5, Diff: 0.0, Sum: 618.0]
      [GC Worker End (ms): Min: 102485.2, Avg: 102485.2, Max: 102485.2, Diff: 0.0]
   [Code Root Fixup: 0.0 ms]
   [Code Root Purge: 0.0 ms]
   [Clear CT: 0.0 ms]
   [Other: 8.0 ms]
      [Evacuation Failure: 7.7 ms]
      [Choose CSet: 0.0 ms]
      [Ref Proc: 0.1 ms]
      [Ref Enq: 0.0 ms]
      [Redirty Cards: 0.1 ms]
      [Humongous Register: 0.0 ms]
      [Humongous Reclaim: 0.0 ms]
      [Free CSet: 0.0 ms]
   [Eden: 8192.0K(128.0M)->0.0B(128.0M) Survivors: 0.0B->0.0B Heap: 511.7M(512.0M)->511.7M(512.0M)]
 [Times: user=0.14 sys=0.06, real=0.17 secs] 
2018-06-14T22:54:15.049+0300: 102.494: [GC pause (G1 Evacuation Pause) (young) (initial-mark), 0.0014046 secs]
   [Parallel Time: 1.2 ms, GC Workers: 4]
      [GC Worker Start (ms): Min: 102493.6, Avg: 102493.6, Max: 102493.6, Diff: 0.0]
      [Ext Root Scanning (ms): Min: 0.4, Avg: 0.4, Max: 0.4, Diff: 0.0, Sum: 1.5]
      [Update RS (ms): Min: 0.7, Avg: 0.7, Max: 0.8, Diff: 0.1, Sum: 2.8]
         [Processed Buffers: Min: 1, Avg: 2.8, Max: 4, Diff: 3, Sum: 11]
      [Scan RS (ms): Min: 0.0, Avg: 0.0, Max: 0.0, Diff: 0.0, Sum: 0.0]
      [Code Root Scanning (ms): Min: 0.0, Avg: 0.0, Max: 0.0, Diff: 0.0, Sum: 0.0]
      [Object Copy (ms): Min: 0.0, Avg: 0.0, Max: 0.0, Diff: 0.0, Sum: 0.1]
      [Termination (ms): Min: 0.0, Avg: 0.0, Max: 0.1, Diff: 0.1, Sum: 0.2]
         [Termination Attempts: Min: 1, Avg: 1.0, Max: 1, Diff: 0, Sum: 4]
      [GC Worker Other (ms): Min: 0.0, Avg: 0.0, Max: 0.0, Diff: 0.0, Sum: 0.0]
      [GC Worker Total (ms): Min: 1.1, Avg: 1.1, Max: 1.1, Diff: 0.0, Sum: 4.6]
      [GC Worker End (ms): Min: 102494.7, Avg: 102494.7, Max: 102494.7, Diff: 0.0]
   [Code Root Fixup: 0.0 ms]
   [Code Root Purge: 0.0 ms]
   [Clear CT: 0.0 ms]
   [Other: 0.2 ms]
      [Choose CSet: 0.0 ms]
      [Ref Proc: 0.1 ms]
      [Ref Enq: 0.0 ms]
      [Redirty Cards: 0.0 ms]
      [Humongous Register: 0.0 ms]
      [Humongous Reclaim: 0.0 ms]
      [Free CSet: 0.0 ms]
   [Eden: 0.0B(128.0M)->0.0B(128.0M) Survivors: 0.0B->0.0B Heap: 511.7M(512.0M)->511.7M(512.0M)]
 [Times: user=0.00 sys=0.00, real=0.00 secs] 
2018-06-14T22:54:15.049+0300: 102.495: [GC concurrent-root-region-scan-start]
2018-06-14T22:54:15.049+0300: 102.495: [GC concurrent-root-region-scan-end, 0.0000128 secs]
2018-06-14T22:54:15.049+0300: 102.495: [GC concurrent-mark-start]
2018-06-14T22:54:15.403+0300: 102.849: [Full GC (Allocation Failure)  511M->503M(512M), 1.1922230 secs]
   [Eden: 0.0B(128.0M)->0.0B(128.0M) Survivors: 0.0B->0.0B Heap: 511.7M(512.0M)->503.7M(512.0M)], [Metaspace: 8331K->8331K(1056768K)]
 [Times: user=1.64 sys=0.01, real=1.19 secs] 
2018-06-14T22:54:16.595+0300: 104.042: [GC concurrent-mark-abort]
2018-06-14T22:54:16.605+0300: 104.048: [GC pause (G1 Evacuation Pause) (young) (to-space exhausted), 0.1691514 secs]
   [Parallel Time: 161.0 ms, GC Workers: 4]
      [GC Worker Start (ms): Min: 104048.4, Avg: 104048.4, Max: 104048.4, Diff: 0.0]
      [Ext Root Scanning (ms): Min: 0.2, Avg: 0.2, Max: 0.2, Diff: 0.0, Sum: 0.8]
      [Update RS (ms): Min: 0.0, Avg: 0.8, Max: 1.3, Diff: 1.3, Sum: 3.4]
         [Processed Buffers: Min: 0, Avg: 0.8, Max: 1, Diff: 1, Sum: 3]
      [Scan RS (ms): Min: 0.0, Avg: 0.0, Max: 0.0, Diff: 0.0, Sum: 0.0]
      [Code Root Scanning (ms): Min: 0.0, Avg: 0.0, Max: 0.0, Diff: 0.0, Sum: 0.0]
      [Object Copy (ms): Min: 159.5, Avg: 160.0, Max: 160.8, Diff: 1.3, Sum: 639.8]
      [Termination (ms): Min: 0.0, Avg: 0.0, Max: 0.0, Diff: 0.0, Sum: 0.0]
         [Termination Attempts: Min: 1, Avg: 1.0, Max: 1, Diff: 0, Sum: 4]
      [GC Worker Other (ms): Min: 0.0, Avg: 0.0, Max: 0.0, Diff: 0.0, Sum: 0.0]
      [GC Worker Total (ms): Min: 161.0, Avg: 161.0, Max: 161.0, Diff: 0.0, Sum: 644.1]
      [GC Worker End (ms): Min: 104209.4, Avg: 104209.4, Max: 104209.4, Diff: 0.0]
   [Code Root Fixup: 0.0 ms]
   [Code Root Purge: 0.0 ms]
   [Clear CT: 0.0 ms]
   [Other: 8.1 ms]
      [Evacuation Failure: 7.8 ms]
      [Choose CSet: 0.0 ms]
      [Ref Proc: 0.1 ms]
      [Ref Enq: 0.0 ms]
      [Redirty Cards: 0.1 ms]
      [Humongous Register: 0.0 ms]
      [Humongous Reclaim: 0.0 ms]
      [Free CSet: 0.0 ms]
   [Eden: 8192.0K(128.0M)->0.0B(128.0M) Survivors: 0.0B->0.0B Heap: 511.7M(512.0M)->511.7M(512.0M)]
 [Times: user=0.25 sys=0.00, real=0.16 secs] 
2018-06-14T22:54:16.770+0300: 104.218: [GC pause (G1 Evacuation Pause) (young) (initial-mark), 0.0013214 secs]
   [Parallel Time: 1.1 ms, GC Workers: 4]
      [GC Worker Start (ms): Min: 104217.8, Avg: 104217.8, Max: 104217.8, Diff: 0.0]
      [Ext Root Scanning (ms): Min: 0.3, Avg: 0.3, Max: 0.3, Diff: 0.0, Sum: 1.3]
      [Update RS (ms): Min: 0.7, Avg: 0.7, Max: 0.7, Diff: 0.0, Sum: 2.8]
         [Processed Buffers: Min: 1, Avg: 2.8, Max: 5, Diff: 4, Sum: 11]
      [Scan RS (ms): Min: 0.0, Avg: 0.0, Max: 0.0, Diff: 0.0, Sum: 0.0]
      [Code Root Scanning (ms): Min: 0.0, Avg: 0.0, Max: 0.0, Diff: 0.0, Sum: 0.0]
      [Object Copy (ms): Min: 0.0, Avg: 0.0, Max: 0.0, Diff: 0.0, Sum: 0.1]
      [Termination (ms): Min: 0.0, Avg: 0.0, Max: 0.0, Diff: 0.0, Sum: 0.0]
         [Termination Attempts: Min: 1, Avg: 1.0, Max: 1, Diff: 0, Sum: 4]
      [GC Worker Other (ms): Min: 0.0, Avg: 0.0, Max: 0.0, Diff: 0.0, Sum: 0.0]
      [GC Worker Total (ms): Min: 1.0, Avg: 1.1, Max: 1.1, Diff: 0.0, Sum: 4.2]
      [GC Worker End (ms): Min: 104218.9, Avg: 104218.9, Max: 104218.9, Diff: 0.0]
   [Code Root Fixup: 0.0 ms]
   [Code Root Purge: 0.0 ms]
   [Clear CT: 0.1 ms]
   [Other: 0.2 ms]
      [Choose CSet: 0.0 ms]
      [Ref Proc: 0.1 ms]
      [Ref Enq: 0.0 ms]
      [Redirty Cards: 0.0 ms]
      [Humongous Register: 0.0 ms]
      [Humongous Reclaim: 0.0 ms]
      [Free CSet: 0.0 ms]
   [Eden: 0.0B(128.0M)->0.0B(128.0M) Survivors: 0.0B->0.0B Heap: 511.7M(512.0M)->511.7M(512.0M)]
 [Times: user=0.00 sys=0.00, real=0.00 secs] 
2018-06-14T22:54:16.770+0300: 104.219: [GC concurrent-root-region-scan-start]
2018-06-14T22:54:16.770+0300: 104.219: [GC concurrent-root-region-scan-end, 0.0000102 secs]
2018-06-14T22:54:16.770+0300: 104.219: [GC concurrent-mark-start]
2018-06-14T22:54:17.086+0300: 104.545: [Full GC (Allocation Failure)  511M->503M(512M), 1.1877605 secs]
   [Eden: 0.0B(128.0M)->0.0B(128.0M) Survivors: 0.0B->0.0B Heap: 511.7M(512.0M)->503.7M(512.0M)], [Metaspace: 8331K->8331K(1056768K)]
 [Times: user=1.70 sys=0.02, real=1.20 secs] 
2018-06-14T22:54:18.289+0300: 105.733: [GC concurrent-mark-abort]
2018-06-14T22:54:18.289+0300: 105.738: [GC pause (G1 Evacuation Pause) (young) (to-space exhausted), 0.1569791 secs]
   [Parallel Time: 149.3 ms, GC Workers: 4]
      [GC Worker Start (ms): Min: 105738.3, Avg: 105738.3, Max: 105738.4, Diff: 0.0]
      [Ext Root Scanning (ms): Min: 0.2, Avg: 0.2, Max: 0.2, Diff: 0.0, Sum: 0.9]
      [Update RS (ms): Min: 0.0, Avg: 0.8, Max: 1.3, Diff: 1.3, Sum: 3.2]
         [Processed Buffers: Min: 1, Avg: 1.3, Max: 2, Diff: 1, Sum: 5]
      [Scan RS (ms): Min: 0.0, Avg: 0.0, Max: 0.0, Diff: 0.0, Sum: 0.0]
      [Code Root Scanning (ms): Min: 0.0, Avg: 0.0, Max: 0.0, Diff: 0.0, Sum: 0.0]
      [Object Copy (ms): Min: 147.7, Avg: 148.2, Max: 149.0, Diff: 1.3, Sum: 592.8]
      [Termination (ms): Min: 0.0, Avg: 0.0, Max: 0.0, Diff: 0.0, Sum: 0.0]
         [Termination Attempts: Min: 1, Avg: 1.0, Max: 1, Diff: 0, Sum: 4]
      [GC Worker Other (ms): Min: 0.0, Avg: 0.0, Max: 0.0, Diff: 0.0, Sum: 0.0]
      [GC Worker Total (ms): Min: 149.2, Avg: 149.2, Max: 149.3, Diff: 0.0, Sum: 597.0]
      [GC Worker End (ms): Min: 105887.6, Avg: 105887.6, Max: 105887.6, Diff: 0.0]
   [Code Root Fixup: 0.0 ms]
   [Code Root Purge: 0.0 ms]
   [Clear CT: 0.0 ms]
   [Other: 7.7 ms]
      [Evacuation Failure: 7.4 ms]
      [Choose CSet: 0.0 ms]
      [Ref Proc: 0.1 ms]
      [Ref Enq: 0.0 ms]
      [Redirty Cards: 0.1 ms]
      [Humongous Register: 0.0 ms]
      [Humongous Reclaim: 0.0 ms]
      [Free CSet: 0.0 ms]
   [Eden: 8192.0K(128.0M)->0.0B(128.0M) Survivors: 0.0B->0.0B Heap: 511.7M(512.0M)->511.7M(512.0M)]
 [Times: user=0.16 sys=0.03, real=0.15 secs] 
2018-06-14T22:54:18.438+0300: 105.895: [GC pause (G1 Evacuation Pause) (young) (initial-mark), 0.0012698 secs]
   [Parallel Time: 1.1 ms, GC Workers: 4]
      [GC Worker Start (ms): Min: 105895.5, Avg: 105895.5, Max: 105895.5, Diff: 0.0]
      [Ext Root Scanning (ms): Min: 0.3, Avg: 0.3, Max: 0.3, Diff: 0.0, Sum: 1.3]
      [Update RS (ms): Min: 0.7, Avg: 0.7, Max: 0.7, Diff: 0.0, Sum: 2.7]
         [Processed Buffers: Min: 1, Avg: 3.0, Max: 6, Diff: 5, Sum: 12]
      [Scan RS (ms): Min: 0.0, Avg: 0.0, Max: 0.0, Diff: 0.0, Sum: 0.0]
      [Code Root Scanning (ms): Min: 0.0, Avg: 0.0, Max: 0.0, Diff: 0.0, Sum: 0.0]
      [Object Copy (ms): Min: 0.0, Avg: 0.0, Max: 0.0, Diff: 0.0, Sum: 0.1]
      [Termination (ms): Min: 0.0, Avg: 0.0, Max: 0.0, Diff: 0.0, Sum: 0.1]
         [Termination Attempts: Min: 1, Avg: 1.0, Max: 1, Diff: 0, Sum: 4]
      [GC Worker Other (ms): Min: 0.0, Avg: 0.0, Max: 0.0, Diff: 0.0, Sum: 0.0]
      [GC Worker Total (ms): Min: 1.0, Avg: 1.0, Max: 1.0, Diff: 0.0, Sum: 4.1]
      [GC Worker End (ms): Min: 105896.5, Avg: 105896.5, Max: 105896.5, Diff: 0.0]
   [Code Root Fixup: 0.0 ms]
   [Code Root Purge: 0.0 ms]
   [Clear CT: 0.0 ms]
   [Other: 0.2 ms]
      [Choose CSet: 0.0 ms]
      [Ref Proc: 0.1 ms]
      [Ref Enq: 0.0 ms]
      [Redirty Cards: 0.0 ms]
      [Humongous Register: 0.0 ms]
      [Humongous Reclaim: 0.0 ms]
      [Free CSet: 0.0 ms]
   [Eden: 0.0B(128.0M)->0.0B(128.0M) Survivors: 0.0B->0.0B Heap: 511.7M(512.0M)->511.7M(512.0M)]
 [Times: user=0.00 sys=0.00, real=0.00 secs] 
2018-06-14T22:54:18.438+0300: 105.897: [GC concurrent-root-region-scan-start]
2018-06-14T22:54:18.438+0300: 105.897: [GC concurrent-root-region-scan-end, 0.0000102 secs]
2018-06-14T22:54:18.438+0300: 105.897: [GC concurrent-mark-start]
2018-06-14T22:54:18.438+0300: 105.897: [Full GC (Allocation Failure)  511M->503M(512M), 1.2398351 secs]
   [Eden: 0.0B(128.0M)->0.0B(128.0M) Survivors: 0.0B->0.0B Heap: 511.7M(512.0M)->503.7M(512.0M)], [Metaspace: 8336K->8336K(1056768K)]
 [Times: user=1.75 sys=0.02, real=1.25 secs] 
2018-06-14T22:54:19.691+0300: 107.137: [GC concurrent-mark-abort]
2018-06-14T22:54:19.699+0300: 107.144: [GC pause (G1 Evacuation Pause) (young) (to-space exhausted), 0.1673027 secs]
   [Parallel Time: 159.5 ms, GC Workers: 4]
      [GC Worker Start (ms): Min: 107143.8, Avg: 107143.9, Max: 107143.9, Diff: 0.0]
      [Ext Root Scanning (ms): Min: 0.2, Avg: 0.2, Max: 0.2, Diff: 0.0, Sum: 0.9]
      [Update RS (ms): Min: 0.0, Avg: 0.8, Max: 1.2, Diff: 1.2, Sum: 3.3]
         [Processed Buffers: Min: 1, Avg: 1.3, Max: 2, Diff: 1, Sum: 5]
      [Scan RS (ms): Min: 0.0, Avg: 0.0, Max: 0.0, Diff: 0.0, Sum: 0.0]
      [Code Root Scanning (ms): Min: 0.0, Avg: 0.0, Max: 0.0, Diff: 0.0, Sum: 0.0]
      [Object Copy (ms): Min: 158.0, Avg: 158.4, Max: 159.2, Diff: 1.2, Sum: 633.7]
      [Termination (ms): Min: 0.0, Avg: 0.0, Max: 0.0, Diff: 0.0, Sum: 0.0]
         [Termination Attempts: Min: 1, Avg: 1.0, Max: 1, Diff: 0, Sum: 4]
      [GC Worker Other (ms): Min: 0.0, Avg: 0.0, Max: 0.0, Diff: 0.0, Sum: 0.0]
      [GC Worker Total (ms): Min: 159.5, Avg: 159.5, Max: 159.5, Diff: 0.0, Sum: 638.0]
      [GC Worker End (ms): Min: 107303.3, Avg: 107303.3, Max: 107303.3, Diff: 0.0]
   [Code Root Fixup: 0.0 ms]
   [Code Root Purge: 0.0 ms]
   [Clear CT: 0.0 ms]
   [Other: 7.7 ms]
      [Evacuation Failure: 7.5 ms]
      [Choose CSet: 0.0 ms]
      [Ref Proc: 0.1 ms]
      [Ref Enq: 0.0 ms]
      [Redirty Cards: 0.1 ms]
      [Humongous Register: 0.0 ms]
      [Humongous Reclaim: 0.0 ms]
      [Free CSet: 0.0 ms]
   [Eden: 8192.0K(128.0M)->0.0B(128.0M) Survivors: 0.0B->0.0B Heap: 511.7M(512.0M)->511.7M(512.0M)]
 [Times: user=0.14 sys=0.08, real=0.16 secs] 
2018-06-14T22:54:19.855+0300: 107.311: [GC pause (G1 Evacuation Pause) (young) (initial-mark), 0.0013747 secs]
   [Parallel Time: 1.1 ms, GC Workers: 4]
      [GC Worker Start (ms): Min: 107311.5, Avg: 107311.5, Max: 107311.5, Diff: 0.0]
      [Ext Root Scanning (ms): Min: 0.3, Avg: 0.3, Max: 0.3, Diff: 0.0, Sum: 1.3]
      [Update RS (ms): Min: 0.7, Avg: 0.7, Max: 0.7, Diff: 0.0, Sum: 2.8]
         [Processed Buffers: Min: 1, Avg: 2.8, Max: 4, Diff: 3, Sum: 11]
      [Scan RS (ms): Min: 0.0, Avg: 0.0, Max: 0.0, Diff: 0.0, Sum: 0.0]
      [Code Root Scanning (ms): Min: 0.0, Avg: 0.0, Max: 0.0, Diff: 0.0, Sum: 0.0]
      [Object Copy (ms): Min: 0.0, Avg: 0.0, Max: 0.0, Diff: 0.0, Sum: 0.1]
      [Termination (ms): Min: 0.0, Avg: 0.0, Max: 0.0, Diff: 0.0, Sum: 0.1]
         [Termination Attempts: Min: 1, Avg: 1.0, Max: 1, Diff: 0, Sum: 4]
      [GC Worker Other (ms): Min: 0.0, Avg: 0.0, Max: 0.0, Diff: 0.0, Sum: 0.0]
      [GC Worker Total (ms): Min: 1.1, Avg: 1.1, Max: 1.1, Diff: 0.0, Sum: 4.3]
      [GC Worker End (ms): Min: 107312.6, Avg: 107312.6, Max: 107312.6, Diff: 0.0]
   [Code Root Fixup: 0.0 ms]
   [Code Root Purge: 0.0 ms]
   [Clear CT: 0.0 ms]
   [Other: 0.2 ms]
      [Choose CSet: 0.0 ms]
      [Ref Proc: 0.1 ms]
      [Ref Enq: 0.0 ms]
      [Redirty Cards: 0.0 ms]
      [Humongous Register: 0.0 ms]
      [Humongous Reclaim: 0.0 ms]
      [Free CSet: 0.0 ms]
   [Eden: 0.0B(128.0M)->0.0B(128.0M) Survivors: 0.0B->0.0B Heap: 511.7M(512.0M)->511.7M(512.0M)]
 [Times: user=0.00 sys=0.00, real=0.00 secs] 
2018-06-14T22:54:19.855+0300: 107.313: [GC concurrent-root-region-scan-start]
2018-06-14T22:54:19.855+0300: 107.313: [GC concurrent-root-region-scan-end, 0.0000107 secs]
2018-06-14T22:54:19.855+0300: 107.313: [GC concurrent-mark-start]
2018-06-14T22:54:19.855+0300: 107.313: [Full GC (Allocation Failure)  511M->503M(512M), 1.2400629 secs]
   [Eden: 0.0B(128.0M)->0.0B(128.0M) Survivors: 0.0B->0.0B Heap: 511.7M(512.0M)->503.7M(512.0M)], [Metaspace: 8336K->8336K(1056768K)]
 [Times: user=1.69 sys=0.00, real=1.25 secs] 
2018-06-14T22:54:21.109+0300: 108.553: [GC concurrent-mark-abort]
2018-06-14T22:54:21.111+0300: 108.558: [GC pause (G1 Evacuation Pause) (young) (to-space exhausted), 0.1739693 secs]
   [Parallel Time: 166.2 ms, GC Workers: 4]
      [GC Worker Start (ms): Min: 108558.2, Avg: 108558.2, Max: 108558.2, Diff: 0.1]
      [Ext Root Scanning (ms): Min: 0.2, Avg: 0.2, Max: 0.3, Diff: 0.1, Sum: 0.9]
      [Update RS (ms): Min: 0.0, Avg: 0.8, Max: 1.2, Diff: 1.2, Sum: 3.3]
         [Processed Buffers: Min: 0, Avg: 0.8, Max: 1, Diff: 1, Sum: 3]
      [Scan RS (ms): Min: 0.0, Avg: 0.0, Max: 0.0, Diff: 0.0, Sum: 0.0]
      [Code Root Scanning (ms): Min: 0.0, Avg: 0.0, Max: 0.0, Diff: 0.0, Sum: 0.0]
      [Object Copy (ms): Min: 164.6, Avg: 165.0, Max: 165.8, Diff: 1.2, Sum: 660.1]
      [Termination (ms): Min: 0.0, Avg: 0.0, Max: 0.0, Diff: 0.0, Sum: 0.0]
         [Termination Attempts: Min: 1, Avg: 1.0, Max: 1, Diff: 0, Sum: 4]
      [GC Worker Other (ms): Min: 0.0, Avg: 0.0, Max: 0.0, Diff: 0.0, Sum: 0.0]
      [GC Worker Total (ms): Min: 166.1, Avg: 166.1, Max: 166.1, Diff: 0.1, Sum: 664.4]
      [GC Worker End (ms): Min: 108724.3, Avg: 108724.3, Max: 108724.3, Diff: 0.0]
   [Code Root Fixup: 0.0 ms]
   [Code Root Purge: 0.0 ms]
   [Clear CT: 0.0 ms]
   [Other: 7.8 ms]
      [Evacuation Failure: 7.5 ms]
      [Choose CSet: 0.0 ms]
      [Ref Proc: 0.1 ms]
      [Ref Enq: 0.0 ms]
      [Redirty Cards: 0.1 ms]
      [Humongous Register: 0.0 ms]
      [Humongous Reclaim: 0.0 ms]
      [Free CSet: 0.1 ms]
   [Eden: 8192.0K(128.0M)->0.0B(128.0M) Survivors: 0.0B->0.0B Heap: 511.7M(512.0M)->511.7M(512.0M)]
 [Times: user=0.17 sys=0.08, real=0.16 secs] 
2018-06-14T22:54:21.276+0300: 108.732: [GC pause (G1 Evacuation Pause) (young) (initial-mark), 0.0013359 secs]
   [Parallel Time: 1.1 ms, GC Workers: 4]
      [GC Worker Start (ms): Min: 108732.4, Avg: 108732.4, Max: 108732.5, Diff: 0.0]
      [Ext Root Scanning (ms): Min: 0.3, Avg: 0.3, Max: 0.3, Diff: 0.0, Sum: 1.3]
      [Update RS (ms): Min: 0.7, Avg: 0.7, Max: 0.7, Diff: 0.0, Sum: 2.8]
         [Processed Buffers: Min: 2, Avg: 2.8, Max: 3, Diff: 1, Sum: 11]
      [Scan RS (ms): Min: 0.0, Avg: 0.0, Max: 0.0, Diff: 0.0, Sum: 0.0]
      [Code Root Scanning (ms): Min: 0.0, Avg: 0.0, Max: 0.0, Diff: 0.0, Sum: 0.0]
      [Object Copy (ms): Min: 0.0, Avg: 0.0, Max: 0.0, Diff: 0.0, Sum: 0.1]
      [Termination (ms): Min: 0.0, Avg: 0.0, Max: 0.0, Diff: 0.0, Sum: 0.0]
         [Termination Attempts: Min: 1, Avg: 1.0, Max: 1, Diff: 0, Sum: 4]
      [GC Worker Other (ms): Min: 0.0, Avg: 0.0, Max: 0.0, Diff: 0.0, Sum: 0.0]
      [GC Worker Total (ms): Min: 1.1, Avg: 1.1, Max: 1.1, Diff: 0.0, Sum: 4.2]
      [GC Worker End (ms): Min: 108733.5, Avg: 108733.5, Max: 108733.5, Diff: 0.0]
   [Code Root Fixup: 0.0 ms]
   [Code Root Purge: 0.0 ms]
   [Clear CT: 0.0 ms]
   [Other: 0.2 ms]
      [Choose CSet: 0.0 ms]
      [Ref Proc: 0.1 ms]
      [Ref Enq: 0.0 ms]
      [Redirty Cards: 0.0 ms]
      [Humongous Register: 0.0 ms]
      [Humongous Reclaim: 0.0 ms]
      [Free CSet: 0.0 ms]
   [Eden: 0.0B(128.0M)->0.0B(128.0M) Survivors: 0.0B->0.0B Heap: 511.7M(512.0M)->511.7M(512.0M)]
 [Times: user=0.00 sys=0.00, real=0.00 secs] 
2018-06-14T22:54:21.276+0300: 108.734: [GC concurrent-root-region-scan-start]
2018-06-14T22:54:21.276+0300: 108.734: [GC concurrent-root-region-scan-end, 0.0000102 secs]
2018-06-14T22:54:21.276+0300: 108.734: [GC concurrent-mark-start]
2018-06-14T22:54:21.276+0300: 108.734: [Full GC (Allocation Failure)  511M->503M(512M), 1.1680988 secs]
   [Eden: 0.0B(128.0M)->0.0B(128.0M) Survivors: 0.0B->0.0B Heap: 511.7M(512.0M)->503.7M(512.0M)], [Metaspace: 8336K->8336K(1056768K)]
 [Times: user=1.63 sys=0.02, real=1.18 secs] 
2018-06-14T22:54:22.454+0300: 109.902: [GC concurrent-mark-abort]
2018-06-14T22:54:22.465+0300: 109.909: [GC pause (G1 Evacuation Pause) (young) (to-space exhausted), 0.1665761 secs]
   [Parallel Time: 157.5 ms, GC Workers: 4]
      [GC Worker Start (ms): Min: 109909.0, Avg: 109909.0, Max: 109909.0, Diff: 0.0]
      [Ext Root Scanning (ms): Min: 0.2, Avg: 0.2, Max: 0.2, Diff: 0.0, Sum: 0.8]
      [Update RS (ms): Min: 0.0, Avg: 0.8, Max: 1.3, Diff: 1.3, Sum: 3.4]
         [Processed Buffers: Min: 0, Avg: 0.8, Max: 1, Diff: 1, Sum: 3]
      [Scan RS (ms): Min: 0.0, Avg: 0.0, Max: 0.0, Diff: 0.0, Sum: 0.0]
      [Code Root Scanning (ms): Min: 0.0, Avg: 0.0, Max: 0.0, Diff: 0.0, Sum: 0.0]
      [Object Copy (ms): Min: 156.0, Avg: 156.4, Max: 157.3, Diff: 1.3, Sum: 625.7]
      [Termination (ms): Min: 0.0, Avg: 0.0, Max: 0.0, Diff: 0.0, Sum: 0.1]
         [Termination Attempts: Min: 1, Avg: 1.0, Max: 1, Diff: 0, Sum: 4]
      [GC Worker Other (ms): Min: 0.0, Avg: 0.0, Max: 0.0, Diff: 0.0, Sum: 0.0]
      [GC Worker Total (ms): Min: 157.5, Avg: 157.5, Max: 157.5, Diff: 0.0, Sum: 630.0]
      [GC Worker End (ms): Min: 110066.5, Avg: 110066.5, Max: 110066.5, Diff: 0.0]
   [Code Root Fixup: 0.0 ms]
   [Code Root Purge: 0.0 ms]
   [Clear CT: 0.0 ms]
   [Other: 9.0 ms]
      [Evacuation Failure: 8.7 ms]
      [Choose CSet: 0.0 ms]
      [Ref Proc: 0.1 ms]
      [Ref Enq: 0.0 ms]
      [Redirty Cards: 0.1 ms]
      [Humongous Register: 0.0 ms]
      [Humongous Reclaim: 0.0 ms]
      [Free CSet: 0.0 ms]
   [Eden: 8192.0K(128.0M)->0.0B(128.0M) Survivors: 0.0B->0.0B Heap: 511.7M(512.0M)->511.7M(512.0M)]
 [Times: user=0.17 sys=0.08, real=0.17 secs] 
2018-06-14T22:54:22.630+0300: 110.076: [GC pause (G1 Evacuation Pause) (young) (initial-mark), 0.0013619 secs]
   [Parallel Time: 1.1 ms, GC Workers: 4]
      [GC Worker Start (ms): Min: 110075.9, Avg: 110075.9, Max: 110075.9, Diff: 0.0]
      [Ext Root Scanning (ms): Min: 0.4, Avg: 0.4, Max: 0.4, Diff: 0.0, Sum: 1.5]
      [Update RS (ms): Min: 0.7, Avg: 0.7, Max: 0.7, Diff: 0.0, Sum: 2.8]
         [Processed Buffers: Min: 1, Avg: 2.8, Max: 4, Diff: 3, Sum: 11]
      [Scan RS (ms): Min: 0.0, Avg: 0.0, Max: 0.0, Diff: 0.0, Sum: 0.0]
      [Code Root Scanning (ms): Min: 0.0, Avg: 0.0, Max: 0.0, Diff: 0.0, Sum: 0.0]
      [Object Copy (ms): Min: 0.0, Avg: 0.0, Max: 0.0, Diff: 0.0, Sum: 0.1]
      [Termination (ms): Min: 0.0, Avg: 0.0, Max: 0.0, Diff: 0.0, Sum: 0.0]
         [Termination Attempts: Min: 1, Avg: 1.0, Max: 1, Diff: 0, Sum: 4]
      [GC Worker Other (ms): Min: 0.0, Avg: 0.0, Max: 0.0, Diff: 0.0, Sum: 0.0]
      [GC Worker Total (ms): Min: 1.1, Avg: 1.1, Max: 1.1, Diff: 0.0, Sum: 4.4]
      [GC Worker End (ms): Min: 110077.0, Avg: 110077.0, Max: 110077.0, Diff: 0.0]
   [Code Root Fixup: 0.0 ms]
   [Code Root Purge: 0.0 ms]
   [Clear CT: 0.0 ms]
   [Other: 0.2 ms]
      [Choose CSet: 0.0 ms]
      [Ref Proc: 0.1 ms]
      [Ref Enq: 0.0 ms]
      [Redirty Cards: 0.0 ms]
      [Humongous Register: 0.0 ms]
      [Humongous Reclaim: 0.0 ms]
      [Free CSet: 0.0 ms]
   [Eden: 0.0B(128.0M)->0.0B(128.0M) Survivors: 0.0B->0.0B Heap: 511.7M(512.0M)->511.7M(512.0M)]
 [Times: user=0.00 sys=0.00, real=0.00 secs] 
2018-06-14T22:54:22.630+0300: 110.077: [GC concurrent-root-region-scan-start]
2018-06-14T22:54:22.630+0300: 110.077: [GC concurrent-root-region-scan-end, 0.0000107 secs]
2018-06-14T22:54:22.630+0300: 110.077: [GC concurrent-mark-start]
2018-06-14T22:54:22.630+0300: 110.077: [Full GC (Allocation Failure)  511M->503M(512M), 1.1910420 secs]
   [Eden: 0.0B(128.0M)->0.0B(128.0M) Survivors: 0.0B->0.0B Heap: 511.7M(512.0M)->503.7M(512.0M)], [Metaspace: 8336K->8336K(1056768K)]
 [Times: user=1.70 sys=0.00, real=1.19 secs] 
2018-06-14T22:54:23.818+0300: 111.269: [GC concurrent-mark-abort]
2018-06-14T22:54:23.826+0300: 111.273: [GC pause (G1 Evacuation Pause) (young) (to-space exhausted), 0.1575158 secs]
   [Parallel Time: 149.5 ms, GC Workers: 4]
      [GC Worker Start (ms): Min: 111273.4, Avg: 111273.4, Max: 111273.4, Diff: 0.0]
      [Ext Root Scanning (ms): Min: 0.2, Avg: 0.2, Max: 0.3, Diff: 0.0, Sum: 1.0]
      [Update RS (ms): Min: 0.0, Avg: 0.8, Max: 1.2, Diff: 1.2, Sum: 3.1]
         [Processed Buffers: Min: 1, Avg: 1.0, Max: 1, Diff: 0, Sum: 4]
      [Scan RS (ms): Min: 0.0, Avg: 0.0, Max: 0.0, Diff: 0.0, Sum: 0.0]
      [Code Root Scanning (ms): Min: 0.0, Avg: 0.0, Max: 0.0, Diff: 0.0, Sum: 0.0]
      [Object Copy (ms): Min: 147.9, Avg: 148.4, Max: 149.1, Diff: 1.2, Sum: 593.6]
      [Termination (ms): Min: 0.0, Avg: 0.0, Max: 0.0, Diff: 0.0, Sum: 0.1]
         [Termination Attempts: Min: 1, Avg: 1.0, Max: 1, Diff: 0, Sum: 4]
      [GC Worker Other (ms): Min: 0.0, Avg: 0.0, Max: 0.0, Diff: 0.0, Sum: 0.0]
      [GC Worker Total (ms): Min: 149.4, Avg: 149.4, Max: 149.5, Diff: 0.0, Sum: 597.8]
      [GC Worker End (ms): Min: 111422.8, Avg: 111422.8, Max: 111422.8, Diff: 0.0]
   [Code Root Fixup: 0.0 ms]
   [Code Root Purge: 0.0 ms]
   [Clear CT: 0.0 ms]
   [Other: 8.0 ms]
      [Evacuation Failure: 7.7 ms]
      [Choose CSet: 0.0 ms]
      [Ref Proc: 0.1 ms]
      [Ref Enq: 0.0 ms]
      [Redirty Cards: 0.1 ms]
      [Humongous Register: 0.0 ms]
      [Humongous Reclaim: 0.0 ms]
      [Free CSet: 0.0 ms]
   [Eden: 8192.0K(128.0M)->0.0B(128.0M) Survivors: 0.0B->0.0B Heap: 511.7M(512.0M)->511.7M(512.0M)]
 [Times: user=0.19 sys=0.03, real=0.16 secs] 
2018-06-14T22:54:23.983+0300: 111.431: [GC pause (G1 Evacuation Pause) (young) (initial-mark), 0.0013333 secs]
   [Parallel Time: 1.1 ms, GC Workers: 4]
      [GC Worker Start (ms): Min: 111431.3, Avg: 111431.3, Max: 111431.4, Diff: 0.0]
      [Ext Root Scanning (ms): Min: 0.3, Avg: 0.3, Max: 0.4, Diff: 0.0, Sum: 1.4]
      [Update RS (ms): Min: 0.6, Avg: 0.7, Max: 0.7, Diff: 0.0, Sum: 2.7]
         [Processed Buffers: Min: 1, Avg: 3.0, Max: 4, Diff: 3, Sum: 12]
      [Scan RS (ms): Min: 0.0, Avg: 0.0, Max: 0.0, Diff: 0.0, Sum: 0.0]
      [Code Root Scanning (ms): Min: 0.0, Avg: 0.0, Max: 0.0, Diff: 0.0, Sum: 0.0]
      [Object Copy (ms): Min: 0.0, Avg: 0.0, Max: 0.0, Diff: 0.0, Sum: 0.1]
      [Termination (ms): Min: 0.0, Avg: 0.0, Max: 0.0, Diff: 0.0, Sum: 0.1]
         [Termination Attempts: Min: 1, Avg: 1.0, Max: 1, Diff: 0, Sum: 4]
      [GC Worker Other (ms): Min: 0.0, Avg: 0.0, Max: 0.0, Diff: 0.0, Sum: 0.0]
      [GC Worker Total (ms): Min: 1.0, Avg: 1.0, Max: 1.1, Diff: 0.0, Sum: 4.2]
      [GC Worker End (ms): Min: 111432.4, Avg: 111432.4, Max: 111432.4, Diff: 0.0]
   [Code Root Fixup: 0.0 ms]
   [Code Root Purge: 0.0 ms]
   [Clear CT: 0.1 ms]
   [Other: 0.2 ms]
      [Choose CSet: 0.0 ms]
      [Ref Proc: 0.1 ms]
      [Ref Enq: 0.0 ms]
      [Redirty Cards: 0.0 ms]
      [Humongous Register: 0.0 ms]
      [Humongous Reclaim: 0.0 ms]
      [Free CSet: 0.0 ms]
   [Eden: 0.0B(128.0M)->0.0B(128.0M) Survivors: 0.0B->0.0B Heap: 511.7M(512.0M)->511.7M(512.0M)]
 [Times: user=0.00 sys=0.00, real=0.00 secs] 
2018-06-14T22:54:23.983+0300: 111.433: [GC concurrent-root-region-scan-start]
2018-06-14T22:54:23.983+0300: 111.433: [GC concurrent-root-region-scan-end, 0.0000316 secs]
2018-06-14T22:54:23.983+0300: 111.433: [GC concurrent-mark-start]
2018-06-14T22:54:24.300+0300: 111.748: [Full GC (Allocation Failure)  511M->503M(512M), 1.2094100 secs]
   [Eden: 0.0B(128.0M)->0.0B(128.0M) Survivors: 0.0B->0.0B Heap: 511.7M(512.0M)->503.7M(512.0M)], [Metaspace: 8336K->8336K(1056768K)]
 [Times: user=1.67 sys=0.00, real=1.21 secs] 
2018-06-14T22:54:25.507+0300: 112.957: [GC concurrent-mark-abort]
2018-06-14T22:54:25.517+0300: 112.961: [GC pause (G1 Evacuation Pause) (young) (to-space exhausted), 0.1691049 secs]
   [Parallel Time: 160.1 ms, GC Workers: 4]
      [GC Worker Start (ms): Min: 112961.5, Avg: 112961.5, Max: 112961.5, Diff: 0.0]
      [Ext Root Scanning (ms): Min: 0.2, Avg: 0.2, Max: 0.2, Diff: 0.0, Sum: 0.8]
      [Update RS (ms): Min: 0.0, Avg: 0.8, Max: 1.2, Diff: 1.2, Sum: 3.4]
         [Processed Buffers: Min: 1, Avg: 1.3, Max: 2, Diff: 1, Sum: 5]
      [Scan RS (ms): Min: 0.0, Avg: 0.0, Max: 0.0, Diff: 0.0, Sum: 0.0]
      [Code Root Scanning (ms): Min: 0.0, Avg: 0.0, Max: 0.0, Diff: 0.0, Sum: 0.0]
      [Object Copy (ms): Min: 158.6, Avg: 159.0, Max: 159.8, Diff: 1.2, Sum: 636.1]
      [Termination (ms): Min: 0.0, Avg: 0.0, Max: 0.0, Diff: 0.0, Sum: 0.0]
         [Termination Attempts: Min: 1, Avg: 1.0, Max: 1, Diff: 0, Sum: 4]
      [GC Worker Other (ms): Min: 0.0, Avg: 0.0, Max: 0.0, Diff: 0.0, Sum: 0.0]
      [GC Worker Total (ms): Min: 160.1, Avg: 160.1, Max: 160.1, Diff: 0.0, Sum: 640.3]
      [GC Worker End (ms): Min: 113121.6, Avg: 113121.6, Max: 113121.6, Diff: 0.0]
   [Code Root Fixup: 0.0 ms]
   [Code Root Purge: 0.0 ms]
   [Clear CT: 0.0 ms]
   [Other: 9.0 ms]
      [Evacuation Failure: 8.7 ms]
      [Choose CSet: 0.0 ms]
      [Ref Proc: 0.1 ms]
      [Ref Enq: 0.0 ms]
      [Redirty Cards: 0.0 ms]
      [Humongous Register: 0.0 ms]
      [Humongous Reclaim: 0.0 ms]
      [Free CSet: 0.0 ms]
   [Eden: 8192.0K(128.0M)->0.0B(128.0M) Survivors: 0.0B->0.0B Heap: 511.7M(512.0M)->511.7M(512.0M)]
 [Times: user=0.19 sys=0.06, real=0.16 secs] 
2018-06-14T22:54:25.682+0300: 113.131: [GC pause (G1 Evacuation Pause) (young) (initial-mark), 0.0013065 secs]
   [Parallel Time: 1.1 ms, GC Workers: 4]
      [GC Worker Start (ms): Min: 113130.9, Avg: 113130.9, Max: 113130.9, Diff: 0.0]
      [Ext Root Scanning (ms): Min: 0.3, Avg: 0.3, Max: 0.3, Diff: 0.0, Sum: 1.3]
      [Update RS (ms): Min: 0.7, Avg: 0.7, Max: 0.7, Diff: 0.0, Sum: 2.9]
         [Processed Buffers: Min: 2, Avg: 2.8, Max: 4, Diff: 2, Sum: 11]
      [Scan RS (ms): Min: 0.0, Avg: 0.0, Max: 0.0, Diff: 0.0, Sum: 0.0]
      [Code Root Scanning (ms): Min: 0.0, Avg: 0.0, Max: 0.0, Diff: 0.0, Sum: 0.0]
      [Object Copy (ms): Min: 0.0, Avg: 0.0, Max: 0.0, Diff: 0.0, Sum: 0.1]
      [Termination (ms): Min: 0.0, Avg: 0.0, Max: 0.0, Diff: 0.0, Sum: 0.0]
         [Termination Attempts: Min: 1, Avg: 1.0, Max: 1, Diff: 0, Sum: 4]
      [GC Worker Other (ms): Min: 0.0, Avg: 0.0, Max: 0.0, Diff: 0.0, Sum: 0.1]
      [GC Worker Total (ms): Min: 1.1, Avg: 1.1, Max: 1.1, Diff: 0.0, Sum: 4.3]
      [GC Worker End (ms): Min: 113132.0, Avg: 113132.0, Max: 113132.0, Diff: 0.0]
   [Code Root Fixup: 0.0 ms]
   [Code Root Purge: 0.0 ms]
   [Clear CT: 0.0 ms]
   [Other: 0.2 ms]
      [Choose CSet: 0.0 ms]
      [Ref Proc: 0.1 ms]
      [Ref Enq: 0.0 ms]
      [Redirty Cards: 0.0 ms]
      [Humongous Register: 0.0 ms]
      [Humongous Reclaim: 0.0 ms]
      [Free CSet: 0.0 ms]
   [Eden: 0.0B(128.0M)->0.0B(128.0M) Survivors: 0.0B->0.0B Heap: 511.7M(512.0M)->511.7M(512.0M)]
 [Times: user=0.00 sys=0.00, real=0.00 secs] 
2018-06-14T22:54:25.682+0300: 113.132: [GC concurrent-root-region-scan-start]
2018-06-14T22:54:25.682+0300: 113.132: [GC concurrent-root-region-scan-end, 0.0000098 secs]
2018-06-14T22:54:25.682+0300: 113.132: [GC concurrent-mark-start]
2018-06-14T22:54:25.682+0300: 113.132: [Full GC (Allocation Failure)  511M->503M(512M), 1.2075834 secs]
   [Eden: 0.0B(128.0M)->0.0B(128.0M) Survivors: 0.0B->0.0B Heap: 511.7M(512.0M)->503.7M(512.0M)], [Metaspace: 8336K->8336K(1056768K)]
 [Times: user=1.66 sys=0.02, real=1.21 secs] 
2018-06-14T22:54:26.891+0300: 114.340: [GC concurrent-mark-abort]
2018-06-14T22:54:26.899+0300: 114.346: [GC pause (G1 Evacuation Pause) (young) (to-space exhausted), 0.1680656 secs]
   [Parallel Time: 160.2 ms, GC Workers: 4]
      [GC Worker Start (ms): Min: 114346.6, Avg: 114346.6, Max: 114346.6, Diff: 0.0]
      [Ext Root Scanning (ms): Min: 0.2, Avg: 0.2, Max: 0.2, Diff: 0.0, Sum: 0.7]
      [Update RS (ms): Min: 0.0, Avg: 0.8, Max: 1.3, Diff: 1.3, Sum: 3.3]
         [Processed Buffers: Min: 0, Avg: 0.8, Max: 1, Diff: 1, Sum: 3]
      [Scan RS (ms): Min: 0.0, Avg: 0.0, Max: 0.0, Diff: 0.0, Sum: 0.0]
      [Code Root Scanning (ms): Min: 0.0, Avg: 0.0, Max: 0.0, Diff: 0.0, Sum: 0.0]
      [Object Copy (ms): Min: 158.7, Avg: 159.1, Max: 159.9, Diff: 1.3, Sum: 636.3]
      [Termination (ms): Min: 0.0, Avg: 0.0, Max: 0.0, Diff: 0.0, Sum: 0.0]
         [Termination Attempts: Min: 1, Avg: 1.0, Max: 1, Diff: 0, Sum: 4]
      [GC Worker Other (ms): Min: 0.0, Avg: 0.0, Max: 0.0, Diff: 0.0, Sum: 0.0]
      [GC Worker Total (ms): Min: 160.1, Avg: 160.1, Max: 160.1, Diff: 0.0, Sum: 640.5]
      [GC Worker End (ms): Min: 114506.7, Avg: 114506.7, Max: 114506.7, Diff: 0.0]
   [Code Root Fixup: 0.0 ms]
   [Code Root Purge: 0.0 ms]
   [Clear CT: 0.0 ms]
   [Other: 7.9 ms]
      [Evacuation Failure: 7.6 ms]
      [Choose CSet: 0.0 ms]
      [Ref Proc: 0.1 ms]
      [Ref Enq: 0.0 ms]
      [Redirty Cards: 0.0 ms]
      [Humongous Register: 0.0 ms]
      [Humongous Reclaim: 0.0 ms]
      [Free CSet: 0.0 ms]
   [Eden: 8192.0K(128.0M)->0.0B(128.0M) Survivors: 0.0B->0.0B Heap: 511.7M(512.0M)->511.7M(512.0M)]
 [Times: user=0.13 sys=0.13, real=0.17 secs] 
2018-06-14T22:54:27.072+0300: 114.515: [GC pause (G1 Evacuation Pause) (young) (initial-mark), 0.0013807 secs]
   [Parallel Time: 1.1 ms, GC Workers: 4]
      [GC Worker Start (ms): Min: 114514.9, Avg: 114514.9, Max: 114514.9, Diff: 0.0]
      [Ext Root Scanning (ms): Min: 0.3, Avg: 0.3, Max: 0.3, Diff: 0.0, Sum: 1.3]
      [Update RS (ms): Min: 0.7, Avg: 0.7, Max: 0.7, Diff: 0.0, Sum: 2.8]
         [Processed Buffers: Min: 1, Avg: 2.8, Max: 4, Diff: 3, Sum: 11]
      [Scan RS (ms): Min: 0.0, Avg: 0.0, Max: 0.0, Diff: 0.0, Sum: 0.0]
      [Code Root Scanning (ms): Min: 0.0, Avg: 0.0, Max: 0.0, Diff: 0.0, Sum: 0.0]
      [Object Copy (ms): Min: 0.0, Avg: 0.0, Max: 0.0, Diff: 0.0, Sum: 0.1]
      [Termination (ms): Min: 0.0, Avg: 0.0, Max: 0.1, Diff: 0.0, Sum: 0.1]
         [Termination Attempts: Min: 1, Avg: 1.0, Max: 1, Diff: 0, Sum: 4]
      [GC Worker Other (ms): Min: 0.0, Avg: 0.0, Max: 0.0, Diff: 0.0, Sum: 0.0]
      [GC Worker Total (ms): Min: 1.1, Avg: 1.1, Max: 1.1, Diff: 0.0, Sum: 4.3]
      [GC Worker End (ms): Min: 114516.0, Avg: 114516.0, Max: 114516.0, Diff: 0.0]
   [Code Root Fixup: 0.0 ms]
   [Code Root Purge: 0.0 ms]
   [Clear CT: 0.1 ms]
   [Other: 0.2 ms]
      [Choose CSet: 0.0 ms]
      [Ref Proc: 0.1 ms]
      [Ref Enq: 0.0 ms]
      [Redirty Cards: 0.0 ms]
      [Humongous Register: 0.0 ms]
      [Humongous Reclaim: 0.0 ms]
      [Free CSet: 0.0 ms]
   [Eden: 0.0B(128.0M)->0.0B(128.0M) Survivors: 0.0B->0.0B Heap: 511.7M(512.0M)->511.7M(512.0M)]
 [Times: user=0.00 sys=0.00, real=0.00 secs] 
2018-06-14T22:54:27.072+0300: 114.516: [GC concurrent-root-region-scan-start]
2018-06-14T22:54:27.072+0300: 114.516: [GC concurrent-root-region-scan-end, 0.0000247 secs]
2018-06-14T22:54:27.072+0300: 114.516: [GC concurrent-mark-start]
2018-06-14T22:54:27.072+0300: 114.517: [Full GC (Allocation Failure)  511M->503M(512M), 1.1734787 secs]
   [Eden: 0.0B(128.0M)->0.0B(128.0M) Survivors: 0.0B->0.0B Heap: 511.7M(512.0M)->503.7M(512.0M)], [Metaspace: 8336K->8336K(1056768K)]
 [Times: user=1.67 sys=0.00, real=1.17 secs] 
2018-06-14T22:54:28.247+0300: 115.690: [GC concurrent-mark-abort]
2018-06-14T22:54:28.249+0300: 115.697: [GC pause (G1 Evacuation Pause) (young) (to-space exhausted), 0.1684867 secs]
   [Parallel Time: 160.6 ms, GC Workers: 4]
      [GC Worker Start (ms): Min: 115697.1, Avg: 115697.1, Max: 115697.1, Diff: 0.0]
      [Ext Root Scanning (ms): Min: 0.2, Avg: 0.2, Max: 0.2, Diff: 0.0, Sum: 0.8]
      [Update RS (ms): Min: 0.0, Avg: 0.8, Max: 1.3, Diff: 1.3, Sum: 3.3]
         [Processed Buffers: Min: 0, Avg: 0.8, Max: 1, Diff: 1, Sum: 3]
      [Scan RS (ms): Min: 0.0, Avg: 0.0, Max: 0.0, Diff: 0.0, Sum: 0.0]
      [Code Root Scanning (ms): Min: 0.0, Avg: 0.0, Max: 0.0, Diff: 0.0, Sum: 0.0]
      [Object Copy (ms): Min: 159.0, Avg: 159.5, Max: 160.3, Diff: 1.3, Sum: 637.8]
      [Termination (ms): Min: 0.0, Avg: 0.0, Max: 0.0, Diff: 0.0, Sum: 0.0]
         [Termination Attempts: Min: 1, Avg: 1.0, Max: 1, Diff: 0, Sum: 4]
      [GC Worker Other (ms): Min: 0.0, Avg: 0.0, Max: 0.0, Diff: 0.0, Sum: 0.1]
      [GC Worker Total (ms): Min: 160.5, Avg: 160.5, Max: 160.5, Diff: 0.0, Sum: 642.1]
      [GC Worker End (ms): Min: 115857.6, Avg: 115857.7, Max: 115857.7, Diff: 0.0]
   [Code Root Fixup: 0.0 ms]
   [Code Root Purge: 0.0 ms]
   [Clear CT: 0.0 ms]
   [Other: 7.9 ms]
      [Evacuation Failure: 7.6 ms]
      [Choose CSet: 0.0 ms]
      [Ref Proc: 0.1 ms]
      [Ref Enq: 0.0 ms]
      [Redirty Cards: 0.1 ms]
      [Humongous Register: 0.0 ms]
      [Humongous Reclaim: 0.0 ms]
      [Free CSet: 0.0 ms]
   [Eden: 8192.0K(128.0M)->0.0B(128.0M) Survivors: 0.0B->0.0B Heap: 511.7M(512.0M)->511.7M(512.0M)]
 [Times: user=0.20 sys=0.03, real=0.16 secs] 
2018-06-14T22:54:28.413+0300: 115.866: [GC pause (G1 Evacuation Pause) (young) (initial-mark), 0.0013274 secs]
   [Parallel Time: 1.1 ms, GC Workers: 4]
      [GC Worker Start (ms): Min: 115865.8, Avg: 115865.8, Max: 115865.9, Diff: 0.0]
      [Ext Root Scanning (ms): Min: 0.3, Avg: 0.3, Max: 0.3, Diff: 0.0, Sum: 1.3]
      [Update RS (ms): Min: 0.7, Avg: 0.7, Max: 0.7, Diff: 0.0, Sum: 2.8]
         [Processed Buffers: Min: 1, Avg: 2.8, Max: 4, Diff: 3, Sum: 11]
      [Scan RS (ms): Min: 0.0, Avg: 0.0, Max: 0.0, Diff: 0.0, Sum: 0.0]
      [Code Root Scanning (ms): Min: 0.0, Avg: 0.0, Max: 0.0, Diff: 0.0, Sum: 0.0]
      [Object Copy (ms): Min: 0.0, Avg: 0.0, Max: 0.0, Diff: 0.0, Sum: 0.1]
      [Termination (ms): Min: 0.0, Avg: 0.0, Max: 0.0, Diff: 0.0, Sum: 0.0]
         [Termination Attempts: Min: 1, Avg: 1.0, Max: 1, Diff: 0, Sum: 4]
      [GC Worker Other (ms): Min: 0.0, Avg: 0.0, Max: 0.0, Diff: 0.0, Sum: 0.0]
      [GC Worker Total (ms): Min: 1.1, Avg: 1.1, Max: 1.1, Diff: 0.0, Sum: 4.3]
      [GC Worker End (ms): Min: 115866.9, Avg: 115866.9, Max: 115866.9, Diff: 0.0]
   [Code Root Fixup: 0.0 ms]
   [Code Root Purge: 0.0 ms]
   [Clear CT: 0.0 ms]
   [Other: 0.2 ms]
      [Choose CSet: 0.0 ms]
      [Ref Proc: 0.1 ms]
      [Ref Enq: 0.0 ms]
      [Redirty Cards: 0.0 ms]
      [Humongous Register: 0.0 ms]
      [Humongous Reclaim: 0.0 ms]
      [Free CSet: 0.0 ms]
   [Eden: 0.0B(128.0M)->0.0B(128.0M) Survivors: 0.0B->0.0B Heap: 511.7M(512.0M)->511.7M(512.0M)]
 [Times: user=0.00 sys=0.00, real=0.00 secs] 
2018-06-14T22:54:28.413+0300: 115.867: [GC concurrent-root-region-scan-start]
2018-06-14T22:54:28.413+0300: 115.867: [GC concurrent-root-region-scan-end, 0.0000115 secs]
2018-06-14T22:54:28.413+0300: 115.867: [GC concurrent-mark-start]
2018-06-14T22:54:28.698+0300: 116.151: [Full GC (Allocation Failure)  511M->503M(512M), 1.1465155 secs]
   [Eden: 0.0B(128.0M)->0.0B(128.0M) Survivors: 0.0B->0.0B Heap: 511.7M(512.0M)->503.7M(512.0M)], [Metaspace: 8336K->8336K(1056768K)]
 [Times: user=1.67 sys=0.00, real=1.15 secs] 
2018-06-14T22:54:29.846+0300: 117.297: [GC concurrent-mark-abort]
2018-06-14T22:54:29.856+0300: 117.302: [GC pause (G1 Evacuation Pause) (young) (to-space exhausted), 0.1577138 secs]
   [Parallel Time: 150.1 ms, GC Workers: 4]
      [GC Worker Start (ms): Min: 117302.0, Avg: 117302.1, Max: 117302.1, Diff: 0.0]
      [Ext Root Scanning (ms): Min: 0.2, Avg: 0.2, Max: 0.2, Diff: 0.0, Sum: 0.9]
      [Update RS (ms): Min: 0.0, Avg: 0.8, Max: 1.3, Diff: 1.3, Sum: 3.3]
         [Processed Buffers: Min: 1, Avg: 1.0, Max: 1, Diff: 0, Sum: 4]
      [Scan RS (ms): Min: 0.0, Avg: 0.0, Max: 0.0, Diff: 0.0, Sum: 0.0]
      [Code Root Scanning (ms): Min: 0.0, Avg: 0.0, Max: 0.0, Diff: 0.0, Sum: 0.0]
      [Object Copy (ms): Min: 148.5, Avg: 149.0, Max: 149.8, Diff: 1.3, Sum: 595.9]
      [Termination (ms): Min: 0.0, Avg: 0.0, Max: 0.0, Diff: 0.0, Sum: 0.0]
         [Termination Attempts: Min: 1, Avg: 1.0, Max: 1, Diff: 0, Sum: 4]
      [GC Worker Other (ms): Min: 0.0, Avg: 0.0, Max: 0.0, Diff: 0.0, Sum: 0.0]
      [GC Worker Total (ms): Min: 150.0, Avg: 150.0, Max: 150.0, Diff: 0.0, Sum: 600.1]
      [GC Worker End (ms): Min: 117452.1, Avg: 117452.1, Max: 117452.1, Diff: 0.0]
   [Code Root Fixup: 0.0 ms]
   [Code Root Purge: 0.0 ms]
   [Clear CT: 0.0 ms]
   [Other: 7.6 ms]
      [Evacuation Failure: 7.3 ms]
      [Choose CSet: 0.0 ms]
      [Ref Proc: 0.1 ms]
      [Ref Enq: 0.0 ms]
      [Redirty Cards: 0.0 ms]
      [Humongous Register: 0.0 ms]
      [Humongous Reclaim: 0.0 ms]
      [Free CSet: 0.0 ms]
   [Eden: 8192.0K(128.0M)->0.0B(128.0M) Survivors: 0.0B->0.0B Heap: 511.7M(512.0M)->511.7M(512.0M)]
 [Times: user=0.11 sys=0.06, real=0.15 secs] 
2018-06-14T22:54:30.006+0300: 117.460: [GC pause (G1 Evacuation Pause) (young) (initial-mark), 0.0017643 secs]
   [Parallel Time: 1.4 ms, GC Workers: 4]
      [GC Worker Start (ms): Min: 117460.0, Avg: 117460.0, Max: 117460.0, Diff: 0.0]
      [Ext Root Scanning (ms): Min: 0.4, Avg: 0.4, Max: 0.4, Diff: 0.0, Sum: 1.6]
      [Update RS (ms): Min: 0.8, Avg: 0.9, Max: 0.9, Diff: 0.1, Sum: 3.5]
         [Processed Buffers: Min: 1, Avg: 3.0, Max: 5, Diff: 4, Sum: 12]
      [Scan RS (ms): Min: 0.0, Avg: 0.0, Max: 0.0, Diff: 0.0, Sum: 0.0]
      [Code Root Scanning (ms): Min: 0.0, Avg: 0.0, Max: 0.0, Diff: 0.0, Sum: 0.0]
      [Object Copy (ms): Min: 0.0, Avg: 0.0, Max: 0.0, Diff: 0.0, Sum: 0.1]
      [Termination (ms): Min: 0.0, Avg: 0.1, Max: 0.1, Diff: 0.1, Sum: 0.3]
         [Termination Attempts: Min: 1, Avg: 1.0, Max: 1, Diff: 0, Sum: 4]
      [GC Worker Other (ms): Min: 0.0, Avg: 0.0, Max: 0.0, Diff: 0.0, Sum: 0.0]
      [GC Worker Total (ms): Min: 1.3, Avg: 1.4, Max: 1.4, Diff: 0.0, Sum: 5.4]
      [GC Worker End (ms): Min: 117461.3, Avg: 117461.3, Max: 117461.3, Diff: 0.0]
   [Code Root Fixup: 0.0 ms]
   [Code Root Purge: 0.0 ms]
   [Clear CT: 0.0 ms]
   [Other: 0.3 ms]
      [Choose CSet: 0.0 ms]
      [Ref Proc: 0.1 ms]
      [Ref Enq: 0.0 ms]
      [Redirty Cards: 0.1 ms]
      [Humongous Register: 0.0 ms]
      [Humongous Reclaim: 0.0 ms]
      [Free CSet: 0.0 ms]
   [Eden: 0.0B(128.0M)->0.0B(128.0M) Survivors: 0.0B->0.0B Heap: 511.7M(512.0M)->511.7M(512.0M)]
 [Times: user=0.00 sys=0.00, real=0.00 secs] 
2018-06-14T22:54:30.006+0300: 117.462: [GC concurrent-root-region-scan-start]
2018-06-14T22:54:30.006+0300: 117.462: [GC concurrent-root-region-scan-end, 0.0000149 secs]
2018-06-14T22:54:30.006+0300: 117.462: [GC concurrent-mark-start]
2018-06-14T22:54:30.006+0300: 117.462: [Full GC (Allocation Failure)  511M->503M(512M), 1.2192685 secs]
   [Eden: 0.0B(128.0M)->0.0B(128.0M) Survivors: 0.0B->0.0B Heap: 511.7M(512.0M)->503.7M(512.0M)], [Metaspace: 8336K->8336K(1056768K)]
 [Times: user=1.69 sys=0.00, real=1.23 secs] 
2018-06-14T22:54:31.238+0300: 118.681: [GC concurrent-mark-abort]
2018-06-14T22:54:31.240+0300: 118.686: [GC pause (G1 Evacuation Pause) (young) (to-space exhausted), 0.1685123 secs]
   [Parallel Time: 160.5 ms, GC Workers: 4]
      [GC Worker Start (ms): Min: 118686.1, Avg: 118686.2, Max: 118686.2, Diff: 0.0]
      [Ext Root Scanning (ms): Min: 0.2, Avg: 0.2, Max: 0.3, Diff: 0.0, Sum: 1.0]
      [Update RS (ms): Min: 0.0, Avg: 0.9, Max: 1.3, Diff: 1.3, Sum: 3.4]
         [Processed Buffers: Min: 1, Avg: 1.3, Max: 2, Diff: 1, Sum: 5]
      [Scan RS (ms): Min: 0.0, Avg: 0.0, Max: 0.0, Diff: 0.0, Sum: 0.0]
      [Code Root Scanning (ms): Min: 0.0, Avg: 0.0, Max: 0.0, Diff: 0.0, Sum: 0.0]
      [Object Copy (ms): Min: 158.9, Avg: 159.4, Max: 160.2, Diff: 1.3, Sum: 637.4]
      [Termination (ms): Min: 0.0, Avg: 0.0, Max: 0.0, Diff: 0.0, Sum: 0.0]
         [Termination Attempts: Min: 1, Avg: 1.0, Max: 1, Diff: 0, Sum: 4]
      [GC Worker Other (ms): Min: 0.0, Avg: 0.0, Max: 0.0, Diff: 0.0, Sum: 0.0]
      [GC Worker Total (ms): Min: 160.5, Avg: 160.5, Max: 160.5, Diff: 0.0, Sum: 641.9]
      [GC Worker End (ms): Min: 118846.6, Avg: 118846.6, Max: 118846.6, Diff: 0.0]
   [Code Root Fixup: 0.0 ms]
   [Code Root Purge: 0.0 ms]
   [Clear CT: 0.0 ms]
   [Other: 7.9 ms]
      [Evacuation Failure: 7.7 ms]
      [Choose CSet: 0.0 ms]
      [Ref Proc: 0.1 ms]
      [Ref Enq: 0.0 ms]
      [Redirty Cards: 0.1 ms]
      [Humongous Register: 0.0 ms]
      [Humongous Reclaim: 0.0 ms]
      [Free CSet: 0.0 ms]
   [Eden: 8192.0K(128.0M)->0.0B(128.0M) Survivors: 0.0B->0.0B Heap: 511.7M(512.0M)->511.7M(512.0M)]
 [Times: user=0.19 sys=0.05, real=0.16 secs] 
2018-06-14T22:54:31.405+0300: 118.855: [GC pause (G1 Evacuation Pause) (young) (initial-mark), 0.0013346 secs]
   [Parallel Time: 1.1 ms, GC Workers: 4]
      [GC Worker Start (ms): Min: 118854.9, Avg: 118854.9, Max: 118854.9, Diff: 0.0]
      [Ext Root Scanning (ms): Min: 0.3, Avg: 0.3, Max: 0.4, Diff: 0.0, Sum: 1.4]
      [Update RS (ms): Min: 0.7, Avg: 0.7, Max: 0.7, Diff: 0.0, Sum: 2.8]
         [Processed Buffers: Min: 1, Avg: 2.8, Max: 4, Diff: 3, Sum: 11]
      [Scan RS (ms): Min: 0.0, Avg: 0.0, Max: 0.0, Diff: 0.0, Sum: 0.0]
      [Code Root Scanning (ms): Min: 0.0, Avg: 0.0, Max: 0.0, Diff: 0.0, Sum: 0.0]
      [Object Copy (ms): Min: 0.0, Avg: 0.0, Max: 0.0, Diff: 0.0, Sum: 0.1]
      [Termination (ms): Min: 0.0, Avg: 0.0, Max: 0.0, Diff: 0.0, Sum: 0.0]
         [Termination Attempts: Min: 1, Avg: 1.0, Max: 1, Diff: 0, Sum: 4]
      [GC Worker Other (ms): Min: 0.0, Avg: 0.0, Max: 0.0, Diff: 0.0, Sum: 0.1]
      [GC Worker Total (ms): Min: 1.1, Avg: 1.1, Max: 1.1, Diff: 0.0, Sum: 4.4]
      [GC Worker End (ms): Min: 118856.0, Avg: 118856.0, Max: 118856.0, Diff: 0.0]
   [Code Root Fixup: 0.0 ms]
   [Code Root Purge: 0.0 ms]
   [Clear CT: 0.0 ms]
   [Other: 0.2 ms]
      [Choose CSet: 0.0 ms]
      [Ref Proc: 0.1 ms]
      [Ref Enq: 0.0 ms]
      [Redirty Cards: 0.0 ms]
      [Humongous Register: 0.0 ms]
      [Humongous Reclaim: 0.0 ms]
      [Free CSet: 0.0 ms]
   [Eden: 0.0B(128.0M)->0.0B(128.0M) Survivors: 0.0B->0.0B Heap: 511.7M(512.0M)->511.7M(512.0M)]
 [Times: user=0.00 sys=0.00, real=0.00 secs] 
2018-06-14T22:54:31.405+0300: 118.856: [GC concurrent-root-region-scan-start]
2018-06-14T22:54:31.405+0300: 118.856: [GC concurrent-root-region-scan-end, 0.0000124 secs]
2018-06-14T22:54:31.405+0300: 118.856: [GC concurrent-mark-start]
2018-06-14T22:54:31.405+0300: 118.856: [Full GC (Allocation Failure)  511M->503M(512M), 1.1587455 secs]
   [Eden: 0.0B(128.0M)->0.0B(128.0M) Survivors: 0.0B->0.0B Heap: 511.7M(512.0M)->503.7M(512.0M)], [Metaspace: 8336K->8336K(1056768K)]
 [Times: user=1.69 sys=0.00, real=1.16 secs] 
2018-06-14T22:54:32.569+0300: 120.015: [GC concurrent-mark-abort]
2018-06-14T22:54:32.569+0300: 120.020: [GC pause (G1 Evacuation Pause) (young) (to-space exhausted), 0.1685797 secs]
   [Parallel Time: 160.0 ms, GC Workers: 4]
      [GC Worker Start (ms): Min: 120019.8, Avg: 120019.8, Max: 120019.8, Diff: 0.0]
      [Ext Root Scanning (ms): Min: 0.2, Avg: 0.2, Max: 0.2, Diff: 0.0, Sum: 0.8]
      [Update RS (ms): Min: 0.0, Avg: 0.9, Max: 1.4, Diff: 1.4, Sum: 3.6]
         [Processed Buffers: Min: 0, Avg: 0.8, Max: 1, Diff: 1, Sum: 3]
      [Scan RS (ms): Min: 0.0, Avg: 0.0, Max: 0.0, Diff: 0.0, Sum: 0.0]
      [Code Root Scanning (ms): Min: 0.0, Avg: 0.0, Max: 0.0, Diff: 0.0, Sum: 0.0]
      [Object Copy (ms): Min: 158.4, Avg: 158.8, Max: 159.8, Diff: 1.4, Sum: 635.4]
      [Termination (ms): Min: 0.0, Avg: 0.0, Max: 0.0, Diff: 0.0, Sum: 0.0]
         [Termination Attempts: Min: 1, Avg: 1.3, Max: 2, Diff: 1, Sum: 5]
      [GC Worker Other (ms): Min: 0.0, Avg: 0.0, Max: 0.0, Diff: 0.0, Sum: 0.0]
      [GC Worker Total (ms): Min: 160.0, Avg: 160.0, Max: 160.0, Diff: 0.0, Sum: 639.9]
      [GC Worker End (ms): Min: 120179.8, Avg: 120179.8, Max: 120179.8, Diff: 0.0]
   [Code Root Fixup: 0.0 ms]
   [Code Root Purge: 0.0 ms]
   [Clear CT: 0.0 ms]
   [Other: 8.5 ms]
      [Evacuation Failure: 8.3 ms]
      [Choose CSet: 0.0 ms]
      [Ref Proc: 0.1 ms]
      [Ref Enq: 0.0 ms]
      [Redirty Cards: 0.1 ms]
      [Humongous Register: 0.0 ms]
      [Humongous Reclaim: 0.0 ms]
      [Free CSet: 0.0 ms]
   [Eden: 8192.0K(128.0M)->0.0B(128.0M) Survivors: 0.0B->0.0B Heap: 511.7M(512.0M)->511.7M(512.0M)]
 [Times: user=0.22 sys=0.03, real=0.17 secs] 
2018-06-14T22:54:32.744+0300: 120.189: [GC pause (G1 Evacuation Pause) (young) (initial-mark), 0.0013380 secs]
   [Parallel Time: 1.1 ms, GC Workers: 4]
      [GC Worker Start (ms): Min: 120188.7, Avg: 120188.7, Max: 120188.7, Diff: 0.0]
      [Ext Root Scanning (ms): Min: 0.3, Avg: 0.3, Max: 0.3, Diff: 0.0, Sum: 1.3]
      [Update RS (ms): Min: 0.7, Avg: 0.7, Max: 0.7, Diff: 0.0, Sum: 2.9]
         [Processed Buffers: Min: 2, Avg: 2.8, Max: 4, Diff: 2, Sum: 11]
      [Scan RS (ms): Min: 0.0, Avg: 0.0, Max: 0.0, Diff: 0.0, Sum: 0.0]
      [Code Root Scanning (ms): Min: 0.0, Avg: 0.0, Max: 0.0, Diff: 0.0, Sum: 0.0]
      [Object Copy (ms): Min: 0.0, Avg: 0.0, Max: 0.0, Diff: 0.0, Sum: 0.1]
      [Termination (ms): Min: 0.0, Avg: 0.0, Max: 0.0, Diff: 0.0, Sum: 0.0]
         [Termination Attempts: Min: 1, Avg: 1.0, Max: 1, Diff: 0, Sum: 4]
      [GC Worker Other (ms): Min: 0.0, Avg: 0.0, Max: 0.0, Diff: 0.0, Sum: 0.0]
      [GC Worker Total (ms): Min: 1.1, Avg: 1.1, Max: 1.1, Diff: 0.0, Sum: 4.3]
      [GC Worker End (ms): Min: 120189.7, Avg: 120189.7, Max: 120189.7, Diff: 0.0]
   [Code Root Fixup: 0.0 ms]
   [Code Root Purge: 0.0 ms]
   [Clear CT: 0.0 ms]
   [Other: 0.2 ms]
      [Choose CSet: 0.0 ms]
      [Ref Proc: 0.1 ms]
      [Ref Enq: 0.0 ms]
      [Redirty Cards: 0.0 ms]
      [Humongous Register: 0.0 ms]
      [Humongous Reclaim: 0.0 ms]
      [Free CSet: 0.0 ms]
   [Eden: 0.0B(128.0M)->0.0B(128.0M) Survivors: 0.0B->0.0B Heap: 511.7M(512.0M)->511.7M(512.0M)]
 [Times: user=0.00 sys=0.00, real=0.00 secs] 
2018-06-14T22:54:32.744+0300: 120.190: [GC concurrent-root-region-scan-start]
2018-06-14T22:54:32.744+0300: 120.190: [GC concurrent-root-region-scan-end, 0.0000124 secs]
2018-06-14T22:54:32.744+0300: 120.190: [GC concurrent-mark-start]
2018-06-14T22:54:32.744+0300: 120.190: [Full GC (Allocation Failure)  511M->503M(512M), 1.1672344 secs]
   [Eden: 0.0B(128.0M)->0.0B(128.0M) Survivors: 0.0B->0.0B Heap: 511.7M(512.0M)->503.7M(512.0M)], [Metaspace: 8336K->8336K(1056768K)]
 [Times: user=1.61 sys=0.00, real=1.16 secs] 
2018-06-14T22:54:33.907+0300: 121.357: [GC concurrent-mark-abort]
2018-06-14T22:54:33.915+0300: 121.362: [GC pause (G1 Evacuation Pause) (young) (to-space exhausted), 0.1674034 secs]
   [Parallel Time: 159.7 ms, GC Workers: 4]
      [GC Worker Start (ms): Min: 121362.1, Avg: 121362.1, Max: 121362.2, Diff: 0.0]
      [Ext Root Scanning (ms): Min: 0.2, Avg: 0.2, Max: 0.2, Diff: 0.0, Sum: 0.8]
      [Update RS (ms): Min: 0.0, Avg: 0.8, Max: 1.3, Diff: 1.3, Sum: 3.3]
         [Processed Buffers: Min: 0, Avg: 0.8, Max: 1, Diff: 1, Sum: 3]
      [Scan RS (ms): Min: 0.0, Avg: 0.0, Max: 0.0, Diff: 0.0, Sum: 0.0]
      [Code Root Scanning (ms): Min: 0.0, Avg: 0.0, Max: 0.0, Diff: 0.0, Sum: 0.0]
      [Object Copy (ms): Min: 158.1, Avg: 158.5, Max: 159.4, Diff: 1.3, Sum: 634.2]
      [Termination (ms): Min: 0.0, Avg: 0.0, Max: 0.0, Diff: 0.0, Sum: 0.0]
         [Termination Attempts: Min: 1, Avg: 1.0, Max: 1, Diff: 0, Sum: 4]
      [GC Worker Other (ms): Min: 0.0, Avg: 0.0, Max: 0.0, Diff: 0.0, Sum: 0.0]
      [GC Worker Total (ms): Min: 159.6, Avg: 159.6, Max: 159.6, Diff: 0.0, Sum: 638.4]
      [GC Worker End (ms): Min: 121521.7, Avg: 121521.8, Max: 121521.8, Diff: 0.0]
   [Code Root Fixup: 0.0 ms]
   [Code Root Purge: 0.0 ms]
   [Clear CT: 0.0 ms]
   [Other: 7.7 ms]
      [Evacuation Failure: 7.4 ms]
      [Choose CSet: 0.0 ms]
      [Ref Proc: 0.1 ms]
      [Ref Enq: 0.0 ms]
      [Redirty Cards: 0.1 ms]
      [Humongous Register: 0.0 ms]
      [Humongous Reclaim: 0.0 ms]
      [Free CSet: 0.0 ms]
   [Eden: 8192.0K(128.0M)->0.0B(128.0M) Survivors: 0.0B->0.0B Heap: 511.7M(512.0M)->511.7M(512.0M)]
 [Times: user=0.13 sys=0.08, real=0.16 secs] 
2018-06-14T22:54:34.072+0300: 121.530: [GC pause (G1 Evacuation Pause) (young) (initial-mark), 0.0014473 secs]
   [Parallel Time: 1.1 ms, GC Workers: 4]
      [GC Worker Start (ms): Min: 121529.8, Avg: 121529.8, Max: 121529.8, Diff: 0.0]
      [Ext Root Scanning (ms): Min: 0.3, Avg: 0.4, Max: 0.4, Diff: 0.0, Sum: 1.4]
      [Update RS (ms): Min: 0.7, Avg: 0.7, Max: 0.8, Diff: 0.0, Sum: 2.9]
         [Processed Buffers: Min: 1, Avg: 2.8, Max: 4, Diff: 3, Sum: 11]
      [Scan RS (ms): Min: 0.0, Avg: 0.0, Max: 0.0, Diff: 0.0, Sum: 0.0]
      [Code Root Scanning (ms): Min: 0.0, Avg: 0.0, Max: 0.0, Diff: 0.0, Sum: 0.0]
      [Object Copy (ms): Min: 0.0, Avg: 0.0, Max: 0.0, Diff: 0.0, Sum: 0.1]
      [Termination (ms): Min: 0.0, Avg: 0.0, Max: 0.0, Diff: 0.0, Sum: 0.1]
         [Termination Attempts: Min: 1, Avg: 1.0, Max: 1, Diff: 0, Sum: 4]
      [GC Worker Other (ms): Min: 0.0, Avg: 0.0, Max: 0.0, Diff: 0.0, Sum: 0.0]
      [GC Worker Total (ms): Min: 1.1, Avg: 1.1, Max: 1.1, Diff: 0.0, Sum: 4.5]
      [GC Worker End (ms): Min: 121530.9, Avg: 121530.9, Max: 121530.9, Diff: 0.0]
   [Code Root Fixup: 0.0 ms]
   [Code Root Purge: 0.0 ms]
   [Clear CT: 0.1 ms]
   [Other: 0.2 ms]
      [Choose CSet: 0.0 ms]
      [Ref Proc: 0.1 ms]
      [Ref Enq: 0.0 ms]
      [Redirty Cards: 0.0 ms]
      [Humongous Register: 0.0 ms]
      [Humongous Reclaim: 0.0 ms]
      [Free CSet: 0.0 ms]
   [Eden: 0.0B(128.0M)->0.0B(128.0M) Survivors: 0.0B->0.0B Heap: 511.7M(512.0M)->511.7M(512.0M)]
 [Times: user=0.00 sys=0.00, real=0.02 secs] 
2018-06-14T22:54:34.088+0300: 121.531: [GC concurrent-root-region-scan-start]
2018-06-14T22:54:34.088+0300: 121.531: [GC concurrent-root-region-scan-end, 0.0000162 secs]
2018-06-14T22:54:34.088+0300: 121.531: [GC concurrent-mark-start]
2018-06-14T22:54:34.389+0300: 121.832: [Full GC (Allocation Failure)  511M->503M(512M), 1.1890849 secs]
   [Eden: 0.0B(128.0M)->0.0B(128.0M) Survivors: 0.0B->0.0B Heap: 511.7M(512.0M)->503.7M(512.0M)], [Metaspace: 8336K->8336K(1056768K)]
 [Times: user=1.69 sys=0.00, real=1.19 secs] 
2018-06-14T22:54:35.577+0300: 123.021: [GC concurrent-mark-abort]
2018-06-14T22:54:35.577+0300: 123.028: [GC pause (G1 Evacuation Pause) (young) (to-space exhausted), 0.1611391 secs]
   [Parallel Time: 152.8 ms, GC Workers: 4]
      [GC Worker Start (ms): Min: 123027.7, Avg: 123027.8, Max: 123028.0, Diff: 0.3]
      [Ext Root Scanning (ms): Min: 0.0, Avg: 0.2, Max: 0.2, Diff: 0.2, Sum: 0.7]
      [Update RS (ms): Min: 0.0, Avg: 0.8, Max: 1.2, Diff: 1.2, Sum: 3.0]
         [Processed Buffers: Min: 0, Avg: 1.0, Max: 2, Diff: 2, Sum: 4]
      [Scan RS (ms): Min: 0.0, Avg: 0.0, Max: 0.0, Diff: 0.0, Sum: 0.0]
      [Code Root Scanning (ms): Min: 0.0, Avg: 0.0, Max: 0.0, Diff: 0.0, Sum: 0.0]
      [Object Copy (ms): Min: 151.3, Avg: 151.7, Max: 152.4, Diff: 1.1, Sum: 606.7]
      [Termination (ms): Min: 0.0, Avg: 0.0, Max: 0.0, Diff: 0.0, Sum: 0.0]
         [Termination Attempts: Min: 1, Avg: 1.0, Max: 1, Diff: 0, Sum: 4]
      [GC Worker Other (ms): Min: 0.0, Avg: 0.0, Max: 0.0, Diff: 0.0, Sum: 0.0]
      [GC Worker Total (ms): Min: 152.4, Avg: 152.6, Max: 152.7, Diff: 0.3, Sum: 610.5]
      [GC Worker End (ms): Min: 123180.4, Avg: 123180.4, Max: 123180.4, Diff: 0.0]
   [Code Root Fixup: 0.0 ms]
   [Code Root Purge: 0.0 ms]
   [Clear CT: 0.0 ms]
   [Other: 8.4 ms]
      [Evacuation Failure: 8.0 ms]
      [Choose CSet: 0.0 ms]
      [Ref Proc: 0.1 ms]
      [Ref Enq: 0.0 ms]
      [Redirty Cards: 0.1 ms]
      [Humongous Register: 0.1 ms]
      [Humongous Reclaim: 0.0 ms]
      [Free CSet: 0.0 ms]
   [Eden: 8192.0K(128.0M)->0.0B(128.0M) Survivors: 0.0B->0.0B Heap: 511.7M(512.0M)->511.7M(512.0M)]
 [Times: user=0.19 sys=0.05, real=0.16 secs] 
2018-06-14T22:54:35.736+0300: 123.189: [GC pause (G1 Evacuation Pause) (young) (initial-mark), 0.0013257 secs]
   [Parallel Time: 1.1 ms, GC Workers: 4]
      [GC Worker Start (ms): Min: 123189.1, Avg: 123189.1, Max: 123189.1, Diff: 0.0]
      [Ext Root Scanning (ms): Min: 0.3, Avg: 0.3, Max: 0.3, Diff: 0.0, Sum: 1.4]
      [Update RS (ms): Min: 0.7, Avg: 0.7, Max: 0.7, Diff: 0.0, Sum: 2.7]
         [Processed Buffers: Min: 1, Avg: 2.8, Max: 5, Diff: 4, Sum: 11]
      [Scan RS (ms): Min: 0.0, Avg: 0.0, Max: 0.0, Diff: 0.0, Sum: 0.0]
      [Code Root Scanning (ms): Min: 0.0, Avg: 0.0, Max: 0.0, Diff: 0.0, Sum: 0.0]
      [Object Copy (ms): Min: 0.0, Avg: 0.0, Max: 0.0, Diff: 0.0, Sum: 0.1]
      [Termination (ms): Min: 0.0, Avg: 0.0, Max: 0.0, Diff: 0.0, Sum: 0.0]
         [Termination Attempts: Min: 1, Avg: 1.0, Max: 1, Diff: 0, Sum: 4]
      [GC Worker Other (ms): Min: 0.0, Avg: 0.0, Max: 0.0, Diff: 0.0, Sum: 0.0]
      [GC Worker Total (ms): Min: 1.0, Avg: 1.0, Max: 1.0, Diff: 0.0, Sum: 4.2]
      [GC Worker End (ms): Min: 123190.1, Avg: 123190.1, Max: 123190.1, Diff: 0.0]
   [Code Root Fixup: 0.0 ms]
   [Code Root Purge: 0.0 ms]
   [Clear CT: 0.0 ms]
   [Other: 0.2 ms]
      [Choose CSet: 0.0 ms]
      [Ref Proc: 0.1 ms]
      [Ref Enq: 0.0 ms]
      [Redirty Cards: 0.0 ms]
      [Humongous Register: 0.0 ms]
      [Humongous Reclaim: 0.0 ms]
      [Free CSet: 0.0 ms]
   [Eden: 0.0B(128.0M)->0.0B(128.0M) Survivors: 0.0B->0.0B Heap: 511.7M(512.0M)->511.7M(512.0M)]
 [Times: user=0.00 sys=0.00, real=0.00 secs] 
2018-06-14T22:54:35.736+0300: 123.191: [GC concurrent-root-region-scan-start]
2018-06-14T22:54:35.736+0300: 123.191: [GC concurrent-root-region-scan-end, 0.0000102 secs]
2018-06-14T22:54:35.736+0300: 123.191: [GC concurrent-mark-start]
2018-06-14T22:54:35.736+0300: 123.191: [Full GC (Allocation Failure)  511M->503M(512M), 1.2031627 secs]
   [Eden: 0.0B(128.0M)->0.0B(128.0M) Survivors: 0.0B->0.0B Heap: 511.7M(512.0M)->503.7M(512.0M)], [Metaspace: 8336K->8336K(1056768K)]
 [Times: user=1.78 sys=0.00, real=1.21 secs] 
2018-06-14T22:54:36.951+0300: 124.394: [GC concurrent-mark-abort]
2018-06-14T22:54:36.951+0300: 124.401: [GC pause (G1 Evacuation Pause) (young) (to-space exhausted), 0.1647371 secs]
   [Parallel Time: 157.1 ms, GC Workers: 4]
      [GC Worker Start (ms): Min: 124401.0, Avg: 124401.1, Max: 124401.4, Diff: 0.4]
      [Ext Root Scanning (ms): Min: 0.0, Avg: 0.2, Max: 0.3, Diff: 0.3, Sum: 0.7]
      [Update RS (ms): Min: 0.0, Avg: 0.9, Max: 1.5, Diff: 1.5, Sum: 3.8]
         [Processed Buffers: Min: 1, Avg: 1.3, Max: 2, Diff: 1, Sum: 5]
      [Scan RS (ms): Min: 0.0, Avg: 0.0, Max: 0.0, Diff: 0.0, Sum: 0.0]
      [Code Root Scanning (ms): Min: 0.0, Avg: 0.0, Max: 0.0, Diff: 0.0, Sum: 0.0]
      [Object Copy (ms): Min: 155.2, Avg: 155.8, Max: 156.6, Diff: 1.3, Sum: 623.1]
      [Termination (ms): Min: 0.0, Avg: 0.0, Max: 0.0, Diff: 0.0, Sum: 0.0]
         [Termination Attempts: Min: 1, Avg: 1.0, Max: 1, Diff: 0, Sum: 4]
      [GC Worker Other (ms): Min: 0.0, Avg: 0.0, Max: 0.0, Diff: 0.0, Sum: 0.0]
      [GC Worker Total (ms): Min: 156.6, Avg: 156.9, Max: 157.1, Diff: 0.4, Sum: 627.8]
      [GC Worker End (ms): Min: 124558.0, Avg: 124558.0, Max: 124558.0, Diff: 0.0]
   [Code Root Fixup: 0.0 ms]
   [Code Root Purge: 0.0 ms]
   [Clear CT: 0.0 ms]
   [Other: 7.6 ms]
      [Evacuation Failure: 7.4 ms]
      [Choose CSet: 0.0 ms]
      [Ref Proc: 0.1 ms]
      [Ref Enq: 0.0 ms]
      [Redirty Cards: 0.0 ms]
      [Humongous Register: 0.0 ms]
      [Humongous Reclaim: 0.0 ms]
      [Free CSet: 0.0 ms]
   [Eden: 8192.0K(128.0M)->0.0B(128.0M) Survivors: 0.0B->0.0B Heap: 511.7M(512.0M)->511.7M(512.0M)]
 [Times: user=0.19 sys=0.09, real=0.16 secs] 
2018-06-14T22:54:37.110+0300: 124.566: [GC pause (G1 Evacuation Pause) (young) (initial-mark), 0.0013257 secs]
   [Parallel Time: 1.1 ms, GC Workers: 4]
      [GC Worker Start (ms): Min: 124566.0, Avg: 124566.0, Max: 124566.0, Diff: 0.0]
      [Ext Root Scanning (ms): Min: 0.3, Avg: 0.3, Max: 0.3, Diff: 0.0, Sum: 1.2]
      [Update RS (ms): Min: 0.7, Avg: 0.7, Max: 0.7, Diff: 0.0, Sum: 2.9]
         [Processed Buffers: Min: 1, Avg: 2.8, Max: 5, Diff: 4, Sum: 11]
      [Scan RS (ms): Min: 0.0, Avg: 0.0, Max: 0.0, Diff: 0.0, Sum: 0.0]
      [Code Root Scanning (ms): Min: 0.0, Avg: 0.0, Max: 0.0, Diff: 0.0, Sum: 0.0]
      [Object Copy (ms): Min: 0.0, Avg: 0.0, Max: 0.0, Diff: 0.0, Sum: 0.1]
      [Termination (ms): Min: 0.0, Avg: 0.0, Max: 0.0, Diff: 0.0, Sum: 0.1]
         [Termination Attempts: Min: 1, Avg: 1.0, Max: 1, Diff: 0, Sum: 4]
      [GC Worker Other (ms): Min: 0.0, Avg: 0.0, Max: 0.0, Diff: 0.0, Sum: 0.0]
      [GC Worker Total (ms): Min: 1.1, Avg: 1.1, Max: 1.1, Diff: 0.0, Sum: 4.3]
      [GC Worker End (ms): Min: 124567.0, Avg: 124567.0, Max: 124567.0, Diff: 0.0]
   [Code Root Fixup: 0.0 ms]
   [Code Root Purge: 0.0 ms]
   [Clear CT: 0.0 ms]
   [Other: 0.2 ms]
      [Choose CSet: 0.0 ms]
      [Ref Proc: 0.1 ms]
      [Ref Enq: 0.0 ms]
      [Redirty Cards: 0.0 ms]
      [Humongous Register: 0.0 ms]
      [Humongous Reclaim: 0.0 ms]
      [Free CSet: 0.0 ms]
   [Eden: 0.0B(128.0M)->0.0B(128.0M) Survivors: 0.0B->0.0B Heap: 511.7M(512.0M)->511.7M(512.0M)]
 [Times: user=0.00 sys=0.00, real=0.00 secs] 
2018-06-14T22:54:37.110+0300: 124.567: [GC concurrent-root-region-scan-start]
2018-06-14T22:54:37.110+0300: 124.567: [GC concurrent-root-region-scan-end, 0.0000098 secs]
2018-06-14T22:54:37.110+0300: 124.567: [GC concurrent-mark-start]
2018-06-14T22:54:37.433+0300: 124.878: [Full GC (Allocation Failure)  511M->503M(512M), 1.2192339 secs]
   [Eden: 0.0B(128.0M)->0.0B(128.0M) Survivors: 0.0B->0.0B Heap: 511.7M(512.0M)->503.7M(512.0M)], [Metaspace: 8336K->8336K(1056768K)]
 [Times: user=1.66 sys=0.02, real=1.22 secs] 
2018-06-14T22:54:38.653+0300: 126.098: [GC concurrent-mark-abort]
2018-06-14T22:54:38.653+0300: 126.104: [GC pause (G1 Evacuation Pause) (young) (to-space exhausted), 0.1700892 secs]
   [Parallel Time: 160.9 ms, GC Workers: 4]
      [GC Worker Start (ms): Min: 126103.6, Avg: 126103.6, Max: 126103.6, Diff: 0.0]
      [Ext Root Scanning (ms): Min: 0.2, Avg: 0.3, Max: 0.3, Diff: 0.0, Sum: 1.0]
      [Update RS (ms): Min: 0.0, Avg: 0.8, Max: 1.3, Diff: 1.3, Sum: 3.4]
         [Processed Buffers: Min: 0, Avg: 0.8, Max: 1, Diff: 1, Sum: 3]
      [Scan RS (ms): Min: 0.0, Avg: 0.0, Max: 0.0, Diff: 0.0, Sum: 0.0]
      [Code Root Scanning (ms): Min: 0.0, Avg: 0.0, Max: 0.0, Diff: 0.0, Sum: 0.0]
      [Object Copy (ms): Min: 159.4, Avg: 159.8, Max: 160.6, Diff: 1.2, Sum: 639.0]
      [Termination (ms): Min: 0.0, Avg: 0.0, Max: 0.0, Diff: 0.0, Sum: 0.0]
         [Termination Attempts: Min: 1, Avg: 1.0, Max: 1, Diff: 0, Sum: 4]
      [GC Worker Other (ms): Min: 0.0, Avg: 0.0, Max: 0.0, Diff: 0.0, Sum: 0.0]
      [GC Worker Total (ms): Min: 160.9, Avg: 160.9, Max: 160.9, Diff: 0.0, Sum: 643.5]
      [GC Worker End (ms): Min: 126264.4, Avg: 126264.4, Max: 126264.4, Diff: 0.0]
   [Code Root Fixup: 0.0 ms]
   [Code Root Purge: 0.0 ms]
   [Clear CT: 0.0 ms]
   [Other: 9.1 ms]
      [Evacuation Failure: 8.9 ms]
      [Choose CSet: 0.0 ms]
      [Ref Proc: 0.1 ms]
      [Ref Enq: 0.0 ms]
      [Redirty Cards: 0.1 ms]
      [Humongous Register: 0.0 ms]
      [Humongous Reclaim: 0.0 ms]
      [Free CSet: 0.0 ms]
   [Eden: 8192.0K(128.0M)->0.0B(128.0M) Survivors: 0.0B->0.0B Heap: 511.7M(512.0M)->511.7M(512.0M)]
 [Times: user=0.23 sys=0.11, real=0.16 secs] 
2018-06-14T22:54:38.818+0300: 126.274: [GC pause (G1 Evacuation Pause) (young) (initial-mark), 0.0014246 secs]
   [Parallel Time: 1.1 ms, GC Workers: 4]
      [GC Worker Start (ms): Min: 126274.0, Avg: 126274.0, Max: 126274.0, Diff: 0.0]
      [Ext Root Scanning (ms): Min: 0.3, Avg: 0.3, Max: 0.3, Diff: 0.0, Sum: 1.4]
      [Update RS (ms): Min: 0.7, Avg: 0.7, Max: 0.7, Diff: 0.1, Sum: 2.8]
         [Processed Buffers: Min: 1, Avg: 2.8, Max: 5, Diff: 4, Sum: 11]
      [Scan RS (ms): Min: 0.0, Avg: 0.0, Max: 0.0, Diff: 0.0, Sum: 0.0]
      [Code Root Scanning (ms): Min: 0.0, Avg: 0.0, Max: 0.0, Diff: 0.0, Sum: 0.0]
      [Object Copy (ms): Min: 0.0, Avg: 0.0, Max: 0.0, Diff: 0.0, Sum: 0.1]
      [Termination (ms): Min: 0.0, Avg: 0.0, Max: 0.1, Diff: 0.1, Sum: 0.1]
         [Termination Attempts: Min: 1, Avg: 1.0, Max: 1, Diff: 0, Sum: 4]
      [GC Worker Other (ms): Min: 0.0, Avg: 0.0, Max: 0.0, Diff: 0.0, Sum: 0.0]
      [GC Worker Total (ms): Min: 1.1, Avg: 1.1, Max: 1.1, Diff: 0.0, Sum: 4.4]
      [GC Worker End (ms): Min: 126275.1, Avg: 126275.1, Max: 126275.1, Diff: 0.0]
   [Code Root Fixup: 0.0 ms]
   [Code Root Purge: 0.0 ms]
   [Clear CT: 0.0 ms]
   [Other: 0.2 ms]
      [Choose CSet: 0.0 ms]
      [Ref Proc: 0.1 ms]
      [Ref Enq: 0.0 ms]
      [Redirty Cards: 0.0 ms]
      [Humongous Register: 0.0 ms]
      [Humongous Reclaim: 0.0 ms]
      [Free CSet: 0.0 ms]
   [Eden: 0.0B(128.0M)->0.0B(128.0M) Survivors: 0.0B->0.0B Heap: 511.7M(512.0M)->511.7M(512.0M)]
 [Times: user=0.00 sys=0.00, real=0.00 secs] 
2018-06-14T22:54:38.818+0300: 126.276: [GC concurrent-root-region-scan-start]
2018-06-14T22:54:38.818+0300: 126.276: [GC concurrent-root-region-scan-end, 0.0000094 secs]
2018-06-14T22:54:38.818+0300: 126.276: [GC concurrent-mark-start]
2018-06-14T22:54:38.818+0300: 126.276: [Full GC (Allocation Failure)  511M->503M(512M), 1.1843173 secs]
   [Eden: 0.0B(128.0M)->0.0B(128.0M) Survivors: 0.0B->0.0B Heap: 511.7M(512.0M)->503.7M(512.0M)], [Metaspace: 8336K->8336K(1056768K)]
 [Times: user=1.66 sys=0.00, real=1.19 secs] 
2018-06-14T22:54:40.011+0300: 127.460: [GC concurrent-mark-abort]
2018-06-14T22:54:40.021+0300: 127.467: [GC pause (G1 Evacuation Pause) (young) (to-space exhausted), 0.1675770 secs]
   [Parallel Time: 159.5 ms, GC Workers: 4]
      [GC Worker Start (ms): Min: 127467.2, Avg: 127467.2, Max: 127467.2, Diff: 0.0]
      [Ext Root Scanning (ms): Min: 0.2, Avg: 0.2, Max: 0.3, Diff: 0.1, Sum: 1.0]
      [Update RS (ms): Min: 0.0, Avg: 0.9, Max: 1.3, Diff: 1.3, Sum: 3.5]
         [Processed Buffers: Min: 0, Avg: 0.8, Max: 1, Diff: 1, Sum: 3]
      [Scan RS (ms): Min: 0.0, Avg: 0.0, Max: 0.0, Diff: 0.0, Sum: 0.0]
      [Code Root Scanning (ms): Min: 0.0, Avg: 0.0, Max: 0.0, Diff: 0.0, Sum: 0.0]
      [Object Copy (ms): Min: 157.9, Avg: 158.3, Max: 159.1, Diff: 1.3, Sum: 633.2]
      [Termination (ms): Min: 0.0, Avg: 0.0, Max: 0.0, Diff: 0.0, Sum: 0.0]
         [Termination Attempts: Min: 1, Avg: 1.0, Max: 1, Diff: 0, Sum: 4]
      [GC Worker Other (ms): Min: 0.0, Avg: 0.0, Max: 0.0, Diff: 0.0, Sum: 0.0]
      [GC Worker Total (ms): Min: 159.4, Avg: 159.4, Max: 159.5, Diff: 0.0, Sum: 637.8]
      [GC Worker End (ms): Min: 127626.6, Avg: 127626.6, Max: 127626.6, Diff: 0.0]
   [Code Root Fixup: 0.0 ms]
   [Code Root Purge: 0.0 ms]
   [Clear CT: 0.1 ms]
   [Other: 8.0 ms]
      [Evacuation Failure: 7.8 ms]
      [Choose CSet: 0.0 ms]
      [Ref Proc: 0.1 ms]
      [Ref Enq: 0.0 ms]
      [Redirty Cards: 0.1 ms]
      [Humongous Register: 0.0 ms]
      [Humongous Reclaim: 0.0 ms]
      [Free CSet: 0.0 ms]
   [Eden: 8192.0K(128.0M)->0.0B(128.0M) Survivors: 0.0B->0.0B Heap: 511.7M(512.0M)->511.7M(512.0M)]
 [Times: user=0.19 sys=0.02, real=0.17 secs] 
2018-06-14T22:54:40.186+0300: 127.635: [GC pause (G1 Evacuation Pause) (young) (initial-mark), 0.0013696 secs]
   [Parallel Time: 1.1 ms, GC Workers: 4]
      [GC Worker Start (ms): Min: 127635.0, Avg: 127635.0, Max: 127635.1, Diff: 0.0]
      [Ext Root Scanning (ms): Min: 0.3, Avg: 0.3, Max: 0.3, Diff: 0.0, Sum: 1.2]
      [Update RS (ms): Min: 0.7, Avg: 0.7, Max: 0.7, Diff: 0.1, Sum: 2.8]
         [Processed Buffers: Min: 1, Avg: 2.8, Max: 4, Diff: 3, Sum: 11]
      [Scan RS (ms): Min: 0.0, Avg: 0.0, Max: 0.0, Diff: 0.0, Sum: 0.0]
      [Code Root Scanning (ms): Min: 0.0, Avg: 0.0, Max: 0.0, Diff: 0.0, Sum: 0.0]
      [Object Copy (ms): Min: 0.0, Avg: 0.0, Max: 0.0, Diff: 0.0, Sum: 0.1]
      [Termination (ms): Min: 0.0, Avg: 0.0, Max: 0.0, Diff: 0.0, Sum: 0.1]
         [Termination Attempts: Min: 1, Avg: 1.0, Max: 1, Diff: 0, Sum: 4]
      [GC Worker Other (ms): Min: 0.0, Avg: 0.0, Max: 0.0, Diff: 0.0, Sum: 0.0]
      [GC Worker Total (ms): Min: 1.0, Avg: 1.1, Max: 1.1, Diff: 0.0, Sum: 4.2]
      [GC Worker End (ms): Min: 127636.1, Avg: 127636.1, Max: 127636.1, Diff: 0.0]
   [Code Root Fixup: 0.0 ms]
   [Code Root Purge: 0.0 ms]
   [Clear CT: 0.0 ms]
   [Other: 0.2 ms]
      [Choose CSet: 0.0 ms]
      [Ref Proc: 0.1 ms]
      [Ref Enq: 0.0 ms]
      [Redirty Cards: 0.0 ms]
      [Humongous Register: 0.0 ms]
      [Humongous Reclaim: 0.0 ms]
      [Free CSet: 0.0 ms]
   [Eden: 0.0B(128.0M)->0.0B(128.0M) Survivors: 0.0B->0.0B Heap: 511.7M(512.0M)->511.7M(512.0M)]
 [Times: user=0.00 sys=0.00, real=0.00 secs] 
2018-06-14T22:54:40.186+0300: 127.637: [GC concurrent-root-region-scan-start]
2018-06-14T22:54:40.186+0300: 127.637: [GC concurrent-root-region-scan-end, 0.0000235 secs]
2018-06-14T22:54:40.186+0300: 127.637: [GC concurrent-mark-start]
2018-06-14T22:54:40.186+0300: 127.637: [Full GC (Allocation Failure)  511M->503M(512M), 1.1613434 secs]
   [Eden: 0.0B(128.0M)->0.0B(128.0M) Survivors: 0.0B->0.0B Heap: 511.7M(512.0M)->503.7M(512.0M)], [Metaspace: 8336K->8336K(1056768K)]
 [Times: user=1.66 sys=0.00, real=1.16 secs] 
2018-06-14T22:54:41.348+0300: 128.798: [GC concurrent-mark-abort]
2018-06-14T22:54:41.356+0300: 128.805: [GC pause (G1 Evacuation Pause) (young) (to-space exhausted), 0.1578525 secs]
   [Parallel Time: 149.8 ms, GC Workers: 4]
      [GC Worker Start (ms): Min: 128804.7, Avg: 128804.7, Max: 128804.7, Diff: 0.0]
      [Ext Root Scanning (ms): Min: 0.2, Avg: 0.2, Max: 0.2, Diff: 0.0, Sum: 0.8]
      [Update RS (ms): Min: 0.0, Avg: 0.8, Max: 1.3, Diff: 1.3, Sum: 3.4]
         [Processed Buffers: Min: 1, Avg: 1.0, Max: 1, Diff: 0, Sum: 4]
      [Scan RS (ms): Min: 0.0, Avg: 0.0, Max: 0.0, Diff: 0.0, Sum: 0.0]
      [Code Root Scanning (ms): Min: 0.0, Avg: 0.0, Max: 0.0, Diff: 0.0, Sum: 0.0]
      [Object Copy (ms): Min: 148.3, Avg: 148.7, Max: 149.5, Diff: 1.3, Sum: 594.9]
      [Termination (ms): Min: 0.0, Avg: 0.0, Max: 0.0, Diff: 0.0, Sum: 0.0]
         [Termination Attempts: Min: 1, Avg: 1.0, Max: 1, Diff: 0, Sum: 4]
      [GC Worker Other (ms): Min: 0.0, Avg: 0.0, Max: 0.0, Diff: 0.0, Sum: 0.0]
      [GC Worker Total (ms): Min: 149.8, Avg: 149.8, Max: 149.8, Diff: 0.0, Sum: 599.1]
      [GC Worker End (ms): Min: 128954.5, Avg: 128954.5, Max: 128954.5, Diff: 0.0]
   [Code Root Fixup: 0.0 ms]
   [Code Root Purge: 0.0 ms]
   [Clear CT: 0.0 ms]
   [Other: 8.0 ms]
      [Evacuation Failure: 7.7 ms]
      [Choose CSet: 0.0 ms]
      [Ref Proc: 0.1 ms]
      [Ref Enq: 0.0 ms]
      [Redirty Cards: 0.1 ms]
      [Humongous Register: 0.0 ms]
      [Humongous Reclaim: 0.0 ms]
      [Free CSet: 0.0 ms]
   [Eden: 8192.0K(128.0M)->0.0B(128.0M) Survivors: 0.0B->0.0B Heap: 511.7M(512.0M)->511.7M(512.0M)]
 [Times: user=0.20 sys=0.03, real=0.16 secs] 
2018-06-14T22:54:41.514+0300: 128.963: [GC pause (G1 Evacuation Pause) (young) (initial-mark), 0.0013598 secs]
   [Parallel Time: 1.1 ms, GC Workers: 4]
      [GC Worker Start (ms): Min: 128962.9, Avg: 128962.9, Max: 128962.9, Diff: 0.0]
      [Ext Root Scanning (ms): Min: 0.3, Avg: 0.3, Max: 0.3, Diff: 0.0, Sum: 1.3]
      [Update RS (ms): Min: 0.6, Avg: 0.7, Max: 0.7, Diff: 0.1, Sum: 2.7]
         [Processed Buffers: Min: 1, Avg: 3.0, Max: 6, Diff: 5, Sum: 12]
      [Scan RS (ms): Min: 0.0, Avg: 0.0, Max: 0.0, Diff: 0.0, Sum: 0.0]
      [Code Root Scanning (ms): Min: 0.0, Avg: 0.0, Max: 0.0, Diff: 0.0, Sum: 0.0]
      [Object Copy (ms): Min: 0.0, Avg: 0.0, Max: 0.0, Diff: 0.0, Sum: 0.1]
      [Termination (ms): Min: 0.0, Avg: 0.0, Max: 0.0, Diff: 0.0, Sum: 0.1]
         [Termination Attempts: Min: 1, Avg: 1.0, Max: 1, Diff: 0, Sum: 4]
      [GC Worker Other (ms): Min: 0.0, Avg: 0.0, Max: 0.0, Diff: 0.0, Sum: 0.0]
      [GC Worker Total (ms): Min: 1.0, Avg: 1.0, Max: 1.0, Diff: 0.0, Sum: 4.1]
      [GC Worker End (ms): Min: 128963.9, Avg: 128963.9, Max: 128963.9, Diff: 0.0]
   [Code Root Fixup: 0.0 ms]
   [Code Root Purge: 0.0 ms]
   [Clear CT: 0.0 ms]
   [Other: 0.2 ms]
      [Choose CSet: 0.0 ms]
      [Ref Proc: 0.1 ms]
      [Ref Enq: 0.0 ms]
      [Redirty Cards: 0.0 ms]
      [Humongous Register: 0.0 ms]
      [Humongous Reclaim: 0.0 ms]
      [Free CSet: 0.0 ms]
   [Eden: 0.0B(128.0M)->0.0B(128.0M) Survivors: 0.0B->0.0B Heap: 511.7M(512.0M)->511.7M(512.0M)]
 [Times: user=0.00 sys=0.00, real=0.00 secs] 
2018-06-14T22:54:41.514+0300: 128.964: [GC concurrent-root-region-scan-start]
2018-06-14T22:54:41.514+0300: 128.964: [GC concurrent-root-region-scan-end, 0.0000102 secs]
2018-06-14T22:54:41.514+0300: 128.964: [GC concurrent-mark-start]
2018-06-14T22:54:41.514+0300: 128.964: [Full GC (Allocation Failure)  511M->503M(512M), 1.2022309 secs]
   [Eden: 0.0B(128.0M)->0.0B(128.0M) Survivors: 0.0B->0.0B Heap: 511.7M(512.0M)->503.7M(512.0M)], [Metaspace: 8336K->8336K(1056768K)]
 [Times: user=1.78 sys=0.00, real=1.21 secs] 
2018-06-14T22:54:42.723+0300: 130.167: [GC concurrent-mark-abort]
2018-06-14T22:54:42.728+0300: 130.172: [GC pause (G1 Evacuation Pause) (young) (to-space exhausted), 0.1683958 secs]
   [Parallel Time: 160.4 ms, GC Workers: 4]
      [GC Worker Start (ms): Min: 130171.8, Avg: 130171.8, Max: 130171.9, Diff: 0.0]
      [Ext Root Scanning (ms): Min: 0.2, Avg: 0.2, Max: 0.2, Diff: 0.0, Sum: 0.9]
      [Update RS (ms): Min: 0.0, Avg: 0.9, Max: 1.3, Diff: 1.3, Sum: 3.5]
         [Processed Buffers: Min: 1, Avg: 1.3, Max: 2, Diff: 1, Sum: 5]
      [Scan RS (ms): Min: 0.0, Avg: 0.0, Max: 0.0, Diff: 0.0, Sum: 0.0]
      [Code Root Scanning (ms): Min: 0.0, Avg: 0.0, Max: 0.0, Diff: 0.0, Sum: 0.0]
      [Object Copy (ms): Min: 158.8, Avg: 159.3, Max: 160.1, Diff: 1.3, Sum: 637.1]
      [Termination (ms): Min: 0.0, Avg: 0.0, Max: 0.0, Diff: 0.0, Sum: 0.0]
         [Termination Attempts: Min: 1, Avg: 1.0, Max: 1, Diff: 0, Sum: 4]
      [GC Worker Other (ms): Min: 0.0, Avg: 0.0, Max: 0.0, Diff: 0.0, Sum: 0.0]
      [GC Worker Total (ms): Min: 160.4, Avg: 160.4, Max: 160.4, Diff: 0.0, Sum: 641.6]
      [GC Worker End (ms): Min: 130332.2, Avg: 130332.2, Max: 130332.2, Diff: 0.0]
   [Code Root Fixup: 0.0 ms]
   [Code Root Purge: 0.0 ms]
   [Clear CT: 0.0 ms]
   [Other: 7.9 ms]
      [Evacuation Failure: 7.6 ms]
      [Choose CSet: 0.0 ms]
      [Ref Proc: 0.1 ms]
      [Ref Enq: 0.0 ms]
      [Redirty Cards: 0.1 ms]
      [Humongous Register: 0.0 ms]
      [Humongous Reclaim: 0.0 ms]
      [Free CSet: 0.0 ms]
   [Eden: 8192.0K(128.0M)->0.0B(128.0M) Survivors: 0.0B->0.0B Heap: 511.7M(512.0M)->511.7M(512.0M)]
 [Times: user=0.16 sys=0.06, real=0.17 secs] 
2018-06-14T22:54:42.897+0300: 130.340: [GC pause (G1 Evacuation Pause) (young) (initial-mark), 0.0012693 secs]
   [Parallel Time: 1.1 ms, GC Workers: 4]
      [GC Worker Start (ms): Min: 130340.5, Avg: 130340.6, Max: 130340.6, Diff: 0.0]
      [Ext Root Scanning (ms): Min: 0.3, Avg: 0.3, Max: 0.3, Diff: 0.0, Sum: 1.3]
      [Update RS (ms): Min: 0.7, Avg: 0.7, Max: 0.7, Diff: 0.0, Sum: 2.8]
         [Processed Buffers: Min: 1, Avg: 2.8, Max: 4, Diff: 3, Sum: 11]
      [Scan RS (ms): Min: 0.0, Avg: 0.0, Max: 0.0, Diff: 0.0, Sum: 0.0]
      [Code Root Scanning (ms): Min: 0.0, Avg: 0.0, Max: 0.0, Diff: 0.0, Sum: 0.0]
      [Object Copy (ms): Min: 0.0, Avg: 0.0, Max: 0.0, Diff: 0.0, Sum: 0.0]
      [Termination (ms): Min: 0.0, Avg: 0.0, Max: 0.0, Diff: 0.0, Sum: 0.0]
         [Termination Attempts: Min: 1, Avg: 1.0, Max: 1, Diff: 0, Sum: 4]
      [GC Worker Other (ms): Min: 0.0, Avg: 0.0, Max: 0.0, Diff: 0.0, Sum: 0.0]
      [GC Worker Total (ms): Min: 1.0, Avg: 1.1, Max: 1.1, Diff: 0.0, Sum: 4.2]
      [GC Worker End (ms): Min: 130341.6, Avg: 130341.6, Max: 130341.6, Diff: 0.0]
   [Code Root Fixup: 0.0 ms]
   [Code Root Purge: 0.0 ms]
   [Clear CT: 0.0 ms]
   [Other: 0.2 ms]
      [Choose CSet: 0.0 ms]
      [Ref Proc: 0.1 ms]
      [Ref Enq: 0.0 ms]
      [Redirty Cards: 0.0 ms]
      [Humongous Register: 0.0 ms]
      [Humongous Reclaim: 0.0 ms]
      [Free CSet: 0.0 ms]
   [Eden: 0.0B(128.0M)->0.0B(128.0M) Survivors: 0.0B->0.0B Heap: 511.7M(512.0M)->511.7M(512.0M)]
 [Times: user=0.00 sys=0.00, real=0.00 secs] 
2018-06-14T22:54:42.897+0300: 130.342: [GC concurrent-root-region-scan-start]
2018-06-14T22:54:42.897+0300: 130.342: [GC concurrent-root-region-scan-end, 0.0000094 secs]
2018-06-14T22:54:42.897+0300: 130.342: [GC concurrent-mark-start]
2018-06-14T22:54:43.198+0300: 130.652: [Full GC (Allocation Failure)  511M->503M(512M), 1.1341678 secs]
   [Eden: 0.0B(128.0M)->0.0B(128.0M) Survivors: 0.0B->0.0B Heap: 511.7M(512.0M)->503.7M(512.0M)], [Metaspace: 8336K->8336K(1056768K)]
 [Times: user=1.66 sys=0.00, real=1.14 secs] 
2018-06-14T22:54:44.342+0300: 131.786: [GC concurrent-mark-abort]
2018-06-14T22:54:44.342+0300: 131.791: [GC pause (G1 Evacuation Pause) (young) (to-space exhausted), 0.1709916 secs]
   [Parallel Time: 163.0 ms, GC Workers: 4]
      [GC Worker Start (ms): Min: 131791.5, Avg: 131791.5, Max: 131791.5, Diff: 0.0]
      [Ext Root Scanning (ms): Min: 0.2, Avg: 0.2, Max: 0.2, Diff: 0.0, Sum: 0.8]
      [Update RS (ms): Min: 0.0, Avg: 0.8, Max: 1.2, Diff: 1.2, Sum: 3.2]
         [Processed Buffers: Min: 0, Avg: 0.8, Max: 1, Diff: 1, Sum: 3]
      [Scan RS (ms): Min: 0.0, Avg: 0.0, Max: 0.0, Diff: 0.0, Sum: 0.0]
      [Code Root Scanning (ms): Min: 0.0, Avg: 0.0, Max: 0.0, Diff: 0.0, Sum: 0.0]
      [Object Copy (ms): Min: 161.5, Avg: 161.9, Max: 162.7, Diff: 1.2, Sum: 647.6]
      [Termination (ms): Min: 0.0, Avg: 0.0, Max: 0.0, Diff: 0.0, Sum: 0.0]
         [Termination Attempts: Min: 1, Avg: 1.0, Max: 1, Diff: 0, Sum: 4]
      [GC Worker Other (ms): Min: 0.0, Avg: 0.0, Max: 0.0, Diff: 0.0, Sum: 0.0]
      [GC Worker Total (ms): Min: 162.9, Avg: 162.9, Max: 162.9, Diff: 0.0, Sum: 651.7]
      [GC Worker End (ms): Min: 131954.4, Avg: 131954.4, Max: 131954.4, Diff: 0.0]
   [Code Root Fixup: 0.0 ms]
   [Code Root Purge: 0.0 ms]
   [Clear CT: 0.0 ms]
   [Other: 8.0 ms]
      [Evacuation Failure: 7.8 ms]
      [Choose CSet: 0.0 ms]
      [Ref Proc: 0.1 ms]
      [Ref Enq: 0.0 ms]
      [Redirty Cards: 0.1 ms]
      [Humongous Register: 0.0 ms]
      [Humongous Reclaim: 0.0 ms]
      [Free CSet: 0.0 ms]
   [Eden: 8192.0K(128.0M)->0.0B(128.0M) Survivors: 0.0B->0.0B Heap: 511.7M(512.0M)->511.7M(512.0M)]
 [Times: user=0.16 sys=0.08, real=0.16 secs] 
2018-06-14T22:54:44.507+0300: 131.963: [GC pause (G1 Evacuation Pause) (young) (initial-mark), 0.0013918 secs]
   [Parallel Time: 1.2 ms, GC Workers: 4]
      [GC Worker Start (ms): Min: 131962.8, Avg: 131962.8, Max: 131962.8, Diff: 0.0]
      [Ext Root Scanning (ms): Min: 0.4, Avg: 0.4, Max: 0.4, Diff: 0.0, Sum: 1.5]
      [Update RS (ms): Min: 0.7, Avg: 0.7, Max: 0.8, Diff: 0.0, Sum: 2.9]
         [Processed Buffers: Min: 1, Avg: 2.8, Max: 4, Diff: 3, Sum: 11]
      [Scan RS (ms): Min: 0.0, Avg: 0.0, Max: 0.0, Diff: 0.0, Sum: 0.0]
      [Code Root Scanning (ms): Min: 0.0, Avg: 0.0, Max: 0.0, Diff: 0.0, Sum: 0.0]
      [Object Copy (ms): Min: 0.0, Avg: 0.0, Max: 0.0, Diff: 0.0, Sum: 0.1]
      [Termination (ms): Min: 0.0, Avg: 0.0, Max: 0.0, Diff: 0.0, Sum: 0.0]
         [Termination Attempts: Min: 1, Avg: 1.0, Max: 1, Diff: 0, Sum: 4]
      [GC Worker Other (ms): Min: 0.0, Avg: 0.0, Max: 0.0, Diff: 0.0, Sum: 0.0]
      [GC Worker Total (ms): Min: 1.1, Avg: 1.1, Max: 1.1, Diff: 0.0, Sum: 4.5]
      [GC Worker End (ms): Min: 131963.9, Avg: 131963.9, Max: 131963.9, Diff: 0.0]
   [Code Root Fixup: 0.0 ms]
   [Code Root Purge: 0.0 ms]
   [Clear CT: 0.0 ms]
   [Other: 0.2 ms]
      [Choose CSet: 0.0 ms]
      [Ref Proc: 0.1 ms]
      [Ref Enq: 0.0 ms]
      [Redirty Cards: 0.1 ms]
      [Humongous Register: 0.0 ms]
      [Humongous Reclaim: 0.0 ms]
      [Free CSet: 0.0 ms]
   [Eden: 0.0B(128.0M)->0.0B(128.0M) Survivors: 0.0B->0.0B Heap: 511.7M(512.0M)->511.7M(512.0M)]
 [Times: user=0.00 sys=0.00, real=0.00 secs] 
2018-06-14T22:54:44.507+0300: 131.964: [GC concurrent-root-region-scan-start]
2018-06-14T22:54:44.507+0300: 131.964: [GC concurrent-root-region-scan-end, 0.0000119 secs]
2018-06-14T22:54:44.507+0300: 131.964: [GC concurrent-mark-start]
2018-06-14T22:54:44.507+0300: 131.964: [Full GC (Allocation Failure)  511M->503M(512M), 1.1920690 secs]
   [Eden: 0.0B(128.0M)->0.0B(128.0M) Survivors: 0.0B->0.0B Heap: 511.7M(512.0M)->503.7M(512.0M)], [Metaspace: 8336K->8336K(1056768K)]
 [Times: user=1.72 sys=0.00, real=1.20 secs] 
2018-06-14T22:54:45.710+0300: 133.157: [GC concurrent-mark-abort]
2018-06-14T22:54:45.718+0300: 133.161: [GC pause (G1 Evacuation Pause) (young) (to-space exhausted), 0.1632395 secs]
   [Parallel Time: 155.4 ms, GC Workers: 4]
      [GC Worker Start (ms): Min: 133161.5, Avg: 133161.6, Max: 133161.6, Diff: 0.1]
      [Ext Root Scanning (ms): Min: 0.1, Avg: 0.2, Max: 0.2, Diff: 0.1, Sum: 0.8]
      [Update RS (ms): Min: 0.0, Avg: 0.9, Max: 1.3, Diff: 1.3, Sum: 3.4]
         [Processed Buffers: Min: 0, Avg: 0.8, Max: 1, Diff: 1, Sum: 3]
      [Scan RS (ms): Min: 0.0, Avg: 0.0, Max: 0.0, Diff: 0.0, Sum: 0.0]
      [Code Root Scanning (ms): Min: 0.0, Avg: 0.0, Max: 0.0, Diff: 0.0, Sum: 0.0]
      [Object Copy (ms): Min: 153.8, Avg: 154.2, Max: 155.1, Diff: 1.3, Sum: 617.0]
      [Termination (ms): Min: 0.0, Avg: 0.0, Max: 0.0, Diff: 0.0, Sum: 0.0]
         [Termination Attempts: Min: 1, Avg: 1.0, Max: 1, Diff: 0, Sum: 4]
      [GC Worker Other (ms): Min: 0.0, Avg: 0.0, Max: 0.0, Diff: 0.0, Sum: 0.0]
      [GC Worker Total (ms): Min: 155.2, Avg: 155.3, Max: 155.4, Diff: 0.1, Sum: 621.3]
      [GC Worker End (ms): Min: 133316.9, Avg: 133316.9, Max: 133316.9, Diff: 0.0]
   [Code Root Fixup: 0.0 ms]
   [Code Root Purge: 0.0 ms]
   [Clear CT: 0.0 ms]
   [Other: 7.8 ms]
      [Evacuation Failure: 7.5 ms]
      [Choose CSet: 0.0 ms]
      [Ref Proc: 0.1 ms]
      [Ref Enq: 0.0 ms]
      [Redirty Cards: 0.1 ms]
      [Humongous Register: 0.0 ms]
      [Humongous Reclaim: 0.0 ms]
      [Free CSet: 0.0 ms]
   [Eden: 8192.0K(128.0M)->0.0B(128.0M) Survivors: 0.0B->0.0B Heap: 511.7M(512.0M)->511.7M(512.0M)]
 [Times: user=0.19 sys=0.09, real=0.16 secs] 
2018-06-14T22:54:45.875+0300: 133.325: [GC pause (G1 Evacuation Pause) (young) (initial-mark), 0.0014229 secs]
   [Parallel Time: 1.2 ms, GC Workers: 4]
      [GC Worker Start (ms): Min: 133325.0, Avg: 133325.1, Max: 133325.1, Diff: 0.0]
      [Ext Root Scanning (ms): Min: 0.3, Avg: 0.3, Max: 0.3, Diff: 0.0, Sum: 1.2]
      [Update RS (ms): Min: 0.7, Avg: 0.7, Max: 0.8, Diff: 0.1, Sum: 2.9]
         [Processed Buffers: Min: 1, Avg: 2.8, Max: 4, Diff: 3, Sum: 11]
      [Scan RS (ms): Min: 0.0, Avg: 0.0, Max: 0.0, Diff: 0.0, Sum: 0.0]
      [Code Root Scanning (ms): Min: 0.0, Avg: 0.0, Max: 0.0, Diff: 0.0, Sum: 0.0]
      [Object Copy (ms): Min: 0.0, Avg: 0.0, Max: 0.0, Diff: 0.0, Sum: 0.1]
      [Termination (ms): Min: 0.0, Avg: 0.1, Max: 0.1, Diff: 0.1, Sum: 0.3]
         [Termination Attempts: Min: 1, Avg: 1.0, Max: 1, Diff: 0, Sum: 4]
      [GC Worker Other (ms): Min: 0.0, Avg: 0.0, Max: 0.0, Diff: 0.0, Sum: 0.0]
      [GC Worker Total (ms): Min: 1.1, Avg: 1.1, Max: 1.2, Diff: 0.0, Sum: 4.5]
      [GC Worker End (ms): Min: 133326.2, Avg: 133326.2, Max: 133326.2, Diff: 0.0]
   [Code Root Fixup: 0.0 ms]
   [Code Root Purge: 0.0 ms]
   [Clear CT: 0.0 ms]
   [Other: 0.2 ms]
      [Choose CSet: 0.0 ms]
      [Ref Proc: 0.1 ms]
      [Ref Enq: 0.0 ms]
      [Redirty Cards: 0.0 ms]
      [Humongous Register: 0.0 ms]
      [Humongous Reclaim: 0.0 ms]
      [Free CSet: 0.0 ms]
   [Eden: 0.0B(128.0M)->0.0B(128.0M) Survivors: 0.0B->0.0B Heap: 511.7M(512.0M)->511.7M(512.0M)]
 [Times: user=0.00 sys=0.00, real=0.00 secs] 
2018-06-14T22:54:45.875+0300: 133.327: [GC concurrent-root-region-scan-start]
2018-06-14T22:54:45.875+0300: 133.327: [GC concurrent-root-region-scan-end, 0.0000265 secs]
2018-06-14T22:54:45.875+0300: 133.327: [GC concurrent-mark-start]
2018-06-14T22:54:46.207+0300: 133.659: [Full GC (Allocation Failure) 